Component: ARM Compiler 5.06 update 7 (build 960) Tool: armlink [4d3601]

==============================================================================

Section Cross References

    startup_stm32f407xx.o(RESET) refers to startup_stm32f407xx.o(STACK) for __initial_sp
    startup_stm32f407xx.o(RESET) refers to startup_stm32f407xx.o(.text) for Reset_Handler
    startup_stm32f407xx.o(RESET) refers to interrupt.o(i.SysTick_Handler) for SysTick_Handler
    startup_stm32f407xx.o(RESET) refers to interrupt.o(i.EXTI3_IRQHandler) for EXTI3_IRQHandler
    startup_stm32f407xx.o(RESET) refers to interrupt.o(i.ADC_IRQHandler) for ADC_IRQHandler
    startup_stm32f407xx.o(RESET) refers to interrupt.o(i.TIM2_IRQHandler) for TIM2_IRQHandler
    startup_stm32f407xx.o(RESET) refers to interrupt.o(i.TIM3_IRQHandler) for TIM3_IRQHandler
    startup_stm32f407xx.o(RESET) refers to interrupt.o(i.TIM4_IRQHandler) for TIM4_IRQHandler
    startup_stm32f407xx.o(RESET) refers to interrupt.o(i.DMA2_Stream0_IRQHandler) for DMA2_Stream0_IRQHandler
    startup_stm32f407xx.o(RESET) refers to interrupt.o(i.DMA2_Stream1_IRQHandler) for DMA2_Stream1_IRQHandler
    startup_stm32f407xx.o(.text) refers to system_stm32f4xx.o(i.SystemInit) for SystemInit
    startup_stm32f407xx.o(.text) refers to entry.o(.ARM.Collect$$$$00000000) for __main
    main.o(i.main) refers to cmsis_my.o(i.Sys_Clock_168MHz) for Sys_Clock_168MHz
    main.o(i.main) refers to cmsis_my.o(i.SysTick_Init) for SysTick_Init
    main.o(i.main) refers to cmsis_my.o(i.GPIOA6_Init) for GPIOA6_Init
    main.o(i.main) refers to cmsis_my.o(i.GPIOA7_Init) for GPIOA7_Init
    main.o(i.main) refers to cmsis_my.o(i.GPIOB1_Init) for GPIOB1_Init
    main.o(i.main) refers to ili9341.o(i.lcdBacklightOn) for lcdBacklightOn
    main.o(i.main) refers to cmsis_my.o(i.FSMC_Init) for FSMC_Init
    main.o(i.main) refers to ili9341.o(i.lcdInit) for lcdInit
    main.o(i.main) refers to ili9341.o(i.lcdSetOrientation) for lcdSetOrientation
    main.o(i.main) refers to ili9341.o(i.lcdFillRGB) for lcdFillRGB
    main.o(i.main) refers to ili9341.o(i.lcdGrid) for lcdGrid
    main.o(i.main) refers to cmsis_my.o(i.TIM4_Init) for TIM4_Init
    main.o(i.main) refers to cmsis_my.o(i.TIM3_Init) for TIM3_Init
    main.o(i.main) refers to cmsis_my.o(i.TIM2_Init) for TIM2_Init
    main.o(i.main) refers to cmsis_my.o(i.Button_K1_Init) for Button_K1_Init
    main.o(i.main) refers to cmsis_my.o(i.DMA_Init) for DMA_Init
    main.o(i.main) refers to cmsis_my.o(i.ADC3_Init) for ADC3_Init
    main.o(i.main) refers to cmsis_my.o(i.ADC1_2_Dual_Init) for ADC1_2_Dual_Init
    main.o(i.main) refers to ili9341.o(i.lcdSetCursor) for lcdSetCursor
    main.o(i.main) refers to ili9341.o(i.lcdPrintf) for lcdPrintf
    main.o(i.main) refers to f2d.o(.text) for __aeabi_f2d
    main.o(i.main) refers to arm_rfft_init_q15.o(.text) for arm_rfft_init_q15
    main.o(i.main) refers to arm_rfft_q15.o(.text) for arm_rfft_q15
    main.o(i.main) refers to arm_cmplx_mag_q15.o(.text) for arm_cmplx_mag_q15
    main.o(i.main) refers to main.o(.data) for .data
    main.o(i.main) refers to main.o(.bss) for .bss
    main.o(i.main) refers to interrupt.o(.data) for flag_DMA_ADC3
    main.o(i.main) refers to interrupt.o(.bss) for BUFF_ADC3
    main.o(i.main) refers to interrupt.o(.bss) for BUFF_ADC1_2
    cmsis_my.o(i.ADC1_2_Dual_Init) refers to interrupt.o(.bss) for BUFF_ADC1_2
    cmsis_my.o(i.ADC1_Init) refers to interrupt.o(.bss) for BUFF_ADC1
    cmsis_my.o(i.ADC3_Init) refers to interrupt.o(.bss) for BUFF_ADC3
    cmsis_my.o(i.Button_K1_Init) refers to cmsis_my.o(i.__NVIC_EnableIRQ) for __NVIC_EnableIRQ
    cmsis_my.o(i.DMA_Init) refers to cmsis_my.o(i.__NVIC_EnableIRQ) for __NVIC_EnableIRQ
    cmsis_my.o(i.TIM2_Init) refers to cmsis_my.o(i.__NVIC_EnableIRQ) for __NVIC_EnableIRQ
    cmsis_my.o(i.TIM3_Init) refers to cmsis_my.o(i.__NVIC_EnableIRQ) for __NVIC_EnableIRQ
    cmsis_my.o(i.TIM4_Init) refers to cmsis_my.o(i.__NVIC_EnableIRQ) for __NVIC_EnableIRQ
    interrupt.o(i.ADC_IRQHandler) refers to interrupt.o(.data) for .data
    interrupt.o(i.ADC_IRQHandler) refers to interrupt.o(.bss) for .bss
    interrupt.o(i.DMA2_Stream0_IRQHandler) refers to interrupt.o(.data) for .data
    interrupt.o(i.DMA2_Stream1_IRQHandler) refers to interrupt.o(.data) for .data
    interrupt.o(i.Delay) refers to interrupt.o(.data) for .data
    interrupt.o(i.EXTI3_IRQHandler) refers to interrupt.o(.data) for .data
    interrupt.o(i.Get_Tick) refers to interrupt.o(.data) for .data
    interrupt.o(i.SysTick_Handler) refers to interrupt.o(.data) for .data
    interrupt.o(i.TIM2_IRQHandler) refers to interrupt.o(.data) for .data
    interrupt.o(i.TIM3_IRQHandler) refers to interrupt.o(.data) for .data
    interrupt.o(i.TIM4_IRQHandler) refers to interrupt.o(.data) for .data
    system_stm32f4xx.o(i.SystemCoreClockUpdate) refers to system_stm32f4xx.o(.data) for .data
    system_stm32f4xx.o(i.SystemCoreClockUpdate) refers to system_stm32f4xx.o(.constdata) for .constdata
[...]
    arm_const_structs.o(.constdata) refers to arm_common_tables.o(.constdata) for twiddleCoef_256_q31
    arm_const_structs.o(.constdata) refers to arm_common_tables.o(.constdata) for armBitRevIndexTable_fixed_256
    arm_const_structs.o(.constdata) refers to arm_common_tables.o(.constdata) for twiddleCoef_512_q31
    arm_const_structs.o(.constdata) refers to arm_common_tables.o(.constdata) for armBitRevIndexTable_fixed_512
    arm_const_structs.o(.constdata) refers to arm_common_tables.o(.constdata) for twiddleCoef_1024_q31
    arm_const_structs.o(.constdata) refers to arm_common_tables.o(.constdata) for armBitRevIndexTable_fixed_1024
    arm_const_structs.o(.constdata) refers to arm_common_tables.o(.constdata) for twiddleCoef_2048_q31
    arm_const_structs.o(.constdata) refers to arm_common_tables.o(.constdata) for armBitRevIndexTable_fixed_2048
    arm_const_structs.o(.constdata) refers to arm_common_tables.o(.constdata) for twiddleCoef_4096_q31
    arm_const_structs.o(.constdata) refers to arm_common_tables.o(.constdata) for armBitRevIndexTable_fixed_4096
    arm_const_structs.o(.constdata) refers to arm_common_tables.o(.constdata) for twiddleCoef_16_q15
    arm_const_structs.o(.constdata) refers to arm_common_tables.o(.constdata) for armBitRevIndexTable_fixed_16
    arm_const_structs.o(.constdata) refers to arm_common_tables.o(.constdata) for twiddleCoef_32_q15
    arm_const_structs.o(.constdata) refers to arm_common_tables.o(.constdata) for armBitRevIndexTable_fixed_32
    arm_const_structs.o(.constdata) refers to arm_common_tables.o(.constdata) for twiddleCoef_64_q15
    arm_const_structs.o(.constdata) refers to arm_common_tables.o(.constdata) for armBitRevIndexTable_fixed_64
    arm_const_structs.o(.constdata) refers to arm_common_tables.o(.constdata) for twiddleCoef_128_q15
    arm_const_structs.o(.constdata) refers to arm_common_tables.o(.constdata) for armBitRevIndexTable_fixed_128
    arm_const_structs.o(.constdata) refers to arm_common_tables.o(.constdata) for twiddleCoef_256_q15
    arm_const_structs.o(.constdata) refers to arm_common_tables.o(.constdata) for armBitRevIndexTable_fixed_256
    arm_const_structs.o(.constdata) refers to arm_common_tables.o(.constdata) for twiddleCoef_512_q15
    arm_const_structs.o(.constdata) refers to arm_common_tables.o(.constdata) for armBitRevIndexTable_fixed_512
    arm_const_structs.o(.constdata) refers to arm_common_tables.o(.constdata) for twiddleCoef_1024_q15
    arm_const_structs.o(.constdata) refers to arm_common_tables.o(.constdata) for armBitRevIndexTable_fixed_1024
    arm_const_structs.o(.constdata) refers to arm_common_tables.o(.constdata) for twiddleCoef_2048_q15
    arm_const_structs.o(.constdata) refers to arm_common_tables.o(.constdata) for armBitRevIndexTable_fixed_2048
    arm_const_structs.o(.constdata) refers to arm_common_tables.o(.constdata) for twiddleCoef_4096_q15
    arm_const_structs.o(.constdata) refers to arm_common_tables.o(.constdata) for armBitRevIndexTable_fixed_4096
    arm_const_structs.o(.constdata) refers to arm_common_tables.o(.constdata) for twiddleCoef_32
    arm_const_structs.o(.constdata) refers to arm_common_tables.o(.constdata) for armBitRevIndexTable32
    arm_const_structs.o(.constdata) refers to arm_common_tables.o(.constdata) for twiddleCoef_rfft_32
    arm_const_structs.o(.constdata) refers to arm_common_tables.o(.constdata) for twiddleCoef_32
    arm_const_structs.o(.constdata) refers to arm_common_tables.o(.constdata) for armBitRevIndexTable32
    arm_const_structs.o(.constdata) refers to arm_common_tables.o(.constdata) for twiddleCoef_rfft_64
    arm_const_structs.o(.constdata) refers to arm_common_tables.o(.constdata) for twiddleCoef_64
    arm_const_structs.o(.constdata) refers to arm_common_tables.o(.constdata) for armBitRevIndexTable64
    arm_const_structs.o(.constdata) refers to arm_common_tables.o(.constdata) for twiddleCoef_rfft_128
    arm_const_structs.o(.constdata) refers to arm_common_tables.o(.constdata) for twiddleCoef_128
    arm_const_structs.o(.constdata) refers to arm_common_tables.o(.constdata) for armBitRevIndexTable128
    arm_const_structs.o(.constdata) refers to arm_common_tables.o(.constdata) for twiddleCoef_rfft_256
    arm_const_structs.o(.constdata) refers to arm_common_tables.o(.constdata) for twiddleCoef_256
    arm_const_structs.o(.constdata) refers to arm_common_tables.o(.constdata) for armBitRevIndexTable256
    arm_const_structs.o(.constdata) refers to arm_common_tables.o(.constdata) for twiddleCoef_rfft_512
    arm_const_structs.o(.constdata) refers to arm_common_tables.o(.constdata) for twiddleCoef_512
    arm_const_structs.o(.constdata) refers to arm_common_tables.o(.constdata) for armBitRevIndexTable512
    arm_const_structs.o(.constdata) refers to arm_common_tables.o(.constdata) for twiddleCoef_rfft_1024
    arm_const_structs.o(.constdata) refers to arm_common_tables.o(.constdata) for twiddleCoef_1024
    arm_const_structs.o(.constdata) refers to arm_common_tables.o(.constdata) for armBitRevIndexTable1024
    arm_const_structs.o(.constdata) refers to arm_common_tables.o(.constdata) for twiddleCoef_rfft_2048
    arm_const_structs.o(.constdata) refers to arm_common_tables.o(.constdata) for twiddleCoef_2048
    arm_const_structs.o(.constdata) refers to arm_common_tables.o(.constdata) for armBitRevIndexTable2048
    arm_const_structs.o(.constdata) refers to arm_common_tables.o(.constdata) for twiddleCoef_rfft_4096
    arm_const_structs.o(.constdata) refers to arm_rfft_init_q31.o(.constdata) for realCoefAQ31
    arm_const_structs.o(.constdata) refers to arm_const_structs.o(.constdata) for arm_cfft_sR_q31_len16
    arm_const_structs.o(.constdata) refers to arm_rfft_init_q31.o(.constdata) for realCoefAQ31
    arm_const_structs.o(.constdata) refers to arm_const_structs.o(.constdata) for arm_cfft_sR_q31_len32
    arm_const_structs.o(.constdata) refers to arm_rfft_init_q31.o(.constdata) for realCoefAQ31
    arm_const_structs.o(.constdata) refers to arm_const_structs.o(.constdata) for arm_cfft_sR_q31_len64
    arm_const_structs.o(.constdata) refers to arm_rfft_init_q31.o(.constdata) for realCoefAQ31
    arm_const_structs.o(.constdata) refers to arm_const_structs.o(.constdata) for arm_cfft_sR_q31_len128
    arm_const_structs.o(.constdata) refers to arm_rfft_init_q31.o(.constdata) for realCoefAQ31
    arm_const_structs.o(.constdata) refers to arm_const_structs.o(.constdata) for arm_cfft_sR_q31_len256
    arm_const_structs.o(.constdata) refers to arm_rfft_init_q31.o(.constdata) for realCoefAQ31
    arm_const_structs.o(.constdata) refers to arm_const_structs.o(.constdata) for arm_cfft_sR_q31_len512
    arm_const_structs.o(.constdata) refers to arm_rfft_init_q31.o(.constdata) for realCoefAQ31
    arm_const_structs.o(.constdata) refers to arm_const_structs.o(.constdata) for arm_cfft_sR_q31_len1024
    arm_const_structs.o(.constdata) refers to arm_rfft_init_q31.o(.constdata) for realCoefAQ31
    arm_const_structs.o(.constdata) refers to arm_const_structs.o(.constdata) for arm_cfft_sR_q31_len2048
    arm_const_structs.o(.constdata) refers to arm_rfft_init_q31.o(.constdata) for realCoefAQ31
    arm_const_structs.o(.constdata) refers to arm_const_structs.o(.constdata) for arm_cfft_sR_q31_len4096
    arm_const_structs.o(.constdata) refers to arm_rfft_init_q15.o(.constdata) for realCoefAQ15
    arm_const_structs.o(.constdata) refers to arm_const_structs.o(.constdata) for arm_cfft_sR_q15_len16
    arm_const_structs.o(.constdata) refers to arm_rfft_init_q15.o(.constdata) for realCoefAQ15
    arm_const_structs.o(.constdata) refers to arm_const_structs.o(.constdata) for arm_cfft_sR_q15_len32
    arm_const_structs.o(.constdata) refers to arm_rfft_init_q15.o(.constdata) for realCoefAQ15
    arm_const_structs.o(.constdata) refers to arm_const_structs.o(.constdata) for arm_cfft_sR_q15_len64
    arm_const_structs.o(.constdata) refers to arm_rfft_init_q15.o(.constdata) for realCoefAQ15
    arm_const_structs.o(.constdata) refers to arm_const_structs.o(.constdata) for arm_cfft_sR_q15_len128
    arm_const_structs.o(.constdata) refers to arm_rfft_init_q15.o(.constdata) for realCoefAQ15
    arm_const_structs.o(.constdata) refers to arm_const_structs.o(.constdata) for arm_cfft_sR_q15_len256
    arm_const_structs.o(.constdata) refers to arm_rfft_init_q15.o(.constdata) for realCoefAQ15
    arm_const_structs.o(.constdata) refers to arm_const_structs.o(.constdata) for arm_cfft_sR_q15_len512
    arm_const_structs.o(.constdata) refers to arm_rfft_init_q15.o(.constdata) for realCoefAQ15
    arm_const_structs.o(.constdata) refers to arm_const_structs.o(.constdata) for arm_cfft_sR_q15_len1024
    arm_const_structs.o(.constdata) refers to arm_rfft_init_q15.o(.constdata) for realCoefAQ15
    arm_const_structs.o(.constdata) refers to arm_const_structs.o(.constdata) for arm_cfft_sR_q15_len2048
    arm_const_structs.o(.constdata) refers to arm_rfft_init_q15.o(.constdata) for realCoefAQ15
    arm_const_structs.o(.constdata) refers to arm_const_structs.o(.constdata) for arm_cfft_sR_q15_len4096
    arm_cfft_radix4_q15.o(.text) refers to arm_bitreversal.o(.text) for arm_bitreversal_q15
    arm_rfft_init_q31.o(.text) refers to arm_rfft_init_q31.o(.constdata) for .constdata
    arm_rfft_init_q31.o(.text) refers to arm_const_structs.o(.constdata) for arm_cfft_sR_q31_len4096
    arm_rfft_init_q31.o(.text) refers to arm_const_structs.o(.constdata) for arm_cfft_sR_q31_len2048
    arm_rfft_init_q31.o(.text) refers to arm_const_structs.o(.constdata) for arm_cfft_sR_q31_len1024
    arm_rfft_init_q31.o(.text) refers to arm_const_structs.o(.constdata) for arm_cfft_sR_q31_len512
    arm_rfft_init_q31.o(.text) refers to arm_const_structs.o(.constdata) for arm_cfft_sR_q31_len256
    arm_rfft_init_q31.o(.text) refers to arm_const_structs.o(.constdata) for arm_cfft_sR_q31_len128
    arm_rfft_init_q31.o(.text) refers to arm_const_structs.o(.constdata) for arm_cfft_sR_q31_len64
    arm_rfft_init_q31.o(.text) refers to arm_const_structs.o(.constdata) for arm_cfft_sR_q31_len32
    arm_rfft_init_q31.o(.text) refers to arm_const_structs.o(.constdata) for arm_cfft_sR_q31_len16
    entry.o(.ARM.Collect$$$$00000000) refers (Special) to entry10a.o(.ARM.Collect$$$$0000000F) for __rt_final_cpp
    entry.o(.ARM.Collect$$$$00000000) refers (Special) to entry11a.o(.ARM.Collect$$$$00000011) for __rt_final_exit
    entry.o(.ARM.Collect$$$$00000000) refers (Special) to entry12b.o(.ARM.Collect$$$$0000000E) for __rt_lib_shutdown_fini
    entry.o(.ARM.Collect$$$$00000000) refers (Special) to entry7b.o(.ARM.Collect$$$$00000008) for _main_clock
    entry.o(.ARM.Collect$$$$00000000) refers (Special) to entry8b.o(.ARM.Collect$$$$0000000A) for _main_cpp_init
    entry.o(.ARM.Collect$$$$00000000) refers (Special) to entry9a.o(.ARM.Collect$$$$0000000B) for _main_init
    entry.o(.ARM.Collect$$$$00000000) refers (Special) to entry5.o(.ARM.Collect$$$$00000004) for _main_scatterload
    entry.o(.ARM.Collect$$$$00000000) refers (Special) to entry2.o(.ARM.Collect$$$$00000001) for _main_stk
    printfa.o(i.__0fprintf) refers (Special) to iusefp.o(.text) for __I$use$fp
    printfa.o(i.__0fprintf) refers to printfa.o(i._printf_core) for _printf_core
    printfa.o(i.__0fprintf) refers to fputc.o(i.fputc) for fputc
    printfa.o(i.__0printf) refers (Special) to iusefp.o(.text) for __I$use$fp
    printfa.o(i.__0printf) refers to printfa.o(i._printf_core) for _printf_core
    printfa.o(i.__0printf) refers to fputc.o(i.fputc) for fputc
    printfa.o(i.__0printf) refers to stdout.o(.data) for __stdout
    printfa.o(i.__0snprintf) refers (Special) to iusefp.o(.text) for __I$use$fp
    printfa.o(i.__0snprintf) refers to printfa.o(i._printf_core) for _printf_core
    printfa.o(i.__0snprintf) refers to printfa.o(i._snputc) for _snputc
    printfa.o(i.__0sprintf) refers (Special) to iusefp.o(.text) for __I$use$fp
    printfa.o(i.__0sprintf) refers to printfa.o(i._printf_core) for _printf_core
    printfa.o(i.__0sprintf) refers to printfa.o(i._sputc) for _sputc
    printfa.o(i.__0vfprintf) refers (Special) to iusefp.o(.text) for __I$use$fp
    printfa.o(i.__0vfprintf) refers to printfa.o(i._printf_core) for _printf_core
    printfa.o(i.__0vfprintf) refers to fputc.o(i.fputc) for fputc
    printfa.o(i.__0vprintf) refers (Special) to iusefp.o(.text) for __I$use$fp
    printfa.o(i.__0vprintf) refers to printfa.o(i._printf_core) for _printf_core
    printfa.o(i.__0vprintf) refers to fputc.o(i.fputc) for fputc
    printfa.o(i.__0vprintf) refers to stdout.o(.data) for __stdout
    printfa.o(i.__0vsnprintf) refers (Special) to iusefp.o(.text) for __I$use$fp
    printfa.o(i.__0vsnprintf) refers to printfa.o(i._printf_core) for _printf_core
    printfa.o(i.__0vsnprintf) refers to printfa.o(i._snputc) for _snputc
    printfa.o(i.__0vsprintf) refers (Special) to iusefp.o(.text) for __I$use$fp
    printfa.o(i.__0vsprintf) refers to printfa.o(i._printf_core) for _printf_core
    printfa.o(i.__0vsprintf) refers to printfa.o(i._sputc) for _sputc
    printfa.o(i._fp_digits) refers (Special) to iusefp.o(.text) for __I$use$fp
    printfa.o(i._fp_digits) refers to dmul.o(.text) for __aeabi_dmul
    printfa.o(i._fp_digits) refers to ddiv.o(.text) for __aeabi_ddiv
    printfa.o(i._fp_digits) refers to cdrcmple.o(.text) for __aeabi_cdrcmple
    printfa.o(i._fp_digits) refers to dadd.o(.text) for __aeabi_dadd
    printfa.o(i._fp_digits) refers to dfixul.o(.text) for __aeabi_d2ulz
    printfa.o(i._fp_digits) refers to uldiv.o(.text) for __aeabi_uldivmod
    printfa.o(i._printf_core) refers (Special) to iusefp.o(.text) for __I$use$fp
    printfa.o(i._printf_core) refers to printfa.o(i._printf_pre_padding) for _printf_pre_padding
    printfa.o(i._printf_core) refers to uldiv.o(.text) for __aeabi_uldivmod
    printfa.o(i._printf_core) refers to printfa.o(i._printf_post_padding) for _printf_post_padding
    printfa.o(i._printf_core) refers to printfa.o(i._fp_digits) for _fp_digits
    printfa.o(i._printf_core) refers to uidiv.o(.text) for __aeabi_uidivmod
    printfa.o(i._printf_post_padding) refers (Special) to iusefp.o(.text) for __I$use$fp
    printfa.o(i._printf_pre_padding) refers (Special) to iusefp.o(.text) for __I$use$fp
    printfa.o(i._snputc) refers (Special) to iusefp.o(.text) for __I$use$fp
    printfa.o(i._sputc) refers (Special) to iusefp.o(.text) for __I$use$fp
    f2d.o(.text) refers (Special) to iusefp.o(.text) for __I$use$fp
    entry2.o(.ARM.Collect$$$$00000001) refers to entry2.o(.ARM.Collect$$$$00002712) for __lit__00000000
    entry2.o(.ARM.Collect$$$$00002712) refers to startup_stm32f407xx.o(STACK) for __initial_sp
    entry2.o(__vectab_stack_and_reset_area) refers to startup_stm32f407xx.o(STACK) for __initial_sp
    entry2.o(__vectab_stack_and_reset_area) refers to entry.o(.ARM.Collect$$$$00000000) for __main
    entry5.o(.ARM.Collect$$$$00000004) refers to init.o(.text) for __scatterload
    entry9a.o(.ARM.Collect$$$$0000000B) refers to main.o(i.main) for main
    entry9b.o(.ARM.Collect$$$$0000000C) refers to main.o(i.main) for main
    fputc.o(i.fputc) refers (Special) to iusesemip.o(.text) for __I$use$semihosting$fputc
    fputc.o(i.fputc) refers (Special) to semi.o(.text) for __semihosting_library_function
    uldiv.o(.text) refers to llushr.o(.text) for __aeabi_llsr
    uldiv.o(.text) refers to llshl.o(.text) for __aeabi_llsl
    dadd.o(.text) refers to llshl.o(.text) for __aeabi_llsl
    dadd.o(.text) refers to llsshr.o(.text) for __aeabi_lasr
    dadd.o(.text) refers to depilogue.o(.text) for _double_epilogue
    dmul.o(.text) refers to depilogue.o(.text) for _double_epilogue
    ddiv.o(.text) refers to depilogue.o(.text) for _double_round
    dfixul.o(.text) refers to llushr.o(.text) for __aeabi_llsr
    dfixul.o(.text) refers to llshl.o(.text) for __aeabi_llsl
    init.o(.text) refers to entry5.o(.ARM.Collect$$$$00000004) for __main_after_scatterload
    depilogue.o(.text) refers to llshl.o(.text) for __aeabi_llsl
    depilogue.o(.text) refers to llushr.o(.text) for __aeabi_llsr


==============================================================================

Removing Unused input sections from the image.

    Removing startup_stm32f407xx.o(HEAP), (512 bytes).
    Removing main.o(.rev16_text), (4 bytes).
    Removing main.o(.revsh_text), (4 bytes).
    Removing main.o(.rrx_text), (6 bytes).
    Removing main.o(.constdata), (2 bytes).
    Removing main.o(.constdata), (4 bytes).
    Removing main.o(.data), (1 bytes).
    Removing main.o(.data), (2 bytes).
    Removing cmsis_my.o(.rev16_text), (4 bytes).
    Removing cmsis_my.o(.revsh_text), (4 bytes).
    Removing cmsis_my.o(.rrx_text), (6 bytes).
    Removing cmsis_my.o(i.ADC1_Init), (268 bytes).
    Removing interrupt.o(.rev16_text), (4 bytes).
    Removing interrupt.o(.revsh_text), (4 bytes).
    Removing interrupt.o(.rrx_text), (6 bytes).
    Removing interrupt.o(i.Get_Tick), (12 bytes).
    Removing interrupt.o(.bss), (100 bytes).
    Removing system_stm32f4xx.o(.rev16_text), (4 bytes).
    Removing system_stm32f4xx.o(.revsh_text), (4 bytes).
    Removing system_stm32f4xx.o(.rrx_text), (6 bytes).
    Removing system_stm32f4xx.o(i.SystemCoreClockUpdate), (124 bytes).
    Removing system_stm32f4xx.o(.constdata), (16 bytes).
    Removing system_stm32f4xx.o(.constdata), (8 bytes).
    Removing system_stm32f4xx.o(.data), (4 bytes).
    Removing font8.o(.constdata), (760 bytes).
    Removing font8.o(.data), (8 bytes).
    Removing font16.o(.constdata), (3040 bytes).
    Removing font16.o(.data), (8 bytes).
    Removing font20.o(.constdata), (3800 bytes).
    Removing font20.o(.data), (8 bytes).
    Removing font24.o(.constdata), (6840 bytes).
    Removing font24.o(.data), (8 bytes).
    Removing ili9341.o(.rev16_text), (4 bytes).
    Removing ili9341.o(.revsh_text), (4 bytes).
    Removing ili9341.o(.rrx_text), (6 bytes).
    Removing ili9341.o(i.find_max), (32 bytes).
    Removing ili9341.o(i.lcdBacklightOff), (16 bytes).
    Removing ili9341.o(i.lcdColor565), (20 bytes).
    Removing ili9341.o(i.lcdDisplayOff), (24 bytes).
    Removing ili9341.o(i.lcdDisplayOn), (20 bytes).
    Removing ili9341.o(i.lcdDrawCircle), (272 bytes).
    Removing ili9341.o(i.lcdDrawCircleHelper), (230 bytes).
    Removing ili9341.o(i.lcdDrawImage), (136 bytes).
    Removing ili9341.o(i.lcdDrawRect), (76 bytes).
    Removing ili9341.o(i.lcdDrawRoundRect), (174 bytes).
    Removing ili9341.o(i.lcdDrawTriangle), (56 bytes).
    Removing ili9341.o(i.lcdFillCircle), (46 bytes).
    Removing ili9341.o(i.lcdFillCircleHelper), (202 bytes).
    Removing ili9341.o(i.lcdFillRect), (84 bytes).
    Removing ili9341.o(i.lcdFillRoundRect), (98 bytes).
    Removing ili9341.o(i.lcdFillTriangle), (344 bytes).
    Removing ili9341.o(i.lcdGetControllerID), (32 bytes).
    Removing ili9341.o(i.lcdGetHeight), (12 bytes).
    Removing ili9341.o(i.lcdGetOrientation), (12 bytes).
    Removing ili9341.o(i.lcdGetProperties), (16 bytes).
    Removing ili9341.o(i.lcdGetTextFont), (12 bytes).
    Removing ili9341.o(i.lcdGetWidth), (12 bytes).
    Removing ili9341.o(i.lcdHome), (36 bytes).
    Removing ili9341.o(i.lcdInversionOff), (10 bytes).
    Removing ili9341.o(i.lcdInversionOn), (10 bytes).
    Removing ili9341.o(i.lcdPlot), (122 bytes).
    Removing ili9341.o(i.lcdReadPixel), (84 bytes).
    Removing ili9341.o(i.lcdSetTextColor), (12 bytes).
    Removing ili9341.o(i.lcdSetTextFont), (12 bytes).
    Removing ili9341.o(i.lcdSetTextWrap), (12 bytes).
    Removing ili9341.o(i.lcdTearingOff), (10 bytes).
    Removing ili9341.o(i.lcdTearingOn), (20 bytes).
    Removing ili9341.o(i.lcdTest), (216 bytes).
    Removing ili9341.o(.data), (1 bytes).
    Removing ili9341.o(.data), (1 bytes).
    Removing lcd_ili9341.o(.rev16_text), (4 bytes).
    Removing lcd_ili9341.o(.revsh_text), (4 bytes).
    Removing lcd_ili9341.o(.rrx_text), (6 bytes).
    Removing lcd_ili9341.o(i.initLCD), (386 bytes).
    Removing lcd_ili9341.o(i.writeLCDCommand), (16 bytes).
    Removing lcd_ili9341.o(i.writeLCDData), (12 bytes).
    Removing arm_cmplx_mag_q15.o(.rev16_text), (4 bytes).
    Removing arm_cmplx_mag_q15.o(.revsh_text), (4 bytes).
    Removing arm_cmplx_mag_q15.o(.rrx_text), (6 bytes).
    Removing arm_rfft_init_q15.o(.rev16_text), (4 bytes).
    Removing arm_rfft_init_q15.o(.revsh_text), (4 bytes).
    Removing arm_rfft_init_q15.o(.rrx_text), (6 bytes).
    Removing arm_rfft_q15.o(.rev16_text), (4 bytes).
    Removing arm_rfft_q15.o(.revsh_text), (4 bytes).
    Removing arm_rfft_q15.o(.rrx_text), (6 bytes).
    Removing arm_sqrt_q15.o(.rev16_text), (4 bytes).
    Removing arm_sqrt_q15.o(.revsh_text), (4 bytes).
    Removing arm_sqrt_q15.o(.rrx_text), (6 bytes).
    Removing arm_cfft_q15.o(.rev16_text), (4 bytes).
    Removing arm_cfft_q15.o(.revsh_text), (4 bytes).
    Removing arm_cfft_q15.o(.rrx_text), (6 bytes).
    Removing arm_const_structs.o(.rev16_text), (4 bytes).
    Removing arm_const_structs.o(.revsh_text), (4 bytes).
    Removing arm_const_structs.o(.rrx_text), (6 bytes).
    Removing arm_const_structs.o(.constdata), (16 bytes).
    Removing arm_const_structs.o(.constdata), (16 bytes).
    Removing arm_const_structs.o(.constdata), (16 bytes).
    Removing arm_const_structs.o(.constdata), (16 bytes).
    Removing arm_const_structs.o(.constdata), (16 bytes).
    Removing arm_const_structs.o(.constdata), (16 bytes).
    Removing arm_const_structs.o(.constdata), (16 bytes).
    Removing arm_const_structs.o(.constdata), (16 bytes).
    Removing arm_const_structs.o(.constdata), (16 bytes).
    Removing arm_const_structs.o(.constdata), (16 bytes).
    Removing arm_const_structs.o(.constdata), (16 bytes).
    Removing arm_const_structs.o(.constdata), (16 bytes).
    Removing arm_const_structs.o(.constdata), (16 bytes).
    Removing arm_const_structs.o(.constdata), (16 bytes).
    Removing arm_const_structs.o(.constdata), (16 bytes).
    Removing arm_const_structs.o(.constdata), (16 bytes).
    Removing arm_const_structs.o(.constdata), (16 bytes).
    Removing arm_const_structs.o(.constdata), (16 bytes).
    Removing arm_const_structs.o(.constdata), (24 bytes).
    Removing arm_const_structs.o(.constdata), (24 bytes).
    Removing arm_const_structs.o(.constdata), (24 bytes).
    Removing arm_const_structs.o(.constdata), (24 bytes).
    Removing arm_const_structs.o(.constdata), (24 bytes).
    Removing arm_const_structs.o(.constdata), (24 bytes).
    Removing arm_const_structs.o(.constdata), (24 bytes).
    Removing arm_const_structs.o(.constdata), (24 bytes).
    Removing arm_const_structs.o(.constdata), (24 bytes).
    Removing arm_const_structs.o(.constdata), (24 bytes).
    Removing arm_const_structs.o(.constdata), (24 bytes).
    Removing arm_const_structs.o(.constdata), (24 bytes).
    Removing arm_const_structs.o(.constdata), (24 bytes).
    Removing arm_const_structs.o(.constdata), (24 bytes).
    Removing arm_const_structs.o(.constdata), (24 bytes).
    Removing arm_const_structs.o(.constdata), (24 bytes).
    Removing arm_const_structs.o(.constdata), (24 bytes).
    Removing arm_const_structs.o(.constdata), (24 bytes).
    Removing arm_const_structs.o(.constdata), (24 bytes).
    Removing arm_const_structs.o(.constdata), (24 bytes).
    Removing arm_const_structs.o(.constdata), (24 bytes).
    Removing arm_const_structs.o(.constdata), (24 bytes).
    Removing arm_const_structs.o(.constdata), (24 bytes).
    Removing arm_const_structs.o(.constdata), (24 bytes).
    Removing arm_const_structs.o(.constdata), (24 bytes).
    Removing arm_const_structs.o(.constdata), (24 bytes).
    Removing arm_cfft_radix4_q15.o(.rev16_text), (4 bytes).
    Removing arm_cfft_radix4_q15.o(.revsh_text), (4 bytes).
    Removing arm_cfft_radix4_q15.o(.rrx_text), (6 bytes).
    Removing arm_rfft_init_q31.o(.rev16_text), (4 bytes).
    Removing arm_rfft_init_q31.o(.revsh_text), (4 bytes).
    Removing arm_rfft_init_q31.o(.rrx_text), (6 bytes).
    Removing arm_rfft_init_q31.o(.text), (204 bytes).
    Removing arm_rfft_init_q31.o(.constdata), (65536 bytes).
    Removing arm_common_tables.o(.rev16_text), (4 bytes).
    Removing arm_common_tables.o(.revsh_text), (4 bytes).
    Removing arm_common_tables.o(.rrx_text), (6 bytes).
    Removing arm_common_tables.o(.constdata), (2048 bytes).
    Removing arm_common_tables.o(.constdata), (128 bytes).
    Removing arm_common_tables.o(.constdata), (256 bytes).
    Removing arm_common_tables.o(.constdata), (512 bytes).
    Removing arm_common_tables.o(.constdata), (1024 bytes).
    Removing arm_common_tables.o(.constdata), (2048 bytes).
    Removing arm_common_tables.o(.constdata), (4096 bytes).
    Removing arm_common_tables.o(.constdata), (8192 bytes).
    Removing arm_common_tables.o(.constdata), (16384 bytes).
    Removing arm_common_tables.o(.constdata), (32768 bytes).
    Removing arm_common_tables.o(.constdata), (96 bytes).
    Removing arm_common_tables.o(.constdata), (192 bytes).
    Removing arm_common_tables.o(.constdata), (384 bytes).
    Removing arm_common_tables.o(.constdata), (768 bytes).
    Removing arm_common_tables.o(.constdata), (1536 bytes).
    Removing arm_common_tables.o(.constdata), (3072 bytes).
    Removing arm_common_tables.o(.constdata), (6144 bytes).
    Removing arm_common_tables.o(.constdata), (12288 bytes).
    Removing arm_common_tables.o(.constdata), (24576 bytes).
    Removing arm_common_tables.o(.constdata), (128 bytes).
    Removing arm_common_tables.o(.constdata), (256 bytes).
    Removing arm_common_tables.o(.constdata), (40 bytes).
    Removing arm_common_tables.o(.constdata), (96 bytes).
    Removing arm_common_tables.o(.constdata), (112 bytes).
    Removing arm_common_tables.o(.constdata), (416 bytes).
    Removing arm_common_tables.o(.constdata), (880 bytes).
    Removing arm_common_tables.o(.constdata), (896 bytes).
    Removing arm_common_tables.o(.constdata), (3600 bytes).
    Removing arm_common_tables.o(.constdata), (7616 bytes).
    Removing arm_common_tables.o(.constdata), (8064 bytes).
    Removing arm_common_tables.o(.constdata), (128 bytes).
    Removing arm_common_tables.o(.constdata), (256 bytes).
    Removing arm_common_tables.o(.constdata), (512 bytes).
    Removing arm_common_tables.o(.constdata), (1024 bytes).
    Removing arm_common_tables.o(.constdata), (2048 bytes).
    Removing arm_common_tables.o(.constdata), (4096 bytes).
    Removing arm_common_tables.o(.constdata), (8192 bytes).
    Removing arm_common_tables.o(.constdata), (16384 bytes).
    Removing arm_common_tables.o(.constdata), (2052 bytes).
    Removing arm_common_tables.o(.constdata), (2052 bytes).
    Removing arm_common_tables.o(.constdata), (1026 bytes).
    Removing arm_bitreversal.o(.rev16_text), (4 bytes).
    Removing arm_bitreversal.o(.revsh_text), (4 bytes).
    Removing arm_bitreversal.o(.rrx_text), (6 bytes).

193 unused section(s) (total 261673 bytes) removed from the image.

==============================================================================

Image Symbol Table

    Local Symbols

    Symbol Name                              Value     Ov Type        Size  Object(Section)

    ../Core/Src/main.c                       0x00000000   Number         0  main.o ABSOLUTE
    ../Core/Src/system_stm32f4xx.c           0x00000000   Number         0  system_stm32f4xx.o ABSOLUTE
    ../clib/microlib/division.c              0x00000000   Number         0  uldiv.o ABSOLUTE
    ../clib/microlib/division.c              0x00000000   Number         0  uidiv.o ABSOLUTE
    ../clib/microlib/init/entry.s            0x00000000   Number         0  entry12a.o ABSOLUTE
    ../clib/microlib/init/entry.s            0x00000000   Number         0  entry11b.o ABSOLUTE
    ../clib/microlib/init/entry.s            0x00000000   Number         0  entry7b.o ABSOLUTE
    ../clib/microlib/init/entry.s            0x00000000   Number         0  entry8a.o ABSOLUTE
    ../clib/microlib/init/entry.s            0x00000000   Number         0  entry11a.o ABSOLUTE
    ../clib/microlib/init/entry.s            0x00000000   Number         0  entry8b.o ABSOLUTE
    ../clib/microlib/init/entry.s            0x00000000   Number         0  entry9a.o ABSOLUTE
    ../clib/microlib/init/entry.s            0x00000000   Number         0  entry10b.o ABSOLUTE
    ../clib/microlib/init/entry.s            0x00000000   Number         0  entry9b.o ABSOLUTE
    ../clib/microlib/init/entry.s            0x00000000   Number         0  entry10a.o ABSOLUTE
    ../clib/microlib/init/entry.s            0x00000000   Number         0  entry7a.o ABSOLUTE
    ../clib/microlib/init/entry.s            0x00000000   Number         0  entry2.o ABSOLUTE
    ../clib/microlib/init/entry.s            0x00000000   Number         0  entry.o ABSOLUTE
    ../clib/microlib/init/entry.s            0x00000000   Number         0  entry5.o ABSOLUTE
    ../clib/microlib/init/entry.s            0x00000000   Number         0  entry12b.o ABSOLUTE
    ../clib/microlib/longlong.c              0x00000000   Number         0  llsshr.o ABSOLUTE
    ../clib/microlib/longlong.c              0x00000000   Number         0  llushr.o ABSOLUTE
    ../clib/microlib/longlong.c              0x00000000   Number         0  llshl.o ABSOLUTE
    ../clib/microlib/printf/printf.c         0x00000000   Number         0  printfa.o ABSOLUTE
    ../clib/microlib/stdio/fputc.c           0x00000000   Number         0  fputc.o ABSOLUTE
    ../clib/microlib/stdio/semi.s            0x00000000   Number         0  semi.o ABSOLUTE
    ../clib/microlib/stdio/streams.c         0x00000000   Number         0  stdout.o ABSOLUTE
    ../clib/microlib/stubs.s                 0x00000000   Number         0  iusesemip.o ABSOLUTE
    ../clib/microlib/stubs.s                 0x00000000   Number         0  iusefp.o ABSOLUTE
    ../fplib/microlib/f2d.c                  0x00000000   Number         0  f2d.o ABSOLUTE
    ../fplib/microlib/fpadd.c                0x00000000   Number         0  dadd.o ABSOLUTE
    ../fplib/microlib/fpdiv.c                0x00000000   Number         0  ddiv.o ABSOLUTE
    ../fplib/microlib/fpepilogue.c           0x00000000   Number         0  depilogue.o ABSOLUTE
    ../fplib/microlib/fpfix.c                0x00000000   Number         0  dfixul.o ABSOLUTE
    ../fplib/microlib/fpmul.c                0x00000000   Number         0  dmul.o ABSOLUTE
    ..\..\Source\CommonTables\arm_common_tables.c 0x00000000   Number         0  arm_common_tables.o ABSOLUTE
    ..\..\Source\CommonTables\arm_const_structs.c 0x00000000   Number         0  arm_const_structs.o ABSOLUTE
    ..\..\Source\ComplexMathFunctions\arm_cmplx_mag_q15.c 0x00000000   Number         0  arm_cmplx_mag_q15.o ABSOLUTE
    ..\..\Source\FastMathFunctions\arm_sqrt_q15.c 0x00000000   Number         0  arm_sqrt_q15.o ABSOLUTE
    ..\..\Source\TransformFunctions\arm_bitreversal.c 0x00000000   Number         0  arm_bitreversal.o ABSOLUTE
    ..\..\Source\TransformFunctions\arm_cfft_q15.c 0x00000000   Number         0  arm_cfft_q15.o ABSOLUTE
    ..\..\Source\TransformFunctions\arm_cfft_radix4_q15.c 0x00000000   Number         0  arm_cfft_radix4_q15.o ABSOLUTE
    ..\..\Source\TransformFunctions\arm_rfft_init_q15.c 0x00000000   Number         0  arm_rfft_init_q15.o ABSOLUTE
    ..\..\Source\TransformFunctions\arm_rfft_init_q31.c 0x00000000   Number         0  arm_rfft_init_q31.o ABSOLUTE
    ..\..\Source\TransformFunctions\arm_rfft_q15.c 0x00000000   Number         0  arm_rfft_q15.o ABSOLUTE
    ..\Core\Src\main.c                       0x00000000   Number         0  main.o ABSOLUTE
    ..\Core\Src\system_stm32f4xx.c           0x00000000   Number         0  system_stm32f4xx.o ABSOLUTE
    ..\\..\\Source\\CommonTables\\arm_common_tables.c 0x00000000   Number         0  arm_common_tables.o ABSOLUTE
    ..\\..\\Source\\CommonTables\\arm_const_structs.c 0x00000000   Number         0  arm_const_structs.o ABSOLUTE
    ..\\..\\Source\\ComplexMathFunctions\\arm_cmplx_mag_q15.c 0x00000000   Number         0  arm_cmplx_mag_q15.o ABSOLUTE
    ..\\..\\Source\\FastMathFunctions\\arm_sqrt_q15.c 0x00000000   Number         0  arm_sqrt_q15.o ABSOLUTE
    ..\\..\\Source\\TransformFunctions\\arm_bitreversal.c 0x00000000   Number         0  arm_bitreversal.o ABSOLUTE
    ..\\..\\Source\\TransformFunctions\\arm_bitreversal2.S 0x00000000   Number         0  arm_bitreversal2.o ABSOLUTE
    ..\\..\\Source\\TransformFunctions\\arm_cfft_q15.c 0x00000000   Number         0  arm_cfft_q15.o ABSOLUTE
    ..\\..\\Source\\TransformFunctions\\arm_cfft_radix4_q15.c 0x00000000   Number         0  arm_cfft_radix4_q15.o ABSOLUTE
    ..\\..\\Source\\TransformFunctions\\arm_rfft_init_q15.c 0x00000000   Number         0  arm_rfft_init_q15.o ABSOLUTE
    ..\\..\\Source\\TransformFunctions\\arm_rfft_init_q31.c 0x00000000   Number         0  arm_rfft_init_q31.o ABSOLUTE
    ..\\..\\Source\\TransformFunctions\\arm_rfft_q15.c 0x00000000   Number         0  arm_rfft_q15.o ABSOLUTE
    CMSIS_My.c                               0x00000000   Number         0  cmsis_my.o ABSOLUTE
    CMSIS_My.c                               0x00000000   Number         0  cmsis_my.o ABSOLUTE
    ILI9341\\ili9341.c                       0x00000000   Number         0  ili9341.o ABSOLUTE
    ILI9341\\lcd_ili9341.c                   0x00000000   Number         0  lcd_ili9341.o ABSOLUTE
    ILI9341\font12.c                         0x00000000   Number         0  font12.o ABSOLUTE
    ILI9341\font16.c                         0x00000000   Number         0  font16.o ABSOLUTE
    ILI9341\font20.c                         0x00000000   Number         0  font20.o ABSOLUTE
    ILI9341\font24.c                         0x00000000   Number         0  font24.o ABSOLUTE
    ILI9341\font8.c                          0x00000000   Number         0  font8.o ABSOLUTE
    ILI9341\ili9341.c                        0x00000000   Number         0  ili9341.o ABSOLUTE
    ILI9341\lcd_ili9341.c                    0x00000000   Number         0  lcd_ili9341.o ABSOLUTE
    Interrupt.c                              0x00000000   Number         0  interrupt.o ABSOLUTE
    Interrupt.c                              0x00000000   Number         0  interrupt.o ABSOLUTE
    cdrcmple.s                               0x00000000   Number         0  cdrcmple.o ABSOLUTE
    dc.s                                     0x00000000   Number         0  dc.o ABSOLUTE
    handlers.s                               0x00000000   Number         0  handlers.o ABSOLUTE
    init.s                                   0x00000000   Number         0  init.o ABSOLUTE
    startup_stm32f407xx.s                    0x00000000   Number         0  startup_stm32f407xx.o ABSOLUTE
    RESET                                    0x08000000   Section      392  startup_stm32f407xx.o(RESET)
    . text                                   0x08000188   Section      192  arm_bitreversal2.o(. text)
    $v0                                      0x08000188   Number         0  arm_bitreversal2.o(. text)
    .ARM.Collect$$$$00000000                 0x08000248   Section        0  entry.o(.ARM.Collect$$$$00000000)
    .ARM.Collect$$$$00000001                 0x08000248   Section        4  entry2.o(.ARM.Collect$$$$00000001)
    .ARM.Collect$$$$00000004                 0x0800024c   Section        4  entry5.o(.ARM.Collect$$$$00000004)
    .ARM.Collect$$$$00000008                 0x08000250   Section        0  entry7b.o(.ARM.Collect$$$$00000008)
    .ARM.Collect$$$$0000000A                 0x08000250   Section        0  entry8b.o(.ARM.Collect$$$$0000000A)
    .ARM.Collect$$$$0000000B                 0x08000250   Section        8  entry9a.o(.ARM.Collect$$$$0000000B)
    .ARM.Collect$$$$0000000E                 0x08000258   Section        4  entry12b.o(.ARM.Collect$$$$0000000E)
    .ARM.Collect$$$$0000000F                 0x0800025c   Section        0  entry10a.o(.ARM.Collect$$$$0000000F)
    .ARM.Collect$$$$00000011                 0x0800025c   Section        0  entry11a.o(.ARM.Collect$$$$00000011)
    .ARM.Collect$$$$00002712                 0x0800025c   Section        4  entry2.o(.ARM.Collect$$$$00002712)
    __lit__00000000                          0x0800025c   Data           4  entry2.o(.ARM.Collect$$$$00002712)
    .text                                    0x08000260   Section       36  startup_stm32f407xx.o(.text)
    $v0                                      0x08000260   Number         0  startup_stm32f407xx.o(.text)
    .text                                    0x08000284   Section        0  arm_cmplx_mag_q15.o(.text)
    .text                                    0x0800030c   Section        0  arm_rfft_init_q15.o(.text)
    .text                                    0x080003d8   Section        0  arm_rfft_q15.o(.text)
    .text                                    0x08000654   Section        0  arm_sqrt_q15.o(.text)
    .text                                    0x0800074c   Section        0  arm_cfft_q15.o(.text)
    .text                                    0x08000a94   Section        0  arm_cfft_radix4_q15.o(.text)
    .text                                    0x08000f72   Section        0  arm_bitreversal.o(.text)
    .text                                    0x08001148   Section        0  f2d.o(.text)
    .text                                    0x0800116e   Section        0  uidiv.o(.text)
    .text                                    0x0800119a   Section        0  uldiv.o(.text)
    .text                                    0x080011fc   Section        0  iusefp.o(.text)
    .text                                    0x080011fc   Section        0  dadd.o(.text)
    .text                                    0x0800134a   Section        0  dmul.o(.text)
    .text                                    0x0800142e   Section        0  ddiv.o(.text)
    .text                                    0x0800150c   Section        0  dfixul.o(.text)
    .text                                    0x0800153c   Section       48  cdrcmple.o(.text)
    .text                                    0x0800156c   Section       36  init.o(.text)
    .text                                    0x08001590   Section        0  llshl.o(.text)
    .text                                    0x080015ae   Section        0  llushr.o(.text)
    .text                                    0x080015ce   Section        0  llsshr.o(.text)
    .text                                    0x080015f2   Section        0  depilogue.o(.text)
    i.ADC1_2_Dual_Init                       0x080016ac   Section        0  cmsis_my.o(i.ADC1_2_Dual_Init)
    i.ADC3_Init                              0x0800185c   Section        0  cmsis_my.o(i.ADC3_Init)
    i.ADC_IRQHandler                         0x080019ac   Section        0  interrupt.o(i.ADC_IRQHandler)
    i.Button_K1_Init                         0x080019ec   Section        0  cmsis_my.o(i.Button_K1_Init)
    i.DMA2_Stream0_IRQHandler                0x08001a60   Section        0  interrupt.o(i.DMA2_Stream0_IRQHandler)
    i.DMA2_Stream1_IRQHandler                0x08001a84   Section        0  interrupt.o(i.DMA2_Stream1_IRQHandler)
    i.DMA_Init                               0x08001aa8   Section        0  cmsis_my.o(i.DMA_Init)
    i.Delay                                  0x08001ac8   Section        0  interrupt.o(i.Delay)
    i.EXTI3_IRQHandler                       0x08001ad8   Section        0  interrupt.o(i.EXTI3_IRQHandler)
    i.FSMC_Init                              0x08001af0   Section        0  cmsis_my.o(i.FSMC_Init)
    i.GPIOA6_Init                            0x08001bb4   Section        0  cmsis_my.o(i.GPIOA6_Init)
    i.GPIOA7_Init                            0x08001be4   Section        0  cmsis_my.o(i.GPIOA7_Init)
    i.GPIOB1_Init                            0x08001c14   Section        0  cmsis_my.o(i.GPIOB1_Init)
    i.SysTick_Handler                        0x08001c44   Section        0  interrupt.o(i.SysTick_Handler)
    i.SysTick_Init                           0x08001c60   Section        0  cmsis_my.o(i.SysTick_Init)
    i.Sys_Clock_168MHz                       0x08001ca4   Section        0  cmsis_my.o(i.Sys_Clock_168MHz)
    i.SystemInit                             0x08001d78   Section        0  system_stm32f4xx.o(i.SystemInit)
    i.TIM2_IRQHandler                        0x08001d88   Section        0  interrupt.o(i.TIM2_IRQHandler)
    i.TIM2_Init                              0x08001dc0   Section        0  cmsis_my.o(i.TIM2_Init)
    i.TIM3_IRQHandler                        0x08001e10   Section        0  interrupt.o(i.TIM3_IRQHandler)
    i.TIM3_Init                              0x08001e48   Section        0  cmsis_my.o(i.TIM3_Init)
    i.TIM4_IRQHandler                        0x08001eac   Section        0  interrupt.o(i.TIM4_IRQHandler)
    i.TIM4_Init                              0x08001ecc   Section        0  cmsis_my.o(i.TIM4_Init)
    i.__0vsprintf                            0x08001f34   Section        0  printfa.o(i.__0vsprintf)
    i.__NVIC_EnableIRQ                       0x08001f58   Section        0  cmsis_my.o(i.__NVIC_EnableIRQ)
    __NVIC_EnableIRQ                         0x08001f59   Thumb Code    26  cmsis_my.o(i.__NVIC_EnableIRQ)
    i.__scatterload_copy                     0x08001f72   Section       14  handlers.o(i.__scatterload_copy)
    i.__scatterload_null                     0x08001f80   Section        2  handlers.o(i.__scatterload_null)
    i.__scatterload_zeroinit                 0x08001f82   Section       14  handlers.o(i.__scatterload_zeroinit)
    i._fp_digits                             0x08001f90   Section        0  printfa.o(i._fp_digits)
    _fp_digits                               0x08001f91   Thumb Code   366  printfa.o(i._fp_digits)
    i._printf_core                           0x08002114   Section        0  printfa.o(i._printf_core)
    _printf_core                             0x08002115   Thumb Code  1704  printfa.o(i._printf_core)
    i._printf_post_padding                   0x080027c8   Section        0  printfa.o(i._printf_post_padding)
    _printf_post_padding                     0x080027c9   Thumb Code    36  printfa.o(i._printf_post_padding)
    i._printf_pre_padding                    0x080027ec   Section        0  printfa.o(i._printf_pre_padding)
    _printf_pre_padding                      0x080027ed   Thumb Code    46  printfa.o(i._printf_pre_padding)
    i._sputc                                 0x0800281a   Section        0  printfa.o(i._sputc)
    _sputc                                   0x0800281b   Thumb Code    10  printfa.o(i._sputc)
    i.lcdBacklightOn                         0x08002824   Section        0  ili9341.o(i.lcdBacklightOn)
    i.lcdBuildMemoryAccessControlConfig      0x08002830   Section        0  ili9341.o(i.lcdBuildMemoryAccessControlConfig)
    lcdBuildMemoryAccessControlConfig        0x08002831   Thumb Code    48  ili9341.o(i.lcdBuildMemoryAccessControlConfig)
    i.lcdDrawChar                            0x08002860   Section        0  ili9341.o(i.lcdDrawChar)
    i.lcdDrawHLine                           0x08002924   Section        0  ili9341.o(i.lcdDrawHLine)
    i.lcdDrawLine                            0x08002968   Section        0  ili9341.o(i.lcdDrawLine)
    i.lcdDrawPixel                           0x08002a08   Section        0  ili9341.o(i.lcdDrawPixel)
    i.lcdDrawVLine                           0x08002a30   Section        0  ili9341.o(i.lcdDrawVLine)
    i.lcdFillRGB                             0x08002a7c   Section        0  ili9341.o(i.lcdFillRGB)
    i.lcdGrid                                0x08002ab0   Section        0  ili9341.o(i.lcdGrid)
    i.lcdInit                                0x08002b88   Section        0  ili9341.o(i.lcdInit)
    i.lcdPrintf                              0x08002d64   Section        0  ili9341.o(i.lcdPrintf)
    i.lcdSetCursor                           0x08002e10   Section        0  ili9341.o(i.lcdSetCursor)
    i.lcdSetOrientation                      0x08002e24   Section        0  ili9341.o(i.lcdSetOrientation)
    i.lcdSetWindow                           0x08002e84   Section        0  ili9341.o(i.lcdSetWindow)
    i.lcdSquare                              0x08002ec0   Section        0  ili9341.o(i.lcdSquare)
    i.main                                   0x08002f04   Section        0  main.o(i.main)
    .constdata                               0x08003120   Section     1140  font12.o(.constdata)
    .constdata                               0x08003594   Section    32768  arm_rfft_init_q15.o(.constdata)
    .constdata                               0x0800b594   Section       16  arm_const_structs.o(.constdata)
    .constdata                               0x0800b5a4   Section       16  arm_const_structs.o(.constdata)
    .constdata                               0x0800b5b4   Section       16  arm_const_structs.o(.constdata)
    .constdata                               0x0800b5c4   Section       16  arm_const_structs.o(.constdata)
    .constdata                               0x0800b5d4   Section       16  arm_const_structs.o(.constdata)
    .constdata                               0x0800b5e4   Section       16  arm_const_structs.o(.constdata)
    .constdata                               0x0800b5f4   Section       16  arm_const_structs.o(.constdata)
    .constdata                               0x0800b604   Section       16  arm_const_structs.o(.constdata)
    .constdata                               0x0800b614   Section       16  arm_const_structs.o(.constdata)
    .constdata                               0x0800b624   Section       48  arm_common_tables.o(.constdata)
    .constdata                               0x0800b654   Section       96  arm_common_tables.o(.constdata)
    .constdata                               0x0800b6b4   Section      192  arm_common_tables.o(.constdata)
    .constdata                               0x0800b774   Section      384  arm_common_tables.o(.constdata)
    .constdata                               0x0800b8f4   Section      768  arm_common_tables.o(.constdata)
    .constdata                               0x0800bbf4   Section     1536  arm_common_tables.o(.constdata)
    .constdata                               0x0800c1f4   Section     3072  arm_common_tables.o(.constdata)
    .constdata                               0x0800cdf4   Section     6144  arm_common_tables.o(.constdata)
    .constdata                               0x0800e5f4   Section    12288  arm_common_tables.o(.constdata)
    .constdata                               0x080115f4   Section       24  arm_common_tables.o(.constdata)
    .constdata                               0x0801160c   Section       48  arm_common_tables.o(.constdata)
    .constdata                               0x0801163c   Section      112  arm_common_tables.o(.constdata)
    .constdata                               0x080116ac   Section      224  arm_common_tables.o(.constdata)
    .constdata                               0x0801178c   Section      480  arm_common_tables.o(.constdata)
    .constdata                               0x0801196c   Section      960  arm_common_tables.o(.constdata)
    .constdata                               0x08011d2c   Section     1984  arm_common_tables.o(.constdata)
    .constdata                               0x080124ec   Section     3968  arm_common_tables.o(.constdata)
    .constdata                               0x0801346c   Section     8064  arm_common_tables.o(.constdata)
    .data                                    0x20000000   Section       20  main.o(.data)
    .data                                    0x20000014   Section       20  interrupt.o(.data)
    .data                                    0x20000028   Section        8  font12.o(.data)
    .data                                    0x20000030   Section       32  ili9341.o(.data)
    lcdPortraitConfig                        0x20000030   Data           1  ili9341.o(.data)
    lcdLandscapeConfig                       0x20000031   Data           1  ili9341.o(.data)
    lcdPortraitMirrorConfig                  0x20000032   Data           1  ili9341.o(.data)
    lcdLandscapeMirrorConfig                 0x20000033   Data           1  ili9341.o(.data)
    cursorXY                                 0x20000034   Data           4  ili9341.o(.data)
    lcdProperties                            0x20000038   Data           8  ili9341.o(.data)
    lcdFont                                  0x20000040   Data          16  ili9341.o(.data)
    .bss                                     0x20000050   Section     4220  main.o(.bss)
    .bss                                     0x200010cc   Section       20  interrupt.o(.bss)
    .bss                                     0x200010e0   Section      200  interrupt.o(.bss)
    .bss                                     0x200011a8   Section     2048  interrupt.o(.bss)
    .bss                                     0x200019a8   Section      256  ili9341.o(.bss)
    buf                                      0x200019a8   Data         256  ili9341.o(.bss)
    STACK                                    0x20001aa8   Section     1024  startup_stm32f407xx.o(STACK)

    Global Symbols

    Symbol Name                              Value     Ov Type        Size  Object(Section)

    BuildAttributes$$THM_ISAv4$E$P$D$K$B$S$7EM$VFPi3$EXTD16$VFPS$VFMA$PE$A:L22UL41UL21$X:L11$S22US41US21$IEEE1$IW$USESV6$~STKCKD$USESV7$~SHL$OTIME$ROPI$IEEEX$EBA8$MICROLIB$REQ8$PRES8$EABIv2 0x00000000   Number         0  anon$$obj.o ABSOLUTE
    __ARM_use_no_argv                        0x00000000   Number         0  main.o ABSOLUTE
    __arm_fini_                               - Undefined Weak Reference
    __cpp_initialize__aeabi_                  - Undefined Weak Reference
    __cxa_finalize                            - Undefined Weak Reference
    __decompress                              - Undefined Weak Reference
    _clock_init                               - Undefined Weak Reference
    _microlib_exit                            - Undefined Weak Reference
    __Vectors_Size                           0x00000188   Number         0  startup_stm32f407xx.o ABSOLUTE
    __Vectors                                0x08000000   Data           4  startup_stm32f407xx.o(RESET)
    __Vectors_End                            0x08000188   Data           0  startup_stm32f407xx.o(RESET)
    arm_bitreversal_32                       0x08000189   Thumb Code   106  arm_bitreversal2.o(. text)
    arm_bitreversal_16                       0x080001f3   Thumb Code    86  arm_bitreversal2.o(. text)
    __main                                   0x08000249   Thumb Code     0  entry.o(.ARM.Collect$$$$00000000)
    _main_stk                                0x08000249   Thumb Code     0  entry2.o(.ARM.Collect$$$$00000001)
    _main_scatterload                        0x0800024d   Thumb Code     0  entry5.o(.ARM.Collect$$$$00000004)
    __main_after_scatterload                 0x08000251   Thumb Code     0  entry5.o(.ARM.Collect$$$$00000004)
    _main_clock                              0x08000251   Thumb Code     0  entry7b.o(.ARM.Collect$$$$00000008)
    _main_cpp_init                           0x08000251   Thumb Code     0  entry8b.o(.ARM.Collect$$$$0000000A)
    _main_init                               0x08000251   Thumb Code     0  entry9a.o(.ARM.Collect$$$$0000000B)
    __rt_lib_shutdown_fini                   0x08000259   Thumb Code     0  entry12b.o(.ARM.Collect$$$$0000000E)
    __rt_final_cpp                           0x0800025d   Thumb Code     0  entry10a.o(.ARM.Collect$$$$0000000F)
    __rt_final_exit                          0x0800025d   Thumb Code     0  entry11a.o(.ARM.Collect$$$$00000011)
    Reset_Handler                            0x08000261   Thumb Code     8  startup_stm32f407xx.o(.text)
    NMI_Handler                              0x08000269   Thumb Code     2  startup_stm32f407xx.o(.text)
    HardFault_Handler                        0x0800026b   Thumb Code     2  startup_stm32f407xx.o(.text)
    MemManage_Handler                        0x0800026d   Thumb Code     2  startup_stm32f407xx.o(.text)
    BusFault_Handler                         0x0800026f   Thumb Code     2  startup_stm32f407xx.o(.text)
    UsageFault_Handler                       0x08000271   Thumb Code     2  startup_stm32f407xx.o(.text)
    SVC_Handler                              0x08000273   Thumb Code     2  startup_stm32f407xx.o(.text)
    DebugMon_Handler                         0x08000275   Thumb Code     2  startup_stm32f407xx.o(.text)
    PendSV_Handler                           0x08000277   Thumb Code     2  startup_stm32f407xx.o(.text)
    CAN1_RX0_IRQHandler                      0x0800027b   Thumb Code     0  startup_stm32f407xx.o(.text)
    CAN1_RX1_IRQHandler                      0x0800027b   Thumb Code     0  startup_stm32f407xx.o(.text)
    CAN1_SCE_IRQHandler                      0x0800027b   Thumb Code     0  startup_stm32f407xx.o(.text)
    CAN1_TX_IRQHandler                       0x0800027b   Thumb Code     0  startup_stm32f407xx.o(.text)
    CAN2_RX0_IRQHandler                      0x0800027b   Thumb Code     0  startup_stm32f407xx.o(.text)
    CAN2_RX1_IRQHandler                      0x0800027b   Thumb Code     0  startup_stm32f407xx.o(.text)
    CAN2_SCE_IRQHandler                      0x0800027b   Thumb Code     0  startup_stm32f407xx.o(.text)
    CAN2_TX_IRQHandler                       0x0800027b   Thumb Code     0  startup_stm32f407xx.o(.text)
    DCMI_IRQHandler                          0x0800027b   Thumb Code     0  startup_stm32f407xx.o(.text)
    DMA1_Stream0_IRQHandler                  0x0800027b   Thumb Code     0  startup_stm32f407xx.o(.text)
    DMA1_Stream1_IRQHandler                  0x0800027b   Thumb Code     0  startup_stm32f407xx.o(.text)
    DMA1_Stream2_IRQHandler                  0x0800027b   Thumb Code     0  startup_stm32f407xx.o(.text)
    DMA1_Stream3_IRQHandler                  0x0800027b   Thumb Code     0  startup_stm32f407xx.o(.text)
    DMA1_Stream4_IRQHandler                  0x0800027b   Thumb Code     0  startup_stm32f407xx.o(.text)
    DMA1_Stream5_IRQHandler                  0x0800027b   Thumb Code     0  startup_stm32f407xx.o(.text)
    DMA1_Stream6_IRQHandler                  0x0800027b   Thumb Code     0  startup_stm32f407xx.o(.text)
    DMA1_Stream7_IRQHandler                  0x0800027b   Thumb Code     0  startup_stm32f407xx.o(.text)
    DMA2_Stream2_IRQHandler                  0x0800027b   Thumb Code     0  startup_stm32f407xx.o(.text)
    DMA2_Stream3_IRQHandler                  0x0800027b   Thumb Code     0  startup_stm32f407xx.o(.text)
    DMA2_Stream4_IRQHandler                  0x0800027b   Thumb Code     0  startup_stm32f407xx.o(.text)
    DMA2_Stream5_IRQHandler                  0x0800027b   Thumb Code     0  startup_stm32f407xx.o(.text)
    DMA2_Stream6_IRQHandler                  0x0800027b   Thumb Code     0  startup_stm32f407xx.o(.text)
    DMA2_Stream7_IRQHandler                  0x0800027b   Thumb Code     0  startup_stm32f407xx.o(.text)
    ETH_IRQHandler                           0x0800027b   Thumb Code     0  startup_stm32f407xx.o(.text)
    ETH_WKUP_IRQHandler                      0x0800027b   Thumb Code     0  startup_stm32f407xx.o(.text)
    EXTI0_IRQHandler                         0x0800027b   Thumb Code     0  startup_stm32f407xx.o(.text)
    EXTI15_10_IRQHandler                     0x0800027b   Thumb Code     0  startup_stm32f407xx.o(.text)
    EXTI1_IRQHandler                         0x0800027b   Thumb Code     0  startup_stm32f407xx.o(.text)
    EXTI2_IRQHandler                         0x0800027b   Thumb Code     0  startup_stm32f407xx.o(.text)
    EXTI4_IRQHandler                         0x0800027b   Thumb Code     0  startup_stm32f407xx.o(.text)
    EXTI9_5_IRQHandler                       0x0800027b   Thumb Code     0  startup_stm32f407xx.o(.text)
    FLASH_IRQHandler                         0x0800027b   Thumb Code     0  startup_stm32f407xx.o(.text)
    FMC_IRQHandler                           0x0800027b   Thumb Code     0  startup_stm32f407xx.o(.text)
    FPU_IRQHandler                           0x0800027b   Thumb Code     0  startup_stm32f407xx.o(.text)
    HASH_RNG_IRQHandler                      0x0800027b   Thumb Code     0  startup_stm32f407xx.o(.text)
    I2C1_ER_IRQHandler                       0x0800027b   Thumb Code     0  startup_stm32f407xx.o(.text)
    I2C1_EV_IRQHandler                       0x0800027b   Thumb Code     0  startup_stm32f407xx.o(.text)
    I2C2_ER_IRQHandler                       0x0800027b   Thumb Code     0  startup_stm32f407xx.o(.text)
    I2C2_EV_IRQHandler                       0x0800027b   Thumb Code     0  startup_stm32f407xx.o(.text)
    I2C3_ER_IRQHandler                       0x0800027b   Thumb Code     0  startup_stm32f407xx.o(.text)
    I2C3_EV_IRQHandler                       0x0800027b   Thumb Code     0  startup_stm32f407xx.o(.text)
    OTG_FS_IRQHandler                        0x0800027b   Thumb Code     0  startup_stm32f407xx.o(.text)
    OTG_FS_WKUP_IRQHandler                   0x0800027b   Thumb Code     0  startup_stm32f407xx.o(.text)
    OTG_HS_EP1_IN_IRQHandler                 0x0800027b   Thumb Code     0  startup_stm32f407xx.o(.text)
    OTG_HS_EP1_OUT_IRQHandler                0x0800027b   Thumb Code     0  startup_stm32f407xx.o(.text)
    OTG_HS_IRQHandler                        0x0800027b   Thumb Code     0  startup_stm32f407xx.o(.text)
    OTG_HS_WKUP_IRQHandler                   0x0800027b   Thumb Code     0  startup_stm32f407xx.o(.text)
    PVD_IRQHandler                           0x0800027b   Thumb Code     0  startup_stm32f407xx.o(.text)
    RCC_IRQHandler                           0x0800027b   Thumb Code     0  startup_stm32f407xx.o(.text)
    RTC_Alarm_IRQHandler                     0x0800027b   Thumb Code     0  startup_stm32f407xx.o(.text)
    RTC_WKUP_IRQHandler                      0x0800027b   Thumb Code     0  startup_stm32f407xx.o(.text)
    SDIO_IRQHandler                          0x0800027b   Thumb Code     0  startup_stm32f407xx.o(.text)
    SPI1_IRQHandler                          0x0800027b   Thumb Code     0  startup_stm32f407xx.o(.text)
    SPI2_IRQHandler                          0x0800027b   Thumb Code     0  startup_stm32f407xx.o(.text)
    SPI3_IRQHandler                          0x0800027b   Thumb Code     0  startup_stm32f407xx.o(.text)
    TAMP_STAMP_IRQHandler                    0x0800027b   Thumb Code     0  startup_stm32f407xx.o(.text)
    TIM1_BRK_TIM9_IRQHandler                 0x0800027b   Thumb Code     0  startup_stm32f407xx.o(.text)
    TIM1_CC_IRQHandler                       0x0800027b   Thumb Code     0  startup_stm32f407xx.o(.text)
    TIM1_TRG_COM_TIM11_IRQHandler            0x0800027b   Thumb Code     0  startup_stm32f407xx.o(.text)
    TIM1_UP_TIM10_IRQHandler                 0x0800027b   Thumb Code     0  startup_stm32f407xx.o(.text)
    TIM5_IRQHandler                          0x0800027b   Thumb Code     0  startup_stm32f407xx.o(.text)
    TIM6_DAC_IRQHandler                      0x0800027b   Thumb Code     0  startup_stm32f407xx.o(.text)
    TIM7_IRQHandler                          0x0800027b   Thumb Code     0  startup_stm32f407xx.o(.text)
    TIM8_BRK_TIM12_IRQHandler                0x0800027b   Thumb Code     0  startup_stm32f407xx.o(.text)
    TIM8_CC_IRQHandler                       0x0800027b   Thumb Code     0  startup_stm32f407xx.o(.text)
    TIM8_TRG_COM_TIM14_IRQHandler            0x0800027b   Thumb Code     0  startup_stm32f407xx.o(.text)
    TIM8_UP_TIM13_IRQHandler                 0x0800027b   Thumb Code     0  startup_stm32f407xx.o(.text)
    UART4_IRQHandler                         0x0800027b   Thumb Code     0  startup_stm32f407xx.o(.text)
    UART5_IRQHandler                         0x0800027b   Thumb Code     0  startup_stm32f407xx.o(.text)
    USART1_IRQHandler                        0x0800027b   Thumb Code     0  startup_stm32f407xx.o(.text)
    USART2_IRQHandler                        0x0800027b   Thumb Code     0  startup_stm32f407xx.o(.text)
    USART3_IRQHandler                        0x0800027b   Thumb Code     0  startup_stm32f407xx.o(.text)
    USART6_IRQHandler                        0x0800027b   Thumb Code     0  startup_stm32f407xx.o(.text)
    WWDG_IRQHandler                          0x0800027b   Thumb Code     0  startup_stm32f407xx.o(.text)
    arm_cmplx_mag_q15                        0x08000285   Thumb Code   134  arm_cmplx_mag_q15.o(.text)
    arm_rfft_init_q15                        0x0800030d   Thumb Code   164  arm_rfft_init_q15.o(.text)
    arm_split_rfft_q15                       0x080003d9   Thumb Code   170  arm_rfft_q15.o(.text)
    arm_split_rifft_q15                      0x08000483   Thumb Code    88  arm_rfft_q15.o(.text)
    arm_rfft_q15                             0x080004db   Thumb Code   376  arm_rfft_q15.o(.text)
    arm_sqrt_q15                             0x08000655   Thumb Code   234  arm_sqrt_q15.o(.text)
    arm_cfft_radix4by2_q15                   0x0800074d   Thumb Code   172  arm_cfft_q15.o(.text)
    arm_cfft_radix4by2_inverse_q15           0x080007f9   Thumb Code   172  arm_cfft_q15.o(.text)
    arm_cfft_q15                             0x080008a5   Thumb Code   496  arm_cfft_q15.o(.text)
    arm_radix4_butterfly_q15                 0x08000a95   Thumb Code   596  arm_cfft_radix4_q15.o(.text)
    arm_radix4_butterfly_inverse_q15         0x08000ce9   Thumb Code   596  arm_cfft_radix4_q15.o(.text)
    arm_cfft_radix4_q15                      0x08000f3d   Thumb Code    54  arm_cfft_radix4_q15.o(.text)
    arm_bitreversal_f32                      0x08000f73   Thumb Code   178  arm_bitreversal.o(.text)
    arm_bitreversal_q31                      0x08001025   Thumb Code   170  arm_bitreversal.o(.text)
    arm_bitreversal_q15                      0x080010cf   Thumb Code   122  arm_bitreversal.o(.text)
    __aeabi_f2d                              0x08001149   Thumb Code    38  f2d.o(.text)
    __aeabi_uidiv                            0x0800116f   Thumb Code     0  uidiv.o(.text)
    __aeabi_uidivmod                         0x0800116f   Thumb Code    44  uidiv.o(.text)
    __aeabi_uldivmod                         0x0800119b   Thumb Code    98  uldiv.o(.text)
    __I$use$fp                               0x080011fd   Thumb Code     0  iusefp.o(.text)
    __aeabi_dadd                             0x080011fd   Thumb Code   322  dadd.o(.text)
    __aeabi_dsub                             0x0800133f   Thumb Code     6  dadd.o(.text)
    __aeabi_drsub                            0x08001345   Thumb Code     6  dadd.o(.text)
    __aeabi_dmul                             0x0800134b   Thumb Code   228  dmul.o(.text)
    __aeabi_ddiv                             0x0800142f   Thumb Code   222  ddiv.o(.text)
    __aeabi_d2ulz                            0x0800150d   Thumb Code    48  dfixul.o(.text)
    __aeabi_cdrcmple                         0x0800153d   Thumb Code    48  cdrcmple.o(.text)
    __scatterload                            0x0800156d   Thumb Code    28  init.o(.text)
    __scatterload_rt2                        0x0800156d   Thumb Code     0  init.o(.text)
    __aeabi_llsl                             0x08001591   Thumb Code    30  llshl.o(.text)
    _ll_shift_l                              0x08001591   Thumb Code     0  llshl.o(.text)
    __aeabi_llsr                             0x080015af   Thumb Code    32  llushr.o(.text)
    _ll_ushift_r                             0x080015af   Thumb Code     0  llushr.o(.text)
    __aeabi_lasr                             0x080015cf   Thumb Code    36  llsshr.o(.text)
    _ll_sshift_r                             0x080015cf   Thumb Code     0  llsshr.o(.text)
    _double_round                            0x080015f3   Thumb Code    30  depilogue.o(.text)
    _double_epilogue                         0x08001611   Thumb Code   156  depilogue.o(.text)
    ADC1_2_Dual_Init                         0x080016ad   Thumb Code   408  cmsis_my.o(i.ADC1_2_Dual_Init)
    ADC3_Init                                0x0800185d   Thumb Code   312  cmsis_my.o(i.ADC3_Init)
    ADC_IRQHandler                           0x080019ad   Thumb Code    52  interrupt.o(i.ADC_IRQHandler)
    Button_K1_Init                           0x080019ed   Thumb Code    98  cmsis_my.o(i.Button_K1_Init)
    DMA2_Stream0_IRQHandler                  0x08001a61   Thumb Code    28  interrupt.o(i.DMA2_Stream0_IRQHandler)
    DMA2_Stream1_IRQHandler                  0x08001a85   Thumb Code    26  interrupt.o(i.DMA2_Stream1_IRQHandler)
    DMA_Init                                 0x08001aa9   Thumb Code    28  cmsis_my.o(i.DMA_Init)
    Delay                                    0x08001ac9   Thumb Code    12  interrupt.o(i.Delay)
    EXTI3_IRQHandler                         0x08001ad9   Thumb Code    14  interrupt.o(i.EXTI3_IRQHandler)
    FSMC_Init                                0x08001af1   Thumb Code   152  cmsis_my.o(i.FSMC_Init)
    GPIOA6_Init                              0x08001bb5   Thumb Code    38  cmsis_my.o(i.GPIOA6_Init)
    GPIOA7_Init                              0x08001be5   Thumb Code    38  cmsis_my.o(i.GPIOA7_Init)
    GPIOB1_Init                              0x08001c15   Thumb Code    40  cmsis_my.o(i.GPIOB1_Init)
    SysTick_Handler                          0x08001c45   Thumb Code    22  interrupt.o(i.SysTick_Handler)
    SysTick_Init                             0x08001c61   Thumb Code    66  cmsis_my.o(i.SysTick_Init)
    Sys_Clock_168MHz                         0x08001ca5   Thumb Code   204  cmsis_my.o(i.Sys_Clock_168MHz)
    SystemInit                               0x08001d79   Thumb Code    12  system_stm32f4xx.o(i.SystemInit)
    TIM2_IRQHandler                          0x08001d89   Thumb Code    46  interrupt.o(i.TIM2_IRQHandler)
    TIM2_Init                                0x08001dc1   Thumb Code    74  cmsis_my.o(i.TIM2_Init)
    TIM3_IRQHandler                          0x08001e11   Thumb Code    44  interrupt.o(i.TIM3_IRQHandler)
    TIM3_Init                                0x08001e49   Thumb Code    92  cmsis_my.o(i.TIM3_Init)
    TIM4_IRQHandler                          0x08001ead   Thumb Code    24  interrupt.o(i.TIM4_IRQHandler)
    TIM4_Init                                0x08001ecd   Thumb Code    94  cmsis_my.o(i.TIM4_Init)
    __0vsprintf                              0x08001f35   Thumb Code    30  printfa.o(i.__0vsprintf)
    __1vsprintf                              0x08001f35   Thumb Code     0  printfa.o(i.__0vsprintf)
    __2vsprintf                              0x08001f35   Thumb Code     0  printfa.o(i.__0vsprintf)
    __c89vsprintf                            0x08001f35   Thumb Code     0  printfa.o(i.__0vsprintf)
    vsprintf                                 0x08001f35   Thumb Code     0  printfa.o(i.__0vsprintf)
    __scatterload_copy                       0x08001f73   Thumb Code    14  handlers.o(i.__scatterload_copy)
    __scatterload_null                       0x08001f81   Thumb Code     2  handlers.o(i.__scatterload_null)
    __scatterload_zeroinit                   0x08001f83   Thumb Code    14  handlers.o(i.__scatterload_zeroinit)
    lcdBacklightOn                           0x08002825   Thumb Code     8  ili9341.o(i.lcdBacklightOn)
    lcdDrawChar                              0x08002861   Thumb Code   192  ili9341.o(i.lcdDrawChar)
    lcdDrawHLine                             0x08002925   Thumb Code    60  ili9341.o(i.lcdDrawHLine)
    lcdDrawLine                              0x08002969   Thumb Code   160  ili9341.o(i.lcdDrawLine)
    lcdDrawPixel                             0x08002a09   Thumb Code    32  ili9341.o(i.lcdDrawPixel)
    lcdDrawVLine                             0x08002a31   Thumb Code    68  ili9341.o(i.lcdDrawVLine)
    lcdFillRGB                               0x08002a7d   Thumb Code    44  ili9341.o(i.lcdFillRGB)
    lcdGrid                                  0x08002ab1   Thumb Code   216  ili9341.o(i.lcdGrid)
    lcdInit                                  0x08002b89   Thumb Code   468  ili9341.o(i.lcdInit)
    lcdPrintf                                0x08002d65   Thumb Code   162  ili9341.o(i.lcdPrintf)
    lcdSetCursor                             0x08002e11   Thumb Code    14  ili9341.o(i.lcdSetCursor)
    lcdSetOrientation                        0x08002e25   Thumb Code    88  ili9341.o(i.lcdSetOrientation)
    lcdSetWindow                             0x08002e85   Thumb Code    54  ili9341.o(i.lcdSetWindow)
    lcdSquare                                0x08002ec1   Thumb Code    66  ili9341.o(i.lcdSquare)
    main                                     0x08002f05   Thumb Code   432  main.o(i.main)
    Font12_Table                             0x08003120   Data        1140  font12.o(.constdata)
    realCoefAQ15                             0x08003594   Data       16384  arm_rfft_init_q15.o(.constdata)
    realCoefBQ15                             0x08007594   Data       16384  arm_rfft_init_q15.o(.constdata)
    arm_cfft_sR_q15_len16                    0x0800b594   Data          16  arm_const_structs.o(.constdata)
    arm_cfft_sR_q15_len32                    0x0800b5a4   Data          16  arm_const_structs.o(.constdata)
    arm_cfft_sR_q15_len64                    0x0800b5b4   Data          16  arm_const_structs.o(.constdata)
    arm_cfft_sR_q15_len128                   0x0800b5c4   Data          16  arm_const_structs.o(.constdata)
    arm_cfft_sR_q15_len256                   0x0800b5d4   Data          16  arm_const_structs.o(.constdata)
    arm_cfft_sR_q15_len512                   0x0800b5e4   Data          16  arm_const_structs.o(.constdata)
    arm_cfft_sR_q15_len1024                  0x0800b5f4   Data          16  arm_const_structs.o(.constdata)
    arm_cfft_sR_q15_len2048                  0x0800b604   Data          16  arm_const_structs.o(.constdata)
    arm_cfft_sR_q15_len4096                  0x0800b614   Data          16  arm_const_structs.o(.constdata)
    twiddleCoef_16_q15                       0x0800b624   Data          48  arm_common_tables.o(.constdata)
    twiddleCoef_32_q15                       0x0800b654   Data          96  arm_common_tables.o(.constdata)
    twiddleCoef_64_q15                       0x0800b6b4   Data         192  arm_common_tables.o(.constdata)
    twiddleCoef_128_q15                      0x0800b774   Data         384  arm_common_tables.o(.constdata)
    twiddleCoef_256_q15                      0x0800b8f4   Data         768  arm_common_tables.o(.constdata)
    twiddleCoef_512_q15                      0x0800bbf4   Data        1536  arm_common_tables.o(.constdata)
    twiddleCoef_1024_q15                     0x0800c1f4   Data        3072  arm_common_tables.o(.constdata)
    twiddleCoef_2048_q15                     0x0800cdf4   Data        6144  arm_common_tables.o(.constdata)
    twiddleCoef_4096_q15                     0x0800e5f4   Data       12288  arm_common_tables.o(.constdata)
    armBitRevIndexTable_fixed_16             0x080115f4   Data          24  arm_common_tables.o(.constdata)
    armBitRevIndexTable_fixed_32             0x0801160c   Data          48  arm_common_tables.o(.constdata)
    armBitRevIndexTable_fixed_64             0x0801163c   Data         112  arm_common_tables.o(.constdata)
    armBitRevIndexTable_fixed_128            0x080116ac   Data         224  arm_common_tables.o(.constdata)
    armBitRevIndexTable_fixed_256            0x0801178c   Data         480  arm_common_tables.o(.constdata)
    armBitRevIndexTable_fixed_512            0x0801196c   Data         960  arm_common_tables.o(.constdata)
    armBitRevIndexTable_fixed_1024           0x08011d2c   Data        1984  arm_common_tables.o(.constdata)
    armBitRevIndexTable_fixed_2048           0x080124ec   Data        3968  arm_common_tables.o(.constdata)
    armBitRevIndexTable_fixed_4096           0x0801346c   Data        8064  arm_common_tables.o(.constdata)
    Region$$Table$$Base                      0x080153ec   Number         0  anon$$obj.o(Region$$Table)
    Region$$Table$$Limit                     0x0801540c   Number         0  anon$$obj.o(Region$$Table)
    status                                   0x20000000   Data           1  main.o(.data)
    Amplitude                                0x20000002   Data           2  main.o(.data)
    ADC1_data_conv                           0x20000004   Data           4  main.o(.data)
    Temp_adc                                 0x20000008   Data           4  main.o(.data)
    T                                        0x2000000c   Data           4  main.o(.data)
    t_del                                    0x20000010   Data           4  main.o(.data)
    flag_lcd_update                          0x20000014   Data           1  interrupt.o(.data)
    flag_tim3                                0x20000015   Data           1  interrupt.o(.data)
    flag_tim2                                0x20000016   Data           1  interrupt.o(.data)
    flag_button                              0x20000017   Data           1  interrupt.o(.data)
    flag_ADC1                                0x20000018   Data           1  interrupt.o(.data)
    flag_DMA_ADC1_2                          0x20000019   Data           1  interrupt.o(.data)
    flag_DMA_ADC3                            0x2000001a   Data           1  interrupt.o(.data)
    ADC1_Counter                             0x2000001b   Data           1  interrupt.o(.data)
    ADC1_data                                0x2000001c   Data           2  interrupt.o(.data)
    SysTimer_ms                              0x20000020   Data           4  interrupt.o(.data)
    Delay_ms                                 0x20000024   Data           4  interrupt.o(.data)
    Font12                                   0x20000028   Data           8  font12.o(.data)
    fft_Dbuff                                0x20000050   Data        4096  main.o(.bss)
    BUFF_ADC2                                0x20001050   Data         100  main.o(.bss)
    S                                        0x200010b4   Data          24  main.o(.bss)
    ADC1_data_avg                            0x200010cc   Data          20  interrupt.o(.bss)
    BUFF_ADC1_2                              0x200010e0   Data         200  interrupt.o(.bss)
    BUFF_ADC3                                0x200011a8   Data        2048  interrupt.o(.bss)
    __initial_sp                             0x20001ea8   Data           0  startup_stm32f407xx.o(STACK)



==============================================================================

Memory Map of the image

  Image Entry point : 0x08000249

  Load Region LR_IROM1 (Base: 0x08000000, Size: 0x0001545c, Max: 0x00080000, ABSOLUTE)

    Execution Region ER_IROM1 (Exec base: 0x08000000, Load base: 0x08000000, Size: 0x0001540c, Max: 0x00080000, ABSOLUTE)

    Exec Addr    Load Addr    Size         Type   Attr      Idx    E Section Name        Object

    0x08000000   0x08000000   0x00000188   Data   RO            3    RESET               startup_stm32f407xx.o
    0x08000188   0x08000188   0x000000c0   Code   RO         1069    . text              arm_cortexM4lf_math.lib(arm_bitreversal2.o)
    0x08000248   0x08000248   0x00000000   Code   RO         1179  * .ARM.Collect$$$$00000000  mc_w.l(entry.o)
    0x08000248   0x08000248   0x00000004   Code   RO         1212    .ARM.Collect$$$$00000001  mc_w.l(entry2.o)
    0x0800024c   0x0800024c   0x00000004   Code   RO         1215    .ARM.Collect$$$$00000004  mc_w.l(entry5.o)
    0x08000250   0x08000250   0x00000000   Code   RO         1217    .ARM.Collect$$$$00000008  mc_w.l(entry7b.o)
    0x08000250   0x08000250   0x00000000   Code   RO         1219    .ARM.Collect$$$$0000000A  mc_w.l(entry8b.o)
    0x08000250   0x08000250   0x00000008   Code   RO         1220    .ARM.Collect$$$$0000000B  mc_w.l(entry9a.o)
    0x08000258   0x08000258   0x00000004   Code   RO         1227    .ARM.Collect$$$$0000000E  mc_w.l(entry12b.o)
    0x0800025c   0x0800025c   0x00000000   Code   RO         1222    .ARM.Collect$$$$0000000F  mc_w.l(entry10a.o)
    0x0800025c   0x0800025c   0x00000000   Code   RO         1224    .ARM.Collect$$$$00000011  mc_w.l(entry11a.o)
    0x0800025c   0x0800025c   0x00000004   Code   RO         1213    .ARM.Collect$$$$00002712  mc_w.l(entry2.o)
    0x08000260   0x08000260   0x00000024   Code   RO            4    .text               startup_stm32f407xx.o
    0x08000284   0x08000284   0x00000086   Code   RO          789    .text               arm_cortexM4lf_math.lib(arm_cmplx_mag_q15.o)
    0x0800030a   0x0800030a   0x00000002   PAD
    0x0800030c   0x0800030c   0x000000cc   Code   RO          835    .text               arm_cortexM4lf_math.lib(arm_rfft_init_q15.o)
    0x080003d8   0x080003d8   0x0000027a   Code   RO          870    .text               arm_cortexM4lf_math.lib(arm_rfft_q15.o)
    0x08000652   0x08000652   0x00000002   PAD
    0x08000654   0x08000654   0x000000f8   Code   RO          895    .text               arm_cortexM4lf_math.lib(arm_sqrt_q15.o)
    0x0800074c   0x0800074c   0x00000348   Code   RO          919    .text               arm_cortexM4lf_math.lib(arm_cfft_q15.o)
    0x08000a94   0x08000a94   0x000004de   Code   RO         1021    .text               arm_cortexM4lf_math.lib(arm_cfft_radix4_q15.o)
    0x08000f72   0x08000f72   0x000001d6   Code   RO         1158    .text               arm_cortexM4lf_math.lib(arm_bitreversal.o)
    0x08001148   0x08001148   0x00000026   Code   RO         1210    .text               mf_w.l(f2d.o)
    0x0800116e   0x0800116e   0x0000002c   Code   RO         1231    .text               mc_w.l(uidiv.o)
    0x0800119a   0x0800119a   0x00000062   Code   RO         1233    .text               mc_w.l(uldiv.o)
    0x080011fc   0x080011fc   0x00000000   Code   RO         1235    .text               mc_w.l(iusefp.o)
    0x080011fc   0x080011fc   0x0000014e   Code   RO         1236    .text               mf_w.l(dadd.o)
    0x0800134a   0x0800134a   0x000000e4   Code   RO         1238    .text               mf_w.l(dmul.o)
    0x0800142e   0x0800142e   0x000000de   Code   RO         1240    .text               mf_w.l(ddiv.o)
    0x0800150c   0x0800150c   0x00000030   Code   RO         1242    .text               mf_w.l(dfixul.o)
    0x0800153c   0x0800153c   0x00000030   Code   RO         1244    .text               mf_w.l(cdrcmple.o)
    0x0800156c   0x0800156c   0x00000024   Code   RO         1246    .text               mc_w.l(init.o)
    0x08001590   0x08001590   0x0000001e   Code   RO         1249    .text               mc_w.l(llshl.o)
    0x080015ae   0x080015ae   0x00000020   Code   RO         1251    .text               mc_w.l(llushr.o)
    0x080015ce   0x080015ce   0x00000024   Code   RO         1253    .text               mc_w.l(llsshr.o)
    0x080015f2   0x080015f2   0x000000ba   Code   RO         1256    .text               mf_w.l(depilogue.o)
    0x080016ac   0x080016ac   0x000001b0   Code   RO          112    i.ADC1_2_Dual_Init  cmsis_my.o
    0x0800185c   0x0800185c   0x00000150   Code   RO          114    i.ADC3_Init         cmsis_my.o
    0x080019ac   0x080019ac   0x00000040   Code   RO          224    i.ADC_IRQHandler    interrupt.o
    0x080019ec   0x080019ec   0x00000074   Code   RO          115    i.Button_K1_Init    cmsis_my.o
    0x08001a60   0x08001a60   0x00000024   Code   RO          225    i.DMA2_Stream0_IRQHandler  interrupt.o
    0x08001a84   0x08001a84   0x00000024   Code   RO          226    i.DMA2_Stream1_IRQHandler  interrupt.o
    0x08001aa8   0x08001aa8   0x00000020   Code   RO          116    i.DMA_Init          cmsis_my.o
    0x08001ac8   0x08001ac8   0x00000010   Code   RO          227    i.Delay             interrupt.o
    0x08001ad8   0x08001ad8   0x00000018   Code   RO          228    i.EXTI3_IRQHandler  interrupt.o
    0x08001af0   0x08001af0   0x000000c4   Code   RO          117    i.FSMC_Init         cmsis_my.o
    0x08001bb4   0x08001bb4   0x00000030   Code   RO          118    i.GPIOA6_Init       cmsis_my.o
    0x08001be4   0x08001be4   0x00000030   Code   RO          119    i.GPIOA7_Init       cmsis_my.o
    0x08001c14   0x08001c14   0x00000030   Code   RO          120    i.GPIOB1_Init       cmsis_my.o
    0x08001c44   0x08001c44   0x0000001c   Code   RO          230    i.SysTick_Handler   interrupt.o
    0x08001c60   0x08001c60   0x00000042   Code   RO          121    i.SysTick_Init      cmsis_my.o
    0x08001ca2   0x08001ca2   0x00000002   PAD
    0x08001ca4   0x08001ca4   0x000000d4   Code   RO          122    i.Sys_Clock_168MHz  cmsis_my.o
    0x08001d78   0x08001d78   0x00000010   Code   RO          310    i.SystemInit        system_stm32f4xx.o
    0x08001d88   0x08001d88   0x00000038   Code   RO          231    i.TIM2_IRQHandler   interrupt.o
    0x08001dc0   0x08001dc0   0x00000050   Code   RO          123    i.TIM2_Init         cmsis_my.o
    0x08001e10   0x08001e10   0x00000038   Code   RO          232    i.TIM3_IRQHandler   interrupt.o
    0x08001e48   0x08001e48   0x00000064   Code   RO          124    i.TIM3_Init         cmsis_my.o
    0x08001eac   0x08001eac   0x00000020   Code   RO          233    i.TIM4_IRQHandler   interrupt.o
    0x08001ecc   0x08001ecc   0x00000068   Code   RO          125    i.TIM4_Init         cmsis_my.o
    0x08001f34   0x08001f34   0x00000024   Code   RO         1189    i.__0vsprintf       mc_w.l(printfa.o)
    0x08001f58   0x08001f58   0x0000001a   Code   RO          126    i.__NVIC_EnableIRQ  cmsis_my.o
    0x08001f72   0x08001f72   0x0000000e   Code   RO         1260    i.__scatterload_copy  mc_w.l(handlers.o)
    0x08001f80   0x08001f80   0x00000002   Code   RO         1261    i.__scatterload_null  mc_w.l(handlers.o)
    0x08001f82   0x08001f82   0x0000000e   Code   RO         1262    i.__scatterload_zeroinit  mc_w.l(handlers.o)
    0x08001f90   0x08001f90   0x00000184   Code   RO         1190    i._fp_digits        mc_w.l(printfa.o)
    0x08002114   0x08002114   0x000006b4   Code   RO         1191    i._printf_core      mc_w.l(printfa.o)
    0x080027c8   0x080027c8   0x00000024   Code   RO         1192    i._printf_post_padding  mc_w.l(printfa.o)
    0x080027ec   0x080027ec   0x0000002e   Code   RO         1193    i._printf_pre_padding  mc_w.l(printfa.o)
    0x0800281a   0x0800281a   0x0000000a   Code   RO         1195    i._sputc            mc_w.l(printfa.o)
    0x08002824   0x08002824   0x0000000c   Code   RO          419    i.lcdBacklightOn    ili9341.o
    0x08002830   0x08002830   0x00000030   Code   RO          420    i.lcdBuildMemoryAccessControlConfig  ili9341.o
    0x08002860   0x08002860   0x000000c4   Code   RO          424    i.lcdDrawChar       ili9341.o
    0x08002924   0x08002924   0x00000044   Code   RO          427    i.lcdDrawHLine      ili9341.o
    0x08002968   0x08002968   0x000000a0   Code   RO          429    i.lcdDrawLine       ili9341.o
    0x08002a08   0x08002a08   0x00000028   Code   RO          430    i.lcdDrawPixel      ili9341.o
    0x08002a30   0x08002a30   0x0000004c   Code   RO          434    i.lcdDrawVLine      ili9341.o
    0x08002a7c   0x08002a7c   0x00000034   Code   RO          437    i.lcdFillRGB        ili9341.o
    0x08002ab0   0x08002ab0   0x000000d8   Code   RO          447    i.lcdGrid           ili9341.o
    0x08002b88   0x08002b88   0x000001dc   Code   RO          449    i.lcdInit           ili9341.o
    0x08002d64   0x08002d64   0x000000ac   Code   RO          453    i.lcdPrintf         ili9341.o
    0x08002e10   0x08002e10   0x00000014   Code   RO          455    i.lcdSetCursor      ili9341.o
    0x08002e24   0x08002e24   0x00000060   Code   RO          456    i.lcdSetOrientation  ili9341.o
    0x08002e84   0x08002e84   0x0000003c   Code   RO          460    i.lcdSetWindow      ili9341.o
    0x08002ec0   0x08002ec0   0x00000042   Code   RO          461    i.lcdSquare         ili9341.o
    0x08002f02   0x08002f02   0x00000002   PAD
    0x08002f04   0x08002f04   0x0000021c   Code   RO           13    i.main              main.o
    0x08003120   0x08003120   0x00000474   Data   RO          358    .constdata          font12.o
    0x08003594   0x08003594   0x00008000   Data   RO          836    .constdata          arm_cortexM4lf_math.lib(arm_rfft_init_q15.o)
    0x0800b594   0x0800b594   0x00000010   Data   RO          962    .constdata          arm_cortexM4lf_math.lib(arm_const_structs.o)
    0x0800b5a4   0x0800b5a4   0x00000010   Data   RO          963    .constdata          arm_cortexM4lf_math.lib(arm_const_structs.o)
    0x0800b5b4   0x0800b5b4   0x00000010   Data   RO          964    .constdata          arm_cortexM4lf_math.lib(arm_const_structs.o)
    0x0800b5c4   0x0800b5c4   0x00000010   Data   RO          965    .constdata          arm_cortexM4lf_math.lib(arm_const_structs.o)
    0x0800b5d4   0x0800b5d4   0x00000010   Data   RO          966    .constdata          arm_cortexM4lf_math.lib(arm_const_structs.o)
    0x0800b5e4   0x0800b5e4   0x00000010   Data   RO          967    .constdata          arm_cortexM4lf_math.lib(arm_const_structs.o)
    0x0800b5f4   0x0800b5f4   0x00000010   Data   RO          968    .constdata          arm_cortexM4lf_math.lib(arm_const_structs.o)
    0x0800b604   0x0800b604   0x00000010   Data   RO          969    .constdata          arm_cortexM4lf_math.lib(arm_const_structs.o)
    0x0800b614   0x0800b614   0x00000010   Data   RO          970    .constdata          arm_cortexM4lf_math.lib(arm_const_structs.o)
    0x0800b624   0x0800b624   0x00000030   Data   RO         1095    .constdata          arm_cortexM4lf_math.lib(arm_common_tables.o)
    0x0800b654   0x0800b654   0x00000060   Data   RO         1096    .constdata          arm_cortexM4lf_math.lib(arm_common_tables.o)
    0x0800b6b4   0x0800b6b4   0x000000c0   Data   RO         1097    .constdata          arm_cortexM4lf_math.lib(arm_common_tables.o)
    0x0800b774   0x0800b774   0x00000180   Data   RO         1098    .constdata          arm_cortexM4lf_math.lib(arm_common_tables.o)
    0x0800b8f4   0x0800b8f4   0x00000300   Data   RO         1099    .constdata          arm_cortexM4lf_math.lib(arm_common_tables.o)
    0x0800bbf4   0x0800bbf4   0x00000600   Data   RO         1100    .constdata          arm_cortexM4lf_math.lib(arm_common_tables.o)
    0x0800c1f4   0x0800c1f4   0x00000c00   Data   RO         1101    .constdata          arm_cortexM4lf_math.lib(arm_common_tables.o)
    0x0800cdf4   0x0800cdf4   0x00001800   Data   RO         1102    .constdata          arm_cortexM4lf_math.lib(arm_common_tables.o)
    0x0800e5f4   0x0800e5f4   0x00003000   Data   RO         1103    .constdata          arm_cortexM4lf_math.lib(arm_common_tables.o)
    0x080115f4   0x080115f4   0x00000018   Data   RO         1115    .constdata          arm_cortexM4lf_math.lib(arm_common_tables.o)
    0x0801160c   0x0801160c   0x00000030   Data   RO         1116    .constdata          arm_cortexM4lf_math.lib(arm_common_tables.o)
    0x0801163c   0x0801163c   0x00000070   Data   RO         1117    .constdata          arm_cortexM4lf_math.lib(arm_common_tables.o)
    0x080116ac   0x080116ac   0x000000e0   Data   RO         1118    .constdata          arm_cortexM4lf_math.lib(arm_common_tables.o)
    0x0801178c   0x0801178c   0x000001e0   Data   RO         1119    .constdata          arm_cortexM4lf_math.lib(arm_common_tables.o)
    0x0801196c   0x0801196c   0x000003c0   Data   RO         1120    .constdata          arm_cortexM4lf_math.lib(arm_common_tables.o)
    0x08011d2c   0x08011d2c   0x000007c0   Data   RO         1121    .constdata          arm_cortexM4lf_math.lib(arm_common_tables.o)
    0x080124ec   0x080124ec   0x00000f80   Data   RO         1122    .constdata          arm_cortexM4lf_math.lib(arm_common_tables.o)
    0x0801346c   0x0801346c   0x00001f80   Data   RO         1123    .constdata          arm_cortexM4lf_math.lib(arm_common_tables.o)
    0x080153ec   0x080153ec   0x00000020   Data   RO         1258    Region$$Table       anon$$obj.o


    Execution Region RW_IRAM1 (Exec base: 0x20000000, Load base: 0x0801540c, Size: 0x00001ea8, Max: 0x0001c000, ABSOLUTE)

    Exec Addr    Load Addr    Size         Type   Attr      Idx    E Section Name        Object

    0x20000000   0x0801540c   0x00000014   Data   RW           17    .data               main.o
    0x20000014   0x08015420   0x00000014   Data   RW          238    .data               interrupt.o
    0x20000028   0x08015434   0x00000008   Data   RW          359    .data               font12.o
    0x20000030   0x0801543c   0x00000020   Data   RW          466    .data               ili9341.o
    0x20000050        -       0x0000107c   Zero   RW           14    .bss                main.o
    0x200010cc        -       0x00000014   Zero   RW          234    .bss                interrupt.o
    0x200010e0        -       0x000000c8   Zero   RW          235    .bss                interrupt.o
    0x200011a8        -       0x00000800   Zero   RW          236    .bss                interrupt.o
    0x200019a8        -       0x00000100   Zero   RW          465    .bss                ili9341.o
    0x20001aa8        -       0x00000400   Zero   RW            1    STACK               startup_stm32f407xx.o


    Execution Region RW_IRAM2 (Exec base: 0x2001c000, Load base: 0x0801545c, Size: 0x00000000, Max: 0x00004000, ABSOLUTE)

    **** No section assigned to this execution region ****


==============================================================================

Image component sizes


      Code (inc. data)   RO Data    RW Data    ZI Data      Debug   Object Name

      1844        174          0          0          0      37590   cmsis_my.o
         0          0       1140          8          0       1144   font12.o
         0          0          0          0          0        577   font16.o
      1758         78          0         32        256      20004   ili9341.o
       348         80          0         20       2268       5744   interrupt.o
       540        108          0         20       4220     579603   main.o
        36          8        392          0       1024        880   startup_stm32f407xx.o
        16          4          0          0          0        513   system_stm32f4xx.o

    ----------------------------------------------------------------------
      4546        452       1564         80       7768     646055   Object Totals
         0          0         32          0          0          0   (incl. Generated)
         4          0          0          0          0          0   (incl. Padding)

    ----------------------------------------------------------------------

      Code (inc. data)   RO Data    RW Data    ZI Data      Debug   Library Member Name

       470          0          0          0          0       3046   arm_bitreversal.o
       192          0          0          0          0        572   arm_bitreversal2.o
       840          0          0          0          0       4499   arm_cfft_q15.o
      1246          0          0          0          0       3872   arm_cfft_radix4_q15.o
       134          0          0          0          0      17416   arm_cmplx_mag_q15.o
         0          0      40392          0          0       4704   arm_common_tables.o
         0          0        144          0          0       4212   arm_const_structs.o
       204         40      32768          0          0       1660   arm_rfft_init_q15.o
       634          0          0          0          0       3756   arm_rfft_q15.o
       248         14          0          0          0       1059   arm_sqrt_q15.o
         0          0          0          0          0          0   entry.o
         0          0          0          0          0          0   entry10a.o
         0          0          0          0          0          0   entry11a.o
         4          0          0          0          0          0   entry12b.o
         8          4          0          0          0          0   entry2.o
         4          0          0          0          0          0   entry5.o
         0          0          0          0          0          0   entry7b.o
         0          0          0          0          0          0   entry8b.o
         8          4          0          0          0          0   entry9a.o
        30          0          0          0          0          0   handlers.o
        36          8          0          0          0         68   init.o
         0          0          0          0          0          0   iusefp.o
        30          0          0          0          0         68   llshl.o
        36          0          0          0          0         68   llsshr.o
        32          0          0          0          0         68   llushr.o
      2232         86          0          0          0        528   printfa.o
        44          0          0          0          0         80   uidiv.o
        98          0          0          0          0         92   uldiv.o
        48          0          0          0          0         68   cdrcmple.o
       334          0          0          0          0        148   dadd.o
       222          0          0          0          0        100   ddiv.o
       186          0          0          0          0        176   depilogue.o
        48          0          0          0          0         68   dfixul.o
       228          0          0          0          0         96   dmul.o
        38          0          0          0          0         68   f2d.o

    ----------------------------------------------------------------------
      7638        156      73304          0          0      46492   Library Totals
         4          0          0          0          0          0   (incl. Padding)

    ----------------------------------------------------------------------

      Code (inc. data)   RO Data    RW Data    ZI Data      Debug   Library Name

      3968         54      73304          0          0      44796   arm_cortexM4lf_math.lib
      2562        102          0          0          0        972   mc_w.l
      1104          0          0          0          0        724   mf_w.l

    ----------------------------------------------------------------------
      7638        156      73304          0          0      46492   Library Totals

    ----------------------------------------------------------------------

==============================================================================


      Code (inc. data)   RO Data    RW Data    ZI Data      Debug   

     12184        608      74868         80       7768     687419   Grand Totals
     12184        608      74868         80       7768     687419   ELF Image Totals
     12184        608      74868         80          0          0   ROM Totals

==============================================================================

    Total RO  Size (Code + RO Data)                87052 (  85.01kB)
    Total RW  Size (RW Data + ZI Data)              7848 (   7.66kB)
    Total ROM Size (Code + RO Data + RW Data)      87132 (  85.09kB)

==============================================================================

