Component: ARM Compiler 5.06 update 7 (build 960) Tool: armlink [4d3601]

==============================================================================

Section Cross References

    startup_stm32f407xx.o(STACK) refers (Special) to heapauxi.o(.text) for __use_two_region_memory
    startup_stm32f407xx.o(HEAP) refers (Special) to heapauxi.o(.text) for __use_two_region_memory
    startup_stm32f407xx.o(RESET) refers (Special) to heapauxi.o(.text) for __use_two_region_memory
    startup_stm32f407xx.o(RESET) refers to startup_stm32f407xx.o(STACK) for __initial_sp
    startup_stm32f407xx.o(RESET) refers to startup_stm32f407xx.o(.text) for Reset_Handler
    startup_stm32f407xx.o(RESET) refers to interrupt.o(i.SysTick_Handler) for SysTick_Handler
    startup_stm32f407xx.o(RESET) refers to interrupt.o(i.EXTI3_IRQHandler) for EXTI3_IRQHandler
    startup_stm32f407xx.o(RESET) refers to interrupt.o(i.ADC_IRQHandler) for ADC_IRQHandler
    startup_stm32f407xx.o(RESET) refers to interrupt.o(i.TIM2_IRQHandler) for TIM2_IRQHandler
    startup_stm32f407xx.o(RESET) refers to interrupt.o(i.TIM3_IRQHandler) for TIM3_IRQHandler
    startup_stm32f407xx.o(RESET) refers to interrupt.o(i.DMA2_Stream0_IRQHandler) for DMA2_Stream0_IRQHandler
    startup_stm32f407xx.o(RESET) refers to interrupt.o(i.DMA2_Stream1_IRQHandler) for DMA2_Stream1_IRQHandler
    startup_stm32f407xx.o(.text) refers (Special) to heapauxi.o(.text) for __use_two_region_memory
    startup_stm32f407xx.o(.text) refers to system_stm32f4xx.o(i.SystemInit) for SystemInit
    startup_stm32f407xx.o(.text) refers to __main.o(!!!main) for __main
    startup_stm32f407xx.o(.text) refers to startup_stm32f407xx.o(HEAP) for Heap_Mem
    startup_stm32f407xx.o(.text) refers to startup_stm32f407xx.o(STACK) for Stack_Mem
    main.o(i.main) refers to cmsis_my.o(i.Sys_Clock_168MHz) for Sys_Clock_168MHz
    main.o(i.main) refers to cmsis_my.o(i.SysTick_Init) for SysTick_Init
    main.o(i.main) refers to cmsis_my.o(i.GPIOA6_Init) for GPIOA6_Init
    main.o(i.main) refers to cmsis_my.o(i.GPIOA7_Init) for GPIOA7_Init
    main.o(i.main) refers to cmsis_my.o(i.GPIOB1_Init) for GPIOB1_Init
    main.o(i.main) refers to ili9341.o(i.lcdBacklightOn) for lcdBacklightOn
    main.o(i.main) refers to cmsis_my.o(i.FSMC_Init) for FSMC_Init
    main.o(i.main) refers to ili9341.o(i.lcdInit) for lcdInit
    main.o(i.main) refers to ili9341.o(i.lcdSetOrientation) for lcdSetOrientation
    main.o(i.main) refers to ili9341.o(i.lcdFillRGB) for lcdFillRGB
    main.o(i.main) refers to ili9341.o(i.lcdGrid) for lcdGrid
    main.o(i.main) refers to cmsis_my.o(i.TIM3_Init) for TIM3_Init
    main.o(i.main) refers to cmsis_my.o(i.TIM2_Init) for TIM2_Init
    main.o(i.main) refers to cmsis_my.o(i.Button_K1_Init) for Button_K1_Init
    main.o(i.main) refers to cmsis_my.o(i.DMA_Init) for DMA_Init
    main.o(i.main) refers to cmsis_my.o(i.ADC3_Init) for ADC3_Init
    main.o(i.main) refers to cmsis_my.o(i.ADC1_2_Dual_Init) for ADC1_2_Dual_Init
    main.o(i.main) refers to ili9341.o(i.lcdSetCursor) for lcdSetCursor
    main.o(i.main) refers to ili9341.o(i.lcdPrintf) for lcdPrintf
    main.o(i.main) refers to interrupt.o(.data) for flag_DMA_ADC1_2
    main.o(i.main) refers to interrupt.o(.bss) for BUFF_ADC1_2
    main.o(i.main) refers to main.o(.bss) for .bss
    main.o(i.main) refers to main.o(.data) for .data
    cmsis_my.o(i.ADC1_2_Dual_Init) refers to interrupt.o(.bss) for BUFF_ADC1_2
    cmsis_my.o(i.ADC1_Init) refers to interrupt.o(.bss) for BUFF_ADC1
    cmsis_my.o(i.ADC3_Init) refers to interrupt.o(.bss) for BUFF_ADC3
    cmsis_my.o(i.Button_K1_Init) refers to cmsis_my.o(i.__NVIC_EnableIRQ) for __NVIC_EnableIRQ
    cmsis_my.o(i.DMA_Init) refers to cmsis_my.o(i.__NVIC_EnableIRQ) for __NVIC_EnableIRQ
    cmsis_my.o(i.TIM2_Init) refers to cmsis_my.o(i.__NVIC_EnableIRQ) for __NVIC_EnableIRQ
    cmsis_my.o(i.TIM3_Init) refers to cmsis_my.o(i.__NVIC_EnableIRQ) for __NVIC_EnableIRQ
    interrupt.o(i.ADC_IRQHandler) refers to interrupt.o(.data) for .data
    interrupt.o(i.ADC_IRQHandler) refers to interrupt.o(.bss) for .bss
    interrupt.o(i.DMA2_Stream0_IRQHandler) refers to interrupt.o(.data) for .data
    interrupt.o(i.DMA2_Stream1_IRQHandler) refers to interrupt.o(.data) for .data
    interrupt.o(i.Delay) refers to interrupt.o(.data) for .data
    interrupt.o(i.EXTI3_IRQHandler) refers to interrupt.o(.data) for .data
    interrupt.o(i.Get_Tick) refers to interrupt.o(.data) for .data
    interrupt.o(i.SysTick_Handler) refers to interrupt.o(.data) for .data
    interrupt.o(i.TIM2_IRQHandler) refers to interrupt.o(.data) for .data
    interrupt.o(i.TIM3_IRQHandler) refers to interrupt.o(.data) for .data
    system_stm32f4xx.o(i.SystemCoreClockUpdate) refers to system_stm32f4xx.o(.data) for .data
    system_stm32f4xx.o(i.SystemCoreClockUpdate) refers to system_stm32f4xx.o(.constdata) for .constdata
    font8.o(.data) refers to font8.o(.constdata) for Font8_Table
[...]
    ../clib/printf_percent.s                 0x00000000   Number         0  _printf_n.o ABSOLUTE
    ../clib/printf_percent.s                 0x00000000   Number         0  _printf_s.o ABSOLUTE
    ../clib/printf_percent.s                 0x00000000   Number         0  _printf_c.o ABSOLUTE
    ../clib/printf_percent.s                 0x00000000   Number         0  _printf_lc.o ABSOLUTE
    ../clib/printf_percent.s                 0x00000000   Number         0  _printf_ls.o ABSOLUTE
    ../clib/printf_percent.s                 0x00000000   Number         0  _printf_f.o ABSOLUTE
    ../clib/printf_percent.s                 0x00000000   Number         0  _printf_llo.o ABSOLUTE
    ../clib/printf_percent.s                 0x00000000   Number         0  _printf_llx.o ABSOLUTE
    ../clib/printf_percent.s                 0x00000000   Number         0  _printf_l.o ABSOLUTE
    ../clib/printf_percent.s                 0x00000000   Number         0  _printf_ll.o ABSOLUTE
    ../clib/printf_percent.s                 0x00000000   Number         0  _printf_llu.o ABSOLUTE
    ../clib/printf_percent.s                 0x00000000   Number         0  _printf_percent_end.o ABSOLUTE
    ../clib/printf_percent.s                 0x00000000   Number         0  _printf_lld.o ABSOLUTE
    ../clib/printf_percent.s                 0x00000000   Number         0  _printf_d.o ABSOLUTE
    ../clib/printf_percent.s                 0x00000000   Number         0  _printf_e.o ABSOLUTE
    ../clib/printf_percent.s                 0x00000000   Number         0  _printf_lli.o ABSOLUTE
    ../clib/printf_percent.s                 0x00000000   Number         0  _printf_g.o ABSOLUTE
    ../clib/signal.c                         0x00000000   Number         0  defsig_rtmem_formal.o ABSOLUTE
    ../clib/signal.c                         0x00000000   Number         0  defsig_pvfn_inner.o ABSOLUTE
    ../clib/signal.c                         0x00000000   Number         0  defsig_cppl_inner.o ABSOLUTE
    ../clib/signal.c                         0x00000000   Number         0  defsig_rtmem_outer.o ABSOLUTE
    ../clib/signal.c                         0x00000000   Number         0  defsig_segv_inner.o ABSOLUTE
    ../clib/signal.c                         0x00000000   Number         0  defsig_other.o ABSOLUTE
    ../clib/signal.c                         0x00000000   Number         0  defsig_general.o ABSOLUTE
    ../clib/signal.c                         0x00000000   Number         0  defsig_exit.o ABSOLUTE
    ../clib/signal.c                         0x00000000   Number         0  defsig_rtmem_inner.o ABSOLUTE
    ../clib/signal.c                         0x00000000   Number         0  __raise.o ABSOLUTE
    ../clib/signal.c                         0x00000000   Number         0  defsig_abrt_inner.o ABSOLUTE
    ../clib/signal.c                         0x00000000   Number         0  defsig_fpe_inner.o ABSOLUTE
    ../clib/signal.c                         0x00000000   Number         0  defsig_rtred_inner.o ABSOLUTE
    ../clib/signal.c                         0x00000000   Number         0  defsig_stak_inner.o ABSOLUTE
    ../clib/signal.s                         0x00000000   Number         0  defsig.o ABSOLUTE
    ../clib/stdlib.c                         0x00000000   Number         0  exit.o ABSOLUTE
    ../fplib/fpinit.s                        0x00000000   Number         0  fpinit.o ABSOLUTE
    ../fplib/istatus.s                       0x00000000   Number         0  istatus.o ABSOLUTE
    ../fplib/printf1.s                       0x00000000   Number         0  printf1.o ABSOLUTE
    ../fplib/printf2.s                       0x00000000   Number         0  printf2.o ABSOLUTE
    ../fplib/printf2a.s                      0x00000000   Number         0  printf2a.o ABSOLUTE
    ../fplib/printf2b.s                      0x00000000   Number         0  printf2b.o ABSOLUTE
    ../fplib/usenofp.s                       0x00000000   Number         0  usenofp.o ABSOLUTE
    ../mathlib/fpclassify.c                  0x00000000   Number         0  fpclassify.o ABSOLUTE
    ..\Core\Src\main.c                       0x00000000   Number         0  main.o ABSOLUTE
    ..\Core\Src\system_stm32f4xx.c           0x00000000   Number         0  system_stm32f4xx.o ABSOLUTE
    CMSIS_My.c                               0x00000000   Number         0  cmsis_my.o ABSOLUTE
    CMSIS_My.c                               0x00000000   Number         0  cmsis_my.o ABSOLUTE
    ILI9341\\ili9341.c                       0x00000000   Number         0  ili9341.o ABSOLUTE
    ILI9341\\lcd_ili9341.c                   0x00000000   Number         0  lcd_ili9341.o ABSOLUTE
    ILI9341\font12.c                         0x00000000   Number         0  font12.o ABSOLUTE
    ILI9341\font16.c                         0x00000000   Number         0  font16.o ABSOLUTE
    ILI9341\font20.c                         0x00000000   Number         0  font20.o ABSOLUTE
    ILI9341\font24.c                         0x00000000   Number         0  font24.o ABSOLUTE
    ILI9341\font8.c                          0x00000000   Number         0  font8.o ABSOLUTE
    ILI9341\ili9341.c                        0x00000000   Number         0  ili9341.o ABSOLUTE
    ILI9341\lcd_ili9341.c                    0x00000000   Number         0  lcd_ili9341.o ABSOLUTE
    Interrupt.c                              0x00000000   Number         0  interrupt.o ABSOLUTE
    Interrupt.c                              0x00000000   Number         0  interrupt.o ABSOLUTE
    dc.s                                     0x00000000   Number         0  dc.o ABSOLUTE
    startup_stm32f407xx.s                    0x00000000   Number         0  startup_stm32f407xx.o ABSOLUTE
    RESET                                    0x08000000   Section      392  startup_stm32f407xx.o(RESET)
    !!!main                                  0x08000188   Section        8  __main.o(!!!main)
    !!!scatter                               0x08000190   Section       52  __scatter.o(!!!scatter)
    !!handler_copy                           0x080001c4   Section       26  __scatter_copy.o(!!handler_copy)
    !!handler_zi                             0x080001e0   Section       28  __scatter_zi.o(!!handler_zi)
    .ARM.Collect$$_printf_percent$$00000000  0x080001fc   Section        0  _printf_percent.o(.ARM.Collect$$_printf_percent$$00000000)
    .ARM.Collect$$_printf_percent$$00000001  0x080001fc   Section        6  _printf_n.o(.ARM.Collect$$_printf_percent$$00000001)
    .ARM.Collect$$_printf_percent$$00000002  0x08000202   Section        6  _printf_p.o(.ARM.Collect$$_printf_percent$$00000002)
    .ARM.Collect$$_printf_percent$$00000003  0x08000208   Section        6  _printf_f.o(.ARM.Collect$$_printf_percent$$00000003)
    .ARM.Collect$$_printf_percent$$00000004  0x0800020e   Section        6  _printf_e.o(.ARM.Collect$$_printf_percent$$00000004)
    .ARM.Collect$$_printf_percent$$00000005  0x08000214   Section        6  _printf_g.o(.ARM.Collect$$_printf_percent$$00000005)
    .ARM.Collect$$_printf_percent$$00000006  0x0800021a   Section        6  _printf_a.o(.ARM.Collect$$_printf_percent$$00000006)
    .ARM.Collect$$_printf_percent$$00000007  0x08000220   Section       10  _printf_ll.o(.ARM.Collect$$_printf_percent$$00000007)
    .ARM.Collect$$_printf_percent$$00000008  0x0800022a   Section        6  _printf_i.o(.ARM.Collect$$_printf_percent$$00000008)
    .ARM.Collect$$_printf_percent$$00000009  0x08000230   Section        6  _printf_d.o(.ARM.Collect$$_printf_percent$$00000009)
    .ARM.Collect$$_printf_percent$$0000000A  0x08000236   Section        6  _printf_u.o(.ARM.Collect$$_printf_percent$$0000000A)
    .ARM.Collect$$_printf_percent$$0000000B  0x0800023c   Section        6  _printf_o.o(.ARM.Collect$$_printf_percent$$0000000B)
    .ARM.Collect$$_printf_percent$$0000000C  0x08000242   Section        6  _printf_x.o(.ARM.Collect$$_printf_percent$$0000000C)
    .ARM.Collect$$_printf_percent$$0000000D  0x08000248   Section        6  _printf_lli.o(.ARM.Collect$$_printf_percent$$0000000D)
    .ARM.Collect$$_printf_percent$$0000000E  0x0800024e   Section        6  _printf_lld.o(.ARM.Collect$$_printf_percent$$0000000E)
    .ARM.Collect$$_printf_percent$$0000000F  0x08000254   Section        6  _printf_llu.o(.ARM.Collect$$_printf_percent$$0000000F)
    .ARM.Collect$$_printf_percent$$00000010  0x0800025a   Section        6  _printf_llo.o(.ARM.Collect$$_printf_percent$$00000010)
    .ARM.Collect$$_printf_percent$$00000011  0x08000260   Section        6  _printf_llx.o(.ARM.Collect$$_printf_percent$$00000011)
    .ARM.Collect$$_printf_percent$$00000012  0x08000266   Section       10  _printf_l.o(.ARM.Collect$$_printf_percent$$00000012)
    .ARM.Collect$$_printf_percent$$00000013  0x08000270   Section        6  _printf_c.o(.ARM.Collect$$_printf_percent$$00000013)
    .ARM.Collect$$_printf_percent$$00000014  0x08000276   Section        6  _printf_s.o(.ARM.Collect$$_printf_percent$$00000014)
    .ARM.Collect$$_printf_percent$$00000015  0x0800027c   Section        6  _printf_lc.o(.ARM.Collect$$_printf_percent$$00000015)
    .ARM.Collect$$_printf_percent$$00000016  0x08000282   Section        6  _printf_ls.o(.ARM.Collect$$_printf_percent$$00000016)
    .ARM.Collect$$_printf_percent$$00000017  0x08000288   Section        4  _printf_percent_end.o(.ARM.Collect$$_printf_percent$$00000017)
    .ARM.Collect$$libinit$$00000000          0x0800028c   Section        2  libinit.o(.ARM.Collect$$libinit$$00000000)
    .ARM.Collect$$libinit$$00000001          0x0800028e   Section        4  libinit2.o(.ARM.Collect$$libinit$$00000001)
    .ARM.Collect$$libinit$$00000004          0x08000292   Section        0  libinit2.o(.ARM.Collect$$libinit$$00000004)
    .ARM.Collect$$libinit$$0000000A          0x08000292   Section        0  libinit2.o(.ARM.Collect$$libinit$$0000000A)
    .ARM.Collect$$libinit$$0000000C          0x08000292   Section        0  libinit2.o(.ARM.Collect$$libinit$$0000000C)
    .ARM.Collect$$libinit$$0000000E          0x08000292   Section        0  libinit2.o(.ARM.Collect$$libinit$$0000000E)
    .ARM.Collect$$libinit$$0000000F          0x08000292   Section        6  libinit2.o(.ARM.Collect$$libinit$$0000000F)
    .ARM.Collect$$libinit$$00000011          0x08000298   Section        0  libinit2.o(.ARM.Collect$$libinit$$00000011)
    .ARM.Collect$$libinit$$00000012          0x08000298   Section       12  libinit2.o(.ARM.Collect$$libinit$$00000012)
    .ARM.Collect$$libinit$$00000013          0x080002a4   Section        0  libinit2.o(.ARM.Collect$$libinit$$00000013)
    .ARM.Collect$$libinit$$00000015          0x080002a4   Section        0  libinit2.o(.ARM.Collect$$libinit$$00000015)
    .ARM.Collect$$libinit$$00000016          0x080002a4   Section       10  libinit2.o(.ARM.Collect$$libinit$$00000016)
    .ARM.Collect$$libinit$$00000017          0x080002ae   Section        0  libinit2.o(.ARM.Collect$$libinit$$00000017)
    .ARM.Collect$$libinit$$00000019          0x080002ae   Section        0  libinit2.o(.ARM.Collect$$libinit$$00000019)
    .ARM.Collect$$libinit$$0000001B          0x080002ae   Section        0  libinit2.o(.ARM.Collect$$libinit$$0000001B)
    .ARM.Collect$$libinit$$0000001D          0x080002ae   Section        0  libinit2.o(.ARM.Collect$$libinit$$0000001D)
    .ARM.Collect$$libinit$$0000001F          0x080002ae   Section        0  libinit2.o(.ARM.Collect$$libinit$$0000001F)
    .ARM.Collect$$libinit$$00000021          0x080002ae   Section        0  libinit2.o(.ARM.Collect$$libinit$$00000021)
    .ARM.Collect$$libinit$$00000023          0x080002ae   Section        0  libinit2.o(.ARM.Collect$$libinit$$00000023)
    .ARM.Collect$$libinit$$00000025          0x080002ae   Section        0  libinit2.o(.ARM.Collect$$libinit$$00000025)
    .ARM.Collect$$libinit$$0000002C          0x080002ae   Section        0  libinit2.o(.ARM.Collect$$libinit$$0000002C)
    .ARM.Collect$$libinit$$0000002E          0x080002ae   Section        0  libinit2.o(.ARM.Collect$$libinit$$0000002E)
    .ARM.Collect$$libinit$$00000030          0x080002ae   Section        0  libinit2.o(.ARM.Collect$$libinit$$00000030)
    .ARM.Collect$$libinit$$00000032          0x080002ae   Section        0  libinit2.o(.ARM.Collect$$libinit$$00000032)
    .ARM.Collect$$libinit$$00000033          0x080002ae   Section        2  libinit2.o(.ARM.Collect$$libinit$$00000033)
    .ARM.Collect$$libshutdown$$00000000      0x080002b0   Section        2  libshutdown.o(.ARM.Collect$$libshutdown$$00000000)
    .ARM.Collect$$libshutdown$$00000002      0x080002b2   Section        0  libshutdown2.o(.ARM.Collect$$libshutdown$$00000002)
    .ARM.Collect$$libshutdown$$00000004      0x080002b2   Section        0  libshutdown2.o(.ARM.Collect$$libshutdown$$00000004)
    .ARM.Collect$$libshutdown$$00000006      0x080002b2   Section        0  libshutdown2.o(.ARM.Collect$$libshutdown$$00000006)
    .ARM.Collect$$libshutdown$$00000009      0x080002b2   Section        0  libshutdown2.o(.ARM.Collect$$libshutdown$$00000009)
    .ARM.Collect$$libshutdown$$0000000C      0x080002b2   Section        0  libshutdown2.o(.ARM.Collect$$libshutdown$$0000000C)
    .ARM.Collect$$libshutdown$$0000000E      0x080002b2   Section        0  libshutdown2.o(.ARM.Collect$$libshutdown$$0000000E)
    .ARM.Collect$$libshutdown$$00000011      0x080002b2   Section        0  libshutdown2.o(.ARM.Collect$$libshutdown$$00000011)
    .ARM.Collect$$libshutdown$$00000012      0x080002b2   Section        2  libshutdown2.o(.ARM.Collect$$libshutdown$$00000012)
    .ARM.Collect$$rtentry$$00000000          0x080002b4   Section        0  __rtentry.o(.ARM.Collect$$rtentry$$00000000)
    .ARM.Collect$$rtentry$$00000002          0x080002b4   Section        0  __rtentry2.o(.ARM.Collect$$rtentry$$00000002)
    .ARM.Collect$$rtentry$$00000004          0x080002b4   Section        6  __rtentry4.o(.ARM.Collect$$rtentry$$00000004)
    .ARM.Collect$$rtentry$$00000009          0x080002ba   Section        0  __rtentry2.o(.ARM.Collect$$rtentry$$00000009)
    .ARM.Collect$$rtentry$$0000000A          0x080002ba   Section        4  __rtentry2.o(.ARM.Collect$$rtentry$$0000000A)
    .ARM.Collect$$rtentry$$0000000C          0x080002be   Section        0  __rtentry2.o(.ARM.Collect$$rtentry$$0000000C)
    .ARM.Collect$$rtentry$$0000000D          0x080002be   Section        8  __rtentry2.o(.ARM.Collect$$rtentry$$0000000D)
    .ARM.Collect$$rtexit$$00000000           0x080002c6   Section        2  rtexit.o(.ARM.Collect$$rtexit$$00000000)
    .ARM.Collect$$rtexit$$00000002           0x080002c8   Section        0  rtexit2.o(.ARM.Collect$$rtexit$$00000002)
    .ARM.Collect$$rtexit$$00000003           0x080002c8   Section        4  rtexit2.o(.ARM.Collect$$rtexit$$00000003)
    .ARM.Collect$$rtexit$$00000004           0x080002cc   Section        6  rtexit2.o(.ARM.Collect$$rtexit$$00000004)
    .text                                    0x080002d4   Section       64  startup_stm32f407xx.o(.text)
    $v0                                      0x080002d4   Number         0  startup_stm32f407xx.o(.text)
    .text                                    0x08000314   Section        0  vsprintf.o(.text)
    .text                                    0x08000338   Section        0  heapauxi.o(.text)
    .text                                    0x0800033e   Section        0  _printf_pad.o(.text)
    .text                                    0x0800038c   Section        0  _printf_truncate.o(.text)
    .text                                    0x080003b0   Section        0  _printf_str.o(.text)
    .text                                    0x08000404   Section        0  _printf_dec.o(.text)
    .text                                    0x0800047c   Section        0  _printf_charcount.o(.text)
    .text                                    0x080004a4   Section        0  _printf_char_common.o(.text)
    _printf_input_char                       0x080004a5   Thumb Code    10  _printf_char_common.o(.text)
    .text                                    0x080004d4   Section        0  _sputc.o(.text)
    .text                                    0x080004e0   Section        0  _printf_wctomb.o(.text)
    .text                                    0x0800059c   Section        0  _printf_longlong_dec.o(.text)
    .text                                    0x08000618   Section        0  _printf_oct_int_ll.o(.text)
    _printf_longlong_oct_internal            0x08000619   Thumb Code     0  _printf_oct_int_ll.o(.text)
    .text                                    0x08000688   Section        0  _printf_hex_int_ll_ptr.o(.text)
    _printf_hex_common                       0x08000689   Thumb Code     0  _printf_hex_int_ll_ptr.o(.text)
    .text                                    0x0800071c   Section        0  __printf_flags_ss_wp.o(.text)
    .text                                    0x080008a4   Section      138  lludiv10.o(.text)
    .text                                    0x0800092e   Section        0  _printf_intcommon.o(.text)
    .text                                    0x080009e0   Section        0  _printf_fp_dec.o(.text)
    _fp_digits                               0x080009e3   Thumb Code   432  _printf_fp_dec.o(.text)
    .text                                    0x08000e00   Section        0  _printf_fp_hex.o(.text)
    .text                                    0x080010fc   Section        0  _printf_char.o(.text)
    .text                                    0x08001128   Section        0  _printf_wchar.o(.text)
    .text                                    0x08001154   Section        0  _wcrtomb.o(.text)
    .text                                    0x08001194   Section       74  sys_stackheap_outer.o(.text)
    .text                                    0x080011e0   Section       16  rt_ctype_table.o(.text)
    .text                                    0x080011f0   Section        8  rt_locale_intlibspace.o(.text)
    .text                                    0x080011f8   Section        0  _printf_fp_infnan.o(.text)
    .text                                    0x08001278   Section        0  bigflt0.o(.text)
    .text                                    0x0800135c   Section        0  exit.o(.text)
    .text                                    0x08001370   Section        8  libspace.o(.text)
    .text                                    0x08001378   Section      128  strcmpv7m.o(.text)
    .text                                    0x080013f8   Section        0  sys_exit.o(.text)
    .text                                    0x08001404   Section        2  use_no_semi.o(.text)
    .text                                    0x08001406   Section        0  indicate_semi.o(.text)
    CL$$btod_d2e                             0x08001406   Section       62  btod.o(CL$$btod_d2e)
    CL$$btod_d2e_denorm_low                  0x08001444   Section       70  btod.o(CL$$btod_d2e_denorm_low)
    CL$$btod_d2e_norm_op1                    0x0800148a   Section       96  btod.o(CL$$btod_d2e_norm_op1)
    CL$$btod_div_common                      0x080014ea   Section      824  btod.o(CL$$btod_div_common)
    CL$$btod_e2e                             0x08001822   Section      220  btod.o(CL$$btod_e2e)
    CL$$btod_ediv                            0x080018fe   Section       42  btod.o(CL$$btod_ediv)
    CL$$btod_emul                            0x08001928   Section       42  btod.o(CL$$btod_emul)
    CL$$btod_mult_common                     0x08001952   Section      580  btod.o(CL$$btod_mult_common)
    i.ADC1_2_Dual_Init                       0x08001b98   Section        0  cmsis_my.o(i.ADC1_2_Dual_Init)
    i.ADC3_Init                              0x08001d48   Section        0  cmsis_my.o(i.ADC3_Init)
    i.ADC_IRQHandler                         0x08001e78   Section        0  interrupt.o(i.ADC_IRQHandler)
    i.Button_K1_Init                         0x08001eb8   Section        0  cmsis_my.o(i.Button_K1_Init)
    i.DMA2_Stream0_IRQHandler                0x08001f2c   Section        0  interrupt.o(i.DMA2_Stream0_IRQHandler)
    i.DMA2_Stream1_IRQHandler                0x08001f50   Section        0  interrupt.o(i.DMA2_Stream1_IRQHandler)
    i.DMA_Init                               0x08001f78   Section        0  cmsis_my.o(i.DMA_Init)
    i.Delay                                  0x08001f98   Section        0  interrupt.o(i.Delay)
    i.EXTI3_IRQHandler                       0x08001fa8   Section        0  interrupt.o(i.EXTI3_IRQHandler)
    i.FSMC_Init                              0x08001fc0   Section        0  cmsis_my.o(i.FSMC_Init)
    i.GPIOA6_Init                            0x08002084   Section        0  cmsis_my.o(i.GPIOA6_Init)
    i.GPIOA7_Init                            0x080020b4   Section        0  cmsis_my.o(i.GPIOA7_Init)
    i.GPIOB1_Init                            0x080020e4   Section        0  cmsis_my.o(i.GPIOB1_Init)
    i.SysTick_Handler                        0x08002114   Section        0  interrupt.o(i.SysTick_Handler)
    i.SysTick_Init                           0x08002130   Section        0  cmsis_my.o(i.SysTick_Init)
    i.Sys_Clock_168MHz                       0x08002174   Section        0  cmsis_my.o(i.Sys_Clock_168MHz)
    i.SystemInit                             0x08002248   Section        0  system_stm32f4xx.o(i.SystemInit)
    i.TIM2_IRQHandler                        0x08002258   Section        0  interrupt.o(i.TIM2_IRQHandler)
    i.TIM2_Init                              0x08002290   Section        0  cmsis_my.o(i.TIM2_Init)
    i.TIM3_IRQHandler                        0x080022e0   Section        0  interrupt.o(i.TIM3_IRQHandler)
    i.TIM3_Init                              0x08002318   Section        0  cmsis_my.o(i.TIM3_Init)
    i.__ARM_fpclassify                       0x0800237c   Section        0  fpclassify.o(i.__ARM_fpclassify)
    i.__NVIC_EnableIRQ                       0x080023ac   Section        0  cmsis_my.o(i.__NVIC_EnableIRQ)
    __NVIC_EnableIRQ                         0x080023ad   Thumb Code    26  cmsis_my.o(i.__NVIC_EnableIRQ)
    i._is_digit                              0x080023c6   Section        0  __printf_wp.o(i._is_digit)
    i.lcdBacklightOn                         0x080023d4   Section        0  ili9341.o(i.lcdBacklightOn)
    i.lcdBuildMemoryAccessControlConfig      0x080023e0   Section        0  ili9341.o(i.lcdBuildMemoryAccessControlConfig)
    lcdBuildMemoryAccessControlConfig        0x080023e1   Thumb Code    48  ili9341.o(i.lcdBuildMemoryAccessControlConfig)
    i.lcdDrawChar                            0x08002410   Section        0  ili9341.o(i.lcdDrawChar)
    i.lcdDrawHLine                           0x080024d4   Section        0  ili9341.o(i.lcdDrawHLine)
    i.lcdDrawLine                            0x08002518   Section        0  ili9341.o(i.lcdDrawLine)
    i.lcdDrawPixel                           0x080025b8   Section        0  ili9341.o(i.lcdDrawPixel)
    i.lcdDrawVLine                           0x080025e0   Section        0  ili9341.o(i.lcdDrawVLine)
    i.lcdFillRGB                             0x0800262c   Section        0  ili9341.o(i.lcdFillRGB)
    i.lcdGrid                                0x08002660   Section        0  ili9341.o(i.lcdGrid)
    i.lcdInit                                0x08002738   Section        0  ili9341.o(i.lcdInit)
    i.lcdPrintf                              0x08002914   Section        0  ili9341.o(i.lcdPrintf)
    i.lcdSetCursor                           0x080029c0   Section        0  ili9341.o(i.lcdSetCursor)
    i.lcdSetOrientation                      0x080029d4   Section        0  ili9341.o(i.lcdSetOrientation)
    i.lcdSetWindow                           0x08002a34   Section        0  ili9341.o(i.lcdSetWindow)
    i.lcdSquare                              0x08002a70   Section        0  ili9341.o(i.lcdSquare)
    i.main                                   0x08002ab4   Section        0  main.o(i.main)
    locale$$code                             0x08002bfc   Section       44  lc_numeric_c.o(locale$$code)
    locale$$code                             0x08002c28   Section       44  lc_ctype_c.o(locale$$code)
    x$fpl$fpinit                             0x08002c54   Section       10  fpinit.o(x$fpl$fpinit)
    $v0                                      0x08002c54   Number         0  fpinit.o(x$fpl$fpinit)
    x$fpl$printf1                            0x08002c5e   Section        4  printf1.o(x$fpl$printf1)
    $v0                                      0x08002c5e   Number         0  printf1.o(x$fpl$printf1)
    x$fpl$printf2                            0x08002c62   Section        4  printf2.o(x$fpl$printf2)
    $v0                                      0x08002c62   Number         0  printf2.o(x$fpl$printf2)
    .constdata                               0x08002c66   Section     1140  font12.o(.constdata)
    x$fpl$usenofp                            0x08002c66   Section        0  usenofp.o(x$fpl$usenofp)
    .constdata                               0x080030dc   Section        8  _printf_wctomb.o(.constdata)
    initial_mbstate                          0x080030dc   Data           8  _printf_wctomb.o(.constdata)
    .constdata                               0x080030e4   Section       40  _printf_hex_int_ll_ptr.o(.constdata)
    uc_hextab                                0x080030e4   Data          20  _printf_hex_int_ll_ptr.o(.constdata)
    lc_hextab                                0x080030f8   Data          20  _printf_hex_int_ll_ptr.o(.constdata)
    .constdata                               0x0800310c   Section       17  __printf_flags_ss_wp.o(.constdata)
    maptable                                 0x0800310c   Data          17  __printf_flags_ss_wp.o(.constdata)
    .constdata                               0x0800311d   Section       38  _printf_fp_hex.o(.constdata)
    lc_hextab                                0x0800311d   Data          19  _printf_fp_hex.o(.constdata)
    uc_hextab                                0x08003130   Data          19  _printf_fp_hex.o(.constdata)
    .constdata                               0x08003144   Section      148  bigflt0.o(.constdata)
    tenpwrs_x                                0x08003144   Data          60  bigflt0.o(.constdata)
    tenpwrs_i                                0x08003180   Data          64  bigflt0.o(.constdata)
    locale$$data                             0x080031f8   Section       28  lc_numeric_c.o(locale$$data)
    __lcnum_c_name                           0x080031fc   Data           2  lc_numeric_c.o(locale$$data)
    __lcnum_c_start                          0x08003204   Data           0  lc_numeric_c.o(locale$$data)
    __lcnum_c_point                          0x08003210   Data           0  lc_numeric_c.o(locale$$data)
    __lcnum_c_thousands                      0x08003212   Data           0  lc_numeric_c.o(locale$$data)
    __lcnum_c_grouping                       0x08003213   Data           0  lc_numeric_c.o(locale$$data)
    locale$$data                             0x08003214   Section      272  lc_ctype_c.o(locale$$data)
    __lcnum_c_end                            0x08003214   Data           0  lc_numeric_c.o(locale$$data)
    __lcctype_c_name                         0x08003218   Data           2  lc_ctype_c.o(locale$$data)
    __lcctype_c_start                        0x08003220   Data           0  lc_ctype_c.o(locale$$data)
    __lcctype_c_end                          0x08003324   Data           0  lc_ctype_c.o(locale$$data)
    .data                                    0x20000000   Section        8  main.o(.data)
    .data                                    0x20000008   Section       20  interrupt.o(.data)
    .data                                    0x2000001c   Section        8  font12.o(.data)
    .data                                    0x20000024   Section       32  ili9341.o(.data)
    lcdPortraitConfig                        0x20000024   Data           1  ili9341.o(.data)
    lcdLandscapeConfig                       0x20000025   Data           1  ili9341.o(.data)
    lcdPortraitMirrorConfig                  0x20000026   Data           1  ili9341.o(.data)
    lcdLandscapeMirrorConfig                 0x20000027   Data           1  ili9341.o(.data)
    cursorXY                                 0x20000028   Data           4  ili9341.o(.data)
    lcdProperties                            0x2000002c   Data           8  ili9341.o(.data)
    lcdFont                                  0x20000034   Data          16  ili9341.o(.data)
    .bss                                     0x20000044   Section      100  main.o(.bss)
    .bss                                     0x200000a8   Section       20  interrupt.o(.bss)
    .bss                                     0x200000bc   Section      200  interrupt.o(.bss)
    .bss                                     0x20000184   Section     1024  interrupt.o(.bss)
    .bss                                     0x20000584   Section      256  ili9341.o(.bss)
    buf                                      0x20000584   Data         256  ili9341.o(.bss)
    .bss                                     0x20000684   Section       96  libspace.o(.bss)
    HEAP                                     0x200006e8   Section      512  startup_stm32f407xx.o(HEAP)
    Heap_Mem                                 0x200006e8   Data         512  startup_stm32f407xx.o(HEAP)
    STACK                                    0x200008e8   Section     1024  startup_stm32f407xx.o(STACK)
    Stack_Mem                                0x200008e8   Data        1024  startup_stm32f407xx.o(STACK)
    __initial_sp                             0x20000ce8   Data           0  startup_stm32f407xx.o(STACK)

    Global Symbols

    Symbol Name                              Value     Ov Type        Size  Object(Section)

    BuildAttributes$$THM_ISAv4$E$P$D$K$B$S$7EM$VFPi3$EXTD16$VFPS$VFMA$PE$A:L22UL41UL21$X:L11$S22US41US21$IEEE1$IW$USESV6$~STKCKD$USESV7$~SHL$OTIME$ROPI$IEEEJ$EBA8$UX$STANDARDLIB$REQ8$PRES8$EABIv2 0x00000000   Number         0  anon$$obj.o ABSOLUTE
    __ARM_use_no_argv                        0x00000000   Number         0  main.o ABSOLUTE
    _printf_flags                            0x00000000   Number         0  printf_stubs.o ABSOLUTE
    _printf_return_value                     0x00000000   Number         0  printf_stubs.o ABSOLUTE
    _printf_sizespec                         0x00000000   Number         0  printf_stubs.o ABSOLUTE
    _printf_widthprec                        0x00000000   Number         0  printf_stubs.o ABSOLUTE
    __ARM_exceptions_init                     - Undefined Weak Reference
    __alloca_initialize                       - Undefined Weak Reference
    __arm_fini_                               - Undefined Weak Reference
    __arm_preinit_                            - Undefined Weak Reference
    __cpp_initialize__aeabi_                  - Undefined Weak Reference
    __cxa_finalize                            - Undefined Weak Reference
    __sigvec_lookup                           - Undefined Weak Reference
    _atexit_init                              - Undefined Weak Reference
    _call_atexit_fns                          - Undefined Weak Reference
    _clock_init                               - Undefined Weak Reference
    _fp_trap_init                             - Undefined Weak Reference
    _fp_trap_shutdown                         - Undefined Weak Reference
    _get_lc_collate                           - Undefined Weak Reference
    _get_lc_monetary                          - Undefined Weak Reference
    _get_lc_time                              - Undefined Weak Reference
    _getenv_init                              - Undefined Weak Reference
    _handle_redirection                       - Undefined Weak Reference
    _init_alloc                               - Undefined Weak Reference
    _init_user_alloc                          - Undefined Weak Reference
    _initio                                   - Undefined Weak Reference
    _printf_mbtowc                            - Undefined Weak Reference
    _printf_wc                                - Undefined Weak Reference
    _rand_init                                - Undefined Weak Reference
    _signal_finish                            - Undefined Weak Reference
    _signal_init                              - Undefined Weak Reference
    _terminate_alloc                          - Undefined Weak Reference
    _terminate_user_alloc                     - Undefined Weak Reference
    _terminateio                              - Undefined Weak Reference
    __Vectors_Size                           0x00000188   Number         0  startup_stm32f407xx.o ABSOLUTE
    __Vectors                                0x08000000   Data           4  startup_stm32f407xx.o(RESET)
    __Vectors_End                            0x08000188   Data           0  startup_stm32f407xx.o(RESET)
    __main                                   0x08000189   Thumb Code     8  __main.o(!!!main)
    __scatterload                            0x08000191   Thumb Code     0  __scatter.o(!!!scatter)
    __scatterload_rt2                        0x08000191   Thumb Code    44  __scatter.o(!!!scatter)
    __scatterload_rt2_thumb_only             0x08000191   Thumb Code     0  __scatter.o(!!!scatter)
    __scatterload_null                       0x0800019f   Thumb Code     0  __scatter.o(!!!scatter)
    __scatterload_copy                       0x080001c5   Thumb Code    26  __scatter_copy.o(!!handler_copy)
    __scatterload_zeroinit                   0x080001e1   Thumb Code    28  __scatter_zi.o(!!handler_zi)
    _printf_n                                0x080001fd   Thumb Code     0  _printf_n.o(.ARM.Collect$$_printf_percent$$00000001)
    _printf_percent                          0x080001fd   Thumb Code     0  _printf_percent.o(.ARM.Collect$$_printf_percent$$00000000)
    _printf_p                                0x08000203   Thumb Code     0  _printf_p.o(.ARM.Collect$$_printf_percent$$00000002)
    _printf_f                                0x08000209   Thumb Code     0  _printf_f.o(.ARM.Collect$$_printf_percent$$00000003)
    _printf_e                                0x0800020f   Thumb Code     0  _printf_e.o(.ARM.Collect$$_printf_percent$$00000004)
    _printf_g                                0x08000215   Thumb Code     0  _printf_g.o(.ARM.Collect$$_printf_percent$$00000005)
    _printf_a                                0x0800021b   Thumb Code     0  _printf_a.o(.ARM.Collect$$_printf_percent$$00000006)
    _printf_ll                               0x08000221   Thumb Code     0  _printf_ll.o(.ARM.Collect$$_printf_percent$$00000007)
    _printf_i                                0x0800022b   Thumb Code     0  _printf_i.o(.ARM.Collect$$_printf_percent$$00000008)
    _printf_d                                0x08000231   Thumb Code     0  _printf_d.o(.ARM.Collect$$_printf_percent$$00000009)
    _printf_u                                0x08000237   Thumb Code     0  _printf_u.o(.ARM.Collect$$_printf_percent$$0000000A)
    _printf_o                                0x0800023d   Thumb Code     0  _printf_o.o(.ARM.Collect$$_printf_percent$$0000000B)
    _printf_x                                0x08000243   Thumb Code     0  _printf_x.o(.ARM.Collect$$_printf_percent$$0000000C)
    _printf_lli                              0x08000249   Thumb Code     0  _printf_lli.o(.ARM.Collect$$_printf_percent$$0000000D)
    _printf_lld                              0x0800024f   Thumb Code     0  _printf_lld.o(.ARM.Collect$$_printf_percent$$0000000E)
    _printf_llu                              0x08000255   Thumb Code     0  _printf_llu.o(.ARM.Collect$$_printf_percent$$0000000F)
    _printf_llo                              0x0800025b   Thumb Code     0  _printf_llo.o(.ARM.Collect$$_printf_percent$$00000010)
    _printf_llx                              0x08000261   Thumb Code     0  _printf_llx.o(.ARM.Collect$$_printf_percent$$00000011)
    _printf_l                                0x08000267   Thumb Code     0  _printf_l.o(.ARM.Collect$$_printf_percent$$00000012)
    _printf_c                                0x08000271   Thumb Code     0  _printf_c.o(.ARM.Collect$$_printf_percent$$00000013)
    _printf_s                                0x08000277   Thumb Code     0  _printf_s.o(.ARM.Collect$$_printf_percent$$00000014)
    _printf_lc                               0x0800027d   Thumb Code     0  _printf_lc.o(.ARM.Collect$$_printf_percent$$00000015)
    _printf_ls                               0x08000283   Thumb Code     0  _printf_ls.o(.ARM.Collect$$_printf_percent$$00000016)
    _printf_percent_end                      0x08000289   Thumb Code     0  _printf_percent_end.o(.ARM.Collect$$_printf_percent$$00000017)
    __rt_lib_init                            0x0800028d   Thumb Code     0  libinit.o(.ARM.Collect$$libinit$$00000000)
    __rt_lib_init_fp_1                       0x0800028f   Thumb Code     0  libinit2.o(.ARM.Collect$$libinit$$00000001)
    __rt_lib_init_heap_1                     0x08000293   Thumb Code     0  libinit2.o(.ARM.Collect$$libinit$$0000000A)
    __rt_lib_init_lc_common                  0x08000293   Thumb Code     0  libinit2.o(.ARM.Collect$$libinit$$0000000F)
    __rt_lib_init_preinit_1                  0x08000293   Thumb Code     0  libinit2.o(.ARM.Collect$$libinit$$00000004)
    __rt_lib_init_rand_1                     0x08000293   Thumb Code     0  libinit2.o(.ARM.Collect$$libinit$$0000000E)
    __rt_lib_init_user_alloc_1               0x08000293   Thumb Code     0  libinit2.o(.ARM.Collect$$libinit$$0000000C)
    __rt_lib_init_lc_collate_1               0x08000299   Thumb Code     0  libinit2.o(.ARM.Collect$$libinit$$00000011)
    __rt_lib_init_lc_ctype_2                 0x08000299   Thumb Code     0  libinit2.o(.ARM.Collect$$libinit$$00000012)
    __rt_lib_init_lc_ctype_1                 0x080002a5   Thumb Code     0  libinit2.o(.ARM.Collect$$libinit$$00000013)
    __rt_lib_init_lc_monetary_1              0x080002a5   Thumb Code     0  libinit2.o(.ARM.Collect$$libinit$$00000015)
    __rt_lib_init_lc_numeric_2               0x080002a5   Thumb Code     0  libinit2.o(.ARM.Collect$$libinit$$00000016)
    __rt_lib_init_alloca_1                   0x080002af   Thumb Code     0  libinit2.o(.ARM.Collect$$libinit$$0000002E)
    __rt_lib_init_argv_1                     0x080002af   Thumb Code     0  libinit2.o(.ARM.Collect$$libinit$$0000002C)
    __rt_lib_init_atexit_1                   0x080002af   Thumb Code     0  libinit2.o(.ARM.Collect$$libinit$$0000001B)
    __rt_lib_init_clock_1                    0x080002af   Thumb Code     0  libinit2.o(.ARM.Collect$$libinit$$00000021)
    __rt_lib_init_cpp_1                      0x080002af   Thumb Code     0  libinit2.o(.ARM.Collect$$libinit$$00000032)
    __rt_lib_init_exceptions_1               0x080002af   Thumb Code     0  libinit2.o(.ARM.Collect$$libinit$$00000030)
    __rt_lib_init_fp_trap_1                  0x080002af   Thumb Code     0  libinit2.o(.ARM.Collect$$libinit$$0000001F)
    __rt_lib_init_getenv_1                   0x080002af   Thumb Code     0  libinit2.o(.ARM.Collect$$libinit$$00000023)
    __rt_lib_init_lc_numeric_1               0x080002af   Thumb Code     0  libinit2.o(.ARM.Collect$$libinit$$00000017)
    __rt_lib_init_lc_time_1                  0x080002af   Thumb Code     0  libinit2.o(.ARM.Collect$$libinit$$00000019)
    __rt_lib_init_return                     0x080002af   Thumb Code     0  libinit2.o(.ARM.Collect$$libinit$$00000033)
    __rt_lib_init_signal_1                   0x080002af   Thumb Code     0  libinit2.o(.ARM.Collect$$libinit$$0000001D)
    __rt_lib_init_stdio_1                    0x080002af   Thumb Code     0  libinit2.o(.ARM.Collect$$libinit$$00000025)
    __rt_lib_shutdown                        0x080002b1   Thumb Code     0  libshutdown.o(.ARM.Collect$$libshutdown$$00000000)
    __rt_lib_shutdown_cpp_1                  0x080002b3   Thumb Code     0  libshutdown2.o(.ARM.Collect$$libshutdown$$00000004)
    __rt_lib_shutdown_fini_1                 0x080002b3   Thumb Code     0  libshutdown2.o(.ARM.Collect$$libshutdown$$00000002)
    __rt_lib_shutdown_fp_trap_1              0x080002b3   Thumb Code     0  libshutdown2.o(.ARM.Collect$$libshutdown$$00000009)
    __rt_lib_shutdown_heap_1                 0x080002b3   Thumb Code     0  libshutdown2.o(.ARM.Collect$$libshutdown$$00000011)
    __rt_lib_shutdown_return                 0x080002b3   Thumb Code     0  libshutdown2.o(.ARM.Collect$$libshutdown$$00000012)
    __rt_lib_shutdown_signal_1               0x080002b3   Thumb Code     0  libshutdown2.o(.ARM.Collect$$libshutdown$$0000000C)
    __rt_lib_shutdown_stdio_1                0x080002b3   Thumb Code     0  libshutdown2.o(.ARM.Collect$$libshutdown$$00000006)
    __rt_lib_shutdown_user_alloc_1           0x080002b3   Thumb Code     0  libshutdown2.o(.ARM.Collect$$libshutdown$$0000000E)
    __rt_entry                               0x080002b5   Thumb Code     0  __rtentry.o(.ARM.Collect$$rtentry$$00000000)
    __rt_entry_presh_1                       0x080002b5   Thumb Code     0  __rtentry2.o(.ARM.Collect$$rtentry$$00000002)
    __rt_entry_sh                            0x080002b5   Thumb Code     0  __rtentry4.o(.ARM.Collect$$rtentry$$00000004)
    __rt_entry_li                            0x080002bb   Thumb Code     0  __rtentry2.o(.ARM.Collect$$rtentry$$0000000A)
    __rt_entry_postsh_1                      0x080002bb   Thumb Code     0  __rtentry2.o(.ARM.Collect$$rtentry$$00000009)
    __rt_entry_main                          0x080002bf   Thumb Code     0  __rtentry2.o(.ARM.Collect$$rtentry$$0000000D)
    __rt_entry_postli_1                      0x080002bf   Thumb Code     0  __rtentry2.o(.ARM.Collect$$rtentry$$0000000C)
    __rt_exit                                0x080002c7   Thumb Code     0  rtexit.o(.ARM.Collect$$rtexit$$00000000)
    __rt_exit_ls                             0x080002c9   Thumb Code     0  rtexit2.o(.ARM.Collect$$rtexit$$00000003)
    __rt_exit_prels_1                        0x080002c9   Thumb Code     0  rtexit2.o(.ARM.Collect$$rtexit$$00000002)
    __rt_exit_exit                           0x080002cd   Thumb Code     0  rtexit2.o(.ARM.Collect$$rtexit$$00000004)
    Reset_Handler                            0x080002d5   Thumb Code     8  startup_stm32f407xx.o(.text)
    NMI_Handler                              0x080002dd   Thumb Code     2  startup_stm32f407xx.o(.text)
    HardFault_Handler                        0x080002df   Thumb Code     2  startup_stm32f407xx.o(.text)
    MemManage_Handler                        0x080002e1   Thumb Code     2  startup_stm32f407xx.o(.text)
    BusFault_Handler                         0x080002e3   Thumb Code     2  startup_stm32f407xx.o(.text)
    UsageFault_Handler                       0x080002e5   Thumb Code     2  startup_stm32f407xx.o(.text)
    SVC_Handler                              0x080002e7   Thumb Code     2  startup_stm32f407xx.o(.text)
    DebugMon_Handler                         0x080002e9   Thumb Code     2  startup_stm32f407xx.o(.text)
    PendSV_Handler                           0x080002eb   Thumb Code     2  startup_stm32f407xx.o(.text)
    CAN1_RX0_IRQHandler                      0x080002ef   Thumb Code     0  startup_stm32f407xx.o(.text)
    CAN1_RX1_IRQHandler                      0x080002ef   Thumb Code     0  startup_stm32f407xx.o(.text)
    CAN1_SCE_IRQHandler                      0x080002ef   Thumb Code     0  startup_stm32f407xx.o(.text)
    CAN1_TX_IRQHandler                       0x080002ef   Thumb Code     0  startup_stm32f407xx.o(.text)
    CAN2_RX0_IRQHandler                      0x080002ef   Thumb Code     0  startup_stm32f407xx.o(.text)
    CAN2_RX1_IRQHandler                      0x080002ef   Thumb Code     0  startup_stm32f407xx.o(.text)
    CAN2_SCE_IRQHandler                      0x080002ef   Thumb Code     0  startup_stm32f407xx.o(.text)
    CAN2_TX_IRQHandler                       0x080002ef   Thumb Code     0  startup_stm32f407xx.o(.text)
    DCMI_IRQHandler                          0x080002ef   Thumb Code     0  startup_stm32f407xx.o(.text)
    DMA1_Stream0_IRQHandler                  0x080002ef   Thumb Code     0  startup_stm32f407xx.o(.text)
    DMA1_Stream1_IRQHandler                  0x080002ef   Thumb Code     0  startup_stm32f407xx.o(.text)
    DMA1_Stream2_IRQHandler                  0x080002ef   Thumb Code     0  startup_stm32f407xx.o(.text)
    DMA1_Stream3_IRQHandler                  0x080002ef   Thumb Code     0  startup_stm32f407xx.o(.text)
    DMA1_Stream4_IRQHandler                  0x080002ef   Thumb Code     0  startup_stm32f407xx.o(.text)
    DMA1_Stream5_IRQHandler                  0x080002ef   Thumb Code     0  startup_stm32f407xx.o(.text)
    DMA1_Stream6_IRQHandler                  0x080002ef   Thumb Code     0  startup_stm32f407xx.o(.text)
    DMA1_Stream7_IRQHandler                  0x080002ef   Thumb Code     0  startup_stm32f407xx.o(.text)
    DMA2_Stream2_IRQHandler                  0x080002ef   Thumb Code     0  startup_stm32f407xx.o(.text)
    DMA2_Stream3_IRQHandler                  0x080002ef   Thumb Code     0  startup_stm32f407xx.o(.text)
    DMA2_Stream4_IRQHandler                  0x080002ef   Thumb Code     0  startup_stm32f407xx.o(.text)
    DMA2_Stream5_IRQHandler                  0x080002ef   Thumb Code     0  startup_stm32f407xx.o(.text)
    DMA2_Stream6_IRQHandler                  0x080002ef   Thumb Code     0  startup_stm32f407xx.o(.text)
    DMA2_Stream7_IRQHandler                  0x080002ef   Thumb Code     0  startup_stm32f407xx.o(.text)
    ETH_IRQHandler                           0x080002ef   Thumb Code     0  startup_stm32f407xx.o(.text)
    ETH_WKUP_IRQHandler                      0x080002ef   Thumb Code     0  startup_stm32f407xx.o(.text)
    EXTI0_IRQHandler                         0x080002ef   Thumb Code     0  startup_stm32f407xx.o(.text)
    EXTI15_10_IRQHandler                     0x080002ef   Thumb Code     0  startup_stm32f407xx.o(.text)
    EXTI1_IRQHandler                         0x080002ef   Thumb Code     0  startup_stm32f407xx.o(.text)
    EXTI2_IRQHandler                         0x080002ef   Thumb Code     0  startup_stm32f407xx.o(.text)
    EXTI4_IRQHandler                         0x080002ef   Thumb Code     0  startup_stm32f407xx.o(.text)
    EXTI9_5_IRQHandler                       0x080002ef   Thumb Code     0  startup_stm32f407xx.o(.text)
    FLASH_IRQHandler                         0x080002ef   Thumb Code     0  startup_stm32f407xx.o(.text)
    FMC_IRQHandler                           0x080002ef   Thumb Code     0  startup_stm32f407xx.o(.text)
    FPU_IRQHandler                           0x080002ef   Thumb Code     0  startup_stm32f407xx.o(.text)
    HASH_RNG_IRQHandler                      0x080002ef   Thumb Code     0  startup_stm32f407xx.o(.text)
    I2C1_ER_IRQHandler                       0x080002ef   Thumb Code     0  startup_stm32f407xx.o(.text)
    I2C1_EV_IRQHandler                       0x080002ef   Thumb Code     0  startup_stm32f407xx.o(.text)
    I2C2_ER_IRQHandler                       0x080002ef   Thumb Code     0  startup_stm32f407xx.o(.text)
    I2C2_EV_IRQHandler                       0x080002ef   Thumb Code     0  startup_stm32f407xx.o(.text)
    I2C3_ER_IRQHandler                       0x080002ef   Thumb Code     0  startup_stm32f407xx.o(.text)
    I2C3_EV_IRQHandler                       0x080002ef   Thumb Code     0  startup_stm32f407xx.o(.text)
    OTG_FS_IRQHandler                        0x080002ef   Thumb Code     0  startup_stm32f407xx.o(.text)
    OTG_FS_WKUP_IRQHandler                   0x080002ef   Thumb Code     0  startup_stm32f407xx.o(.text)
    OTG_HS_EP1_IN_IRQHandler                 0x080002ef   Thumb Code     0  startup_stm32f407xx.o(.text)
    OTG_HS_EP1_OUT_IRQHandler                0x080002ef   Thumb Code     0  startup_stm32f407xx.o(.text)
    OTG_HS_IRQHandler                        0x080002ef   Thumb Code     0  startup_stm32f407xx.o(.text)
    OTG_HS_WKUP_IRQHandler                   0x080002ef   Thumb Code     0  startup_stm32f407xx.o(.text)
    PVD_IRQHandler                           0x080002ef   Thumb Code     0  startup_stm32f407xx.o(.text)
    RCC_IRQHandler                           0x080002ef   Thumb Code     0  startup_stm32f407xx.o(.text)
    RTC_Alarm_IRQHandler                     0x080002ef   Thumb Code     0  startup_stm32f407xx.o(.text)
    RTC_WKUP_IRQHandler                      0x080002ef   Thumb Code     0  startup_stm32f407xx.o(.text)
    SDIO_IRQHandler                          0x080002ef   Thumb Code     0  startup_stm32f407xx.o(.text)
    SPI1_IRQHandler                          0x080002ef   Thumb Code     0  startup_stm32f407xx.o(.text)
    SPI2_IRQHandler                          0x080002ef   Thumb Code     0  startup_stm32f407xx.o(.text)
    SPI3_IRQHandler                          0x080002ef   Thumb Code     0  startup_stm32f407xx.o(.text)
    TAMP_STAMP_IRQHandler                    0x080002ef   Thumb Code     0  startup_stm32f407xx.o(.text)
    TIM1_BRK_TIM9_IRQHandler                 0x080002ef   Thumb Code     0  startup_stm32f407xx.o(.text)
    TIM1_CC_IRQHandler                       0x080002ef   Thumb Code     0  startup_stm32f407xx.o(.text)
    TIM1_TRG_COM_TIM11_IRQHandler            0x080002ef   Thumb Code     0  startup_stm32f407xx.o(.text)
    TIM1_UP_TIM10_IRQHandler                 0x080002ef   Thumb Code     0  startup_stm32f407xx.o(.text)
    TIM4_IRQHandler                          0x080002ef   Thumb Code     0  startup_stm32f407xx.o(.text)
    TIM5_IRQHandler                          0x080002ef   Thumb Code     0  startup_stm32f407xx.o(.text)
    TIM6_DAC_IRQHandler                      0x080002ef   Thumb Code     0  startup_stm32f407xx.o(.text)
    TIM7_IRQHandler                          0x080002ef   Thumb Code     0  startup_stm32f407xx.o(.text)
    TIM8_BRK_TIM12_IRQHandler                0x080002ef   Thumb Code     0  startup_stm32f407xx.o(.text)
    TIM8_CC_IRQHandler                       0x080002ef   Thumb Code     0  startup_stm32f407xx.o(.text)
    TIM8_TRG_COM_TIM14_IRQHandler            0x080002ef   Thumb Code     0  startup_stm32f407xx.o(.text)
    TIM8_UP_TIM13_IRQHandler                 0x080002ef   Thumb Code     0  startup_stm32f407xx.o(.text)
    UART4_IRQHandler                         0x080002ef   Thumb Code     0  startup_stm32f407xx.o(.text)
    UART5_IRQHandler                         0x080002ef   Thumb Code     0  startup_stm32f407xx.o(.text)
    USART1_IRQHandler                        0x080002ef   Thumb Code     0  startup_stm32f407xx.o(.text)
    USART2_IRQHandler                        0x080002ef   Thumb Code     0  startup_stm32f407xx.o(.text)
    USART3_IRQHandler                        0x080002ef   Thumb Code     0  startup_stm32f407xx.o(.text)
    USART6_IRQHandler                        0x080002ef   Thumb Code     0  startup_stm32f407xx.o(.text)
    WWDG_IRQHandler                          0x080002ef   Thumb Code     0  startup_stm32f407xx.o(.text)
    __user_initial_stackheap                 0x080002f1   Thumb Code     0  startup_stm32f407xx.o(.text)
    vsprintf                                 0x08000315   Thumb Code    32  vsprintf.o(.text)
    __use_two_region_memory                  0x08000339   Thumb Code     2  heapauxi.o(.text)
    __rt_heap_escrow$2region                 0x0800033b   Thumb Code     2  heapauxi.o(.text)
    __rt_heap_expand$2region                 0x0800033d   Thumb Code     2  heapauxi.o(.text)
    _printf_pre_padding                      0x0800033f   Thumb Code    44  _printf_pad.o(.text)
    _printf_post_padding                     0x0800036b   Thumb Code    34  _printf_pad.o(.text)
    _printf_truncate_signed                  0x0800038d   Thumb Code    18  _printf_truncate.o(.text)
    _printf_truncate_unsigned                0x0800039f   Thumb Code    18  _printf_truncate.o(.text)
    _printf_str                              0x080003b1   Thumb Code    82  _printf_str.o(.text)
    _printf_int_dec                          0x08000405   Thumb Code   104  _printf_dec.o(.text)
    _printf_charcount                        0x0800047d   Thumb Code    40  _printf_charcount.o(.text)
    _printf_char_common                      0x080004af   Thumb Code    32  _printf_char_common.o(.text)
    _sputc                                   0x080004d5   Thumb Code    10  _sputc.o(.text)
    _printf_wctomb                           0x080004e1   Thumb Code   182  _printf_wctomb.o(.text)
    _printf_longlong_dec                     0x0800059d   Thumb Code   108  _printf_longlong_dec.o(.text)
    _printf_longlong_oct                     0x08000619   Thumb Code    66  _printf_oct_int_ll.o(.text)
    _printf_int_oct                          0x0800065b   Thumb Code    24  _printf_oct_int_ll.o(.text)
    _printf_ll_oct                           0x08000673   Thumb Code    12  _printf_oct_int_ll.o(.text)
    _printf_longlong_hex                     0x08000689   Thumb Code    86  _printf_hex_int_ll_ptr.o(.text)
    _printf_int_hex                          0x080006df   Thumb Code    28  _printf_hex_int_ll_ptr.o(.text)
    _printf_ll_hex                           0x080006fb   Thumb Code    12  _printf_hex_int_ll_ptr.o(.text)
    _printf_hex_ptr                          0x08000707   Thumb Code    18  _printf_hex_int_ll_ptr.o(.text)
    __printf                                 0x0800071d   Thumb Code   388  __printf_flags_ss_wp.o(.text)
    _ll_udiv10                               0x080008a5   Thumb Code   138  lludiv10.o(.text)
    _printf_int_common                       0x0800092f   Thumb Code   178  _printf_intcommon.o(.text)
    __lib_sel_fp_printf                      0x080009e1   Thumb Code     2  _printf_fp_dec.o(.text)
    _printf_fp_dec_real                      0x08000b93   Thumb Code   620  _printf_fp_dec.o(.text)
    _printf_fp_hex_real                      0x08000e01   Thumb Code   756  _printf_fp_hex.o(.text)
    _printf_cs_common                        0x080010fd   Thumb Code    20  _printf_char.o(.text)
    _printf_char                             0x08001111   Thumb Code    16  _printf_char.o(.text)
    _printf_string                           0x08001121   Thumb Code     8  _printf_char.o(.text)
    _printf_lcs_common                       0x08001129   Thumb Code    20  _printf_wchar.o(.text)
    _printf_wchar                            0x0800113d   Thumb Code    16  _printf_wchar.o(.text)
    _printf_wstring                          0x0800114d   Thumb Code     8  _printf_wchar.o(.text)
    _wcrtomb                                 0x08001155   Thumb Code    64  _wcrtomb.o(.text)
    __user_setup_stackheap                   0x08001195   Thumb Code    74  sys_stackheap_outer.o(.text)
    __rt_ctype_table                         0x080011e1   Thumb Code    16  rt_ctype_table.o(.text)
    __rt_locale                              0x080011f1   Thumb Code     8  rt_locale_intlibspace.o(.text)
    _printf_fp_infnan                        0x080011f9   Thumb Code   112  _printf_fp_infnan.o(.text)
    _btod_etento                             0x08001279   Thumb Code   224  bigflt0.o(.text)
    exit                                     0x0800135d   Thumb Code    18  exit.o(.text)
    __user_libspace                          0x08001371   Thumb Code     8  libspace.o(.text)
    __user_perproc_libspace                  0x08001371   Thumb Code     0  libspace.o(.text)
    __user_perthread_libspace                0x08001371   Thumb Code     0  libspace.o(.text)
    strcmp                                   0x08001379   Thumb Code   128  strcmpv7m.o(.text)
    _sys_exit                                0x080013f9   Thumb Code     8  sys_exit.o(.text)
    __I$use$semihosting                      0x08001405   Thumb Code     0  use_no_semi.o(.text)
    __use_no_semihosting_swi                 0x08001405   Thumb Code     2  use_no_semi.o(.text)
    __semihosting_library_function           0x08001407   Thumb Code     0  indicate_semi.o(.text)
    _btod_d2e                                0x08001407   Thumb Code    62  btod.o(CL$$btod_d2e)
    _d2e_denorm_low                          0x08001445   Thumb Code    70  btod.o(CL$$btod_d2e_denorm_low)
    _d2e_norm_op1                            0x0800148b   Thumb Code    96  btod.o(CL$$btod_d2e_norm_op1)
    __btod_div_common                        0x080014eb   Thumb Code   696  btod.o(CL$$btod_div_common)
    _e2e                                     0x08001823   Thumb Code   220  btod.o(CL$$btod_e2e)
    _btod_ediv                               0x080018ff   Thumb Code    42  btod.o(CL$$btod_ediv)
    _btod_emul                               0x08001929   Thumb Code    42  btod.o(CL$$btod_emul)
    __btod_mult_common                       0x08001953   Thumb Code   580  btod.o(CL$$btod_mult_common)
    ADC1_2_Dual_Init                         0x08001b99   Thumb Code   406  cmsis_my.o(i.ADC1_2_Dual_Init)
    ADC3_Init                                0x08001d49   Thumb Code   284  cmsis_my.o(i.ADC3_Init)
    ADC_IRQHandler                           0x08001e79   Thumb Code    52  interrupt.o(i.ADC_IRQHandler)
    Button_K1_Init                           0x08001eb9   Thumb Code    98  cmsis_my.o(i.Button_K1_Init)
    DMA2_Stream0_IRQHandler                  0x08001f2d   Thumb Code    28  interrupt.o(i.DMA2_Stream0_IRQHandler)
    DMA2_Stream1_IRQHandler                  0x08001f51   Thumb Code    30  interrupt.o(i.DMA2_Stream1_IRQHandler)
    DMA_Init                                 0x08001f79   Thumb Code    28  cmsis_my.o(i.DMA_Init)
    Delay                                    0x08001f99   Thumb Code    12  interrupt.o(i.Delay)
    EXTI3_IRQHandler                         0x08001fa9   Thumb Code    14  interrupt.o(i.EXTI3_IRQHandler)
    FSMC_Init                                0x08001fc1   Thumb Code   152  cmsis_my.o(i.FSMC_Init)
    GPIOA6_Init                              0x08002085   Thumb Code    38  cmsis_my.o(i.GPIOA6_Init)
    GPIOA7_Init                              0x080020b5   Thumb Code    38  cmsis_my.o(i.GPIOA7_Init)
    GPIOB1_Init                              0x080020e5   Thumb Code    40  cmsis_my.o(i.GPIOB1_Init)
    SysTick_Handler                          0x08002115   Thumb Code    22  interrupt.o(i.SysTick_Handler)
    SysTick_Init                             0x08002131   Thumb Code    66  cmsis_my.o(i.SysTick_Init)
    Sys_Clock_168MHz                         0x08002175   Thumb Code   204  cmsis_my.o(i.Sys_Clock_168MHz)
    SystemInit                               0x08002249   Thumb Code    12  system_stm32f4xx.o(i.SystemInit)
    TIM2_IRQHandler                          0x08002259   Thumb Code    46  interrupt.o(i.TIM2_IRQHandler)
    TIM2_Init                                0x08002291   Thumb Code    76  cmsis_my.o(i.TIM2_Init)
    TIM3_IRQHandler                          0x080022e1   Thumb Code    44  interrupt.o(i.TIM3_IRQHandler)
    TIM3_Init                                0x08002319   Thumb Code    92  cmsis_my.o(i.TIM3_Init)
    __ARM_fpclassify                         0x0800237d   Thumb Code    48  fpclassify.o(i.__ARM_fpclassify)
    _is_digit                                0x080023c7   Thumb Code    14  __printf_wp.o(i._is_digit)
    lcdBacklightOn                           0x080023d5   Thumb Code     8  ili9341.o(i.lcdBacklightOn)
    lcdDrawChar                              0x08002411   Thumb Code   192  ili9341.o(i.lcdDrawChar)
    lcdDrawHLine                             0x080024d5   Thumb Code    60  ili9341.o(i.lcdDrawHLine)
    lcdDrawLine                              0x08002519   Thumb Code   160  ili9341.o(i.lcdDrawLine)
    lcdDrawPixel                             0x080025b9   Thumb Code    32  ili9341.o(i.lcdDrawPixel)
    lcdDrawVLine                             0x080025e1   Thumb Code    68  ili9341.o(i.lcdDrawVLine)
    lcdFillRGB                               0x0800262d   Thumb Code    44  ili9341.o(i.lcdFillRGB)
    lcdGrid                                  0x08002661   Thumb Code   216  ili9341.o(i.lcdGrid)
    lcdInit                                  0x08002739   Thumb Code   468  ili9341.o(i.lcdInit)
    lcdPrintf                                0x08002915   Thumb Code   162  ili9341.o(i.lcdPrintf)
    lcdSetCursor                             0x080029c1   Thumb Code    14  ili9341.o(i.lcdSetCursor)
    lcdSetOrientation                        0x080029d5   Thumb Code    88  ili9341.o(i.lcdSetOrientation)
    lcdSetWindow                             0x08002a35   Thumb Code    54  ili9341.o(i.lcdSetWindow)
    lcdSquare                                0x08002a71   Thumb Code    66  ili9341.o(i.lcdSquare)
    main                                     0x08002ab5   Thumb Code   256  main.o(i.main)
    _get_lc_numeric                          0x08002bfd   Thumb Code    44  lc_numeric_c.o(locale$$code)
    _get_lc_ctype                            0x08002c29   Thumb Code    44  lc_ctype_c.o(locale$$code)
    _fp_init                                 0x08002c55   Thumb Code    10  fpinit.o(x$fpl$fpinit)
    __fplib_config_fpu_vfp                   0x08002c5d   Thumb Code     0  fpinit.o(x$fpl$fpinit)
    __fplib_config_pureend_doubles           0x08002c5d   Thumb Code     0  fpinit.o(x$fpl$fpinit)
    _printf_fp_dec                           0x08002c5f   Thumb Code     4  printf1.o(x$fpl$printf1)
    _printf_fp_hex                           0x08002c63   Thumb Code     4  printf2.o(x$fpl$printf2)
    Font12_Table                             0x08002c66   Data        1140  font12.o(.constdata)
    __I$use$fp                               0x08002c66   Number         0  usenofp.o(x$fpl$usenofp)
    Region$$Table$$Base                      0x080031d8   Number         0  anon$$obj.o(Region$$Table)
    Region$$Table$$Limit                     0x080031f8   Number         0  anon$$obj.o(Region$$Table)
    __ctype                                  0x08003221   Data           0  lc_ctype_c.o(locale$$data)
    ADC1_data_conv                           0x20000000   Data           4  main.o(.data)
    Temp_adc                                 0x20000004   Data           4  main.o(.data)
    flag_tim3                                0x20000008   Data           1  interrupt.o(.data)
    flag_tim2                                0x20000009   Data           1  interrupt.o(.data)
    flag_button                              0x2000000a   Data           1  interrupt.o(.data)
    flag_ADC1                                0x2000000b   Data           1  interrupt.o(.data)
    flag_DMA_ADC1_2                          0x2000000c   Data           1  interrupt.o(.data)
    flag_DMA_ADC3                            0x2000000d   Data           1  interrupt.o(.data)
    ADC1_Counter                             0x2000000e   Data           1  interrupt.o(.data)
    ADC1_data                                0x20000010   Data           2  interrupt.o(.data)
    SysTimer_ms                              0x20000014   Data           4  interrupt.o(.data)
    Delay_ms                                 0x20000018   Data           4  interrupt.o(.data)
    Font12                                   0x2000001c   Data           8  font12.o(.data)
    BUFF_ADC2                                0x20000044   Data         100  main.o(.bss)
    ADC1_data_avg                            0x200000a8   Data          20  interrupt.o(.bss)
    BUFF_ADC1_2                              0x200000bc   Data         200  interrupt.o(.bss)
    BUFF_ADC3                                0x20000184   Data        1024  interrupt.o(.bss)
    __libspace_start                         0x20000684   Data          96  libspace.o(.bss)
    __temporary_stack_top$libspace           0x200006e4   Data           0  libspace.o(.bss)



==============================================================================

Memory Map of the image

  Image Entry point : 0x08000189

  Load Region LR_IROM1 (Base: 0x08000000, Size: 0x00003368, Max: 0x00080000, ABSOLUTE)

    Execution Region ER_IROM1 (Exec base: 0x08000000, Load base: 0x08000000, Size: 0x00003324, Max: 0x00080000, ABSOLUTE)

    Exec Addr    Load Addr    Size         Type   Attr      Idx    E Section Name        Object

    0x08000000   0x08000000   0x00000188   Data   RO            3    RESET               startup_stm32f407xx.o
    0x08000188   0x08000188   0x00000008   Code   RO          769  * !!!main             c_w.l(__main.o)
    0x08000190   0x08000190   0x00000034   Code   RO         1092    !!!scatter          c_w.l(__scatter.o)
    0x080001c4   0x080001c4   0x0000001a   Code   RO         1094    !!handler_copy      c_w.l(__scatter_copy.o)
    0x080001de   0x080001de   0x00000002   PAD
    0x080001e0   0x080001e0   0x0000001c   Code   RO         1096    !!handler_zi        c_w.l(__scatter_zi.o)
    0x080001fc   0x080001fc   0x00000000   Code   RO          853    .ARM.Collect$$_printf_percent$$00000000  c_w.l(_printf_percent.o)
    0x080001fc   0x080001fc   0x00000006   Code   RO          842    .ARM.Collect$$_printf_percent$$00000001  c_w.l(_printf_n.o)
    0x08000202   0x08000202   0x00000006   Code   RO          844    .ARM.Collect$$_printf_percent$$00000002  c_w.l(_printf_p.o)
    0x08000208   0x08000208   0x00000006   Code   RO          849    .ARM.Collect$$_printf_percent$$00000003  c_w.l(_printf_f.o)
    0x0800020e   0x0800020e   0x00000006   Code   RO          850    .ARM.Collect$$_printf_percent$$00000004  c_w.l(_printf_e.o)
    0x08000214   0x08000214   0x00000006   Code   RO          851    .ARM.Collect$$_printf_percent$$00000005  c_w.l(_printf_g.o)
    0x0800021a   0x0800021a   0x00000006   Code   RO          852    .ARM.Collect$$_printf_percent$$00000006  c_w.l(_printf_a.o)
    0x08000220   0x08000220   0x0000000a   Code   RO          857    .ARM.Collect$$_printf_percent$$00000007  c_w.l(_printf_ll.o)
    0x0800022a   0x0800022a   0x00000006   Code   RO          846    .ARM.Collect$$_printf_percent$$00000008  c_w.l(_printf_i.o)
    0x08000230   0x08000230   0x00000006   Code   RO          847    .ARM.Collect$$_printf_percent$$00000009  c_w.l(_printf_d.o)
    0x08000236   0x08000236   0x00000006   Code   RO          848    .ARM.Collect$$_printf_percent$$0000000A  c_w.l(_printf_u.o)
    0x0800023c   0x0800023c   0x00000006   Code   RO          845    .ARM.Collect$$_printf_percent$$0000000B  c_w.l(_printf_o.o)
    0x08000242   0x08000242   0x00000006   Code   RO          843    .ARM.Collect$$_printf_percent$$0000000C  c_w.l(_printf_x.o)
    0x08000248   0x08000248   0x00000006   Code   RO          854    .ARM.Collect$$_printf_percent$$0000000D  c_w.l(_printf_lli.o)
    0x0800024e   0x0800024e   0x00000006   Code   RO          855    .ARM.Collect$$_printf_percent$$0000000E  c_w.l(_printf_lld.o)
    0x08000254   0x08000254   0x00000006   Code   RO          856    .ARM.Collect$$_printf_percent$$0000000F  c_w.l(_printf_llu.o)
    0x0800025a   0x0800025a   0x00000006   Code   RO          861    .ARM.Collect$$_printf_percent$$00000010  c_w.l(_printf_llo.o)
    0x08000260   0x08000260   0x00000006   Code   RO          862    .ARM.Collect$$_printf_percent$$00000011  c_w.l(_printf_llx.o)
    0x08000266   0x08000266   0x0000000a   Code   RO          858    .ARM.Collect$$_printf_percent$$00000012  c_w.l(_printf_l.o)
    0x08000270   0x08000270   0x00000006   Code   RO          840    .ARM.Collect$$_printf_percent$$00000013  c_w.l(_printf_c.o)
    0x08000276   0x08000276   0x00000006   Code   RO          841    .ARM.Collect$$_printf_percent$$00000014  c_w.l(_printf_s.o)
    0x0800027c   0x0800027c   0x00000006   Code   RO          859    .ARM.Collect$$_printf_percent$$00000015  c_w.l(_printf_lc.o)
    0x08000282   0x08000282   0x00000006   Code   RO          860    .ARM.Collect$$_printf_percent$$00000016  c_w.l(_printf_ls.o)
    0x08000288   0x08000288   0x00000004   Code   RO          901    .ARM.Collect$$_printf_percent$$00000017  c_w.l(_printf_percent_end.o)
    0x0800028c   0x0800028c   0x00000002   Code   RO          950    .ARM.Collect$$libinit$$00000000  c_w.l(libinit.o)
    0x0800028e   0x0800028e   0x00000004   Code   RO          966    .ARM.Collect$$libinit$$00000001  c_w.l(libinit2.o)
    0x08000292   0x08000292   0x00000000   Code   RO          969    .ARM.Collect$$libinit$$00000004  c_w.l(libinit2.o)
    0x08000292   0x08000292   0x00000000   Code   RO          972    .ARM.Collect$$libinit$$0000000A  c_w.l(libinit2.o)
    0x08000292   0x08000292   0x00000000   Code   RO          974    .ARM.Collect$$libinit$$0000000C  c_w.l(libinit2.o)
    0x08000292   0x08000292   0x00000000   Code   RO          976    .ARM.Collect$$libinit$$0000000E  c_w.l(libinit2.o)
    0x08000292   0x08000292   0x00000006   Code   RO          977    .ARM.Collect$$libinit$$0000000F  c_w.l(libinit2.o)
    0x08000298   0x08000298   0x00000000   Code   RO          979    .ARM.Collect$$libinit$$00000011  c_w.l(libinit2.o)
    0x08000298   0x08000298   0x0000000c   Code   RO          980    .ARM.Collect$$libinit$$00000012  c_w.l(libinit2.o)
    0x080002a4   0x080002a4   0x00000000   Code   RO          981    .ARM.Collect$$libinit$$00000013  c_w.l(libinit2.o)
    0x080002a4   0x080002a4   0x00000000   Code   RO          983    .ARM.Collect$$libinit$$00000015  c_w.l(libinit2.o)
    0x080002a4   0x080002a4   0x0000000a   Code   RO          984    .ARM.Collect$$libinit$$00000016  c_w.l(libinit2.o)
    0x080002ae   0x080002ae   0x00000000   Code   RO          985    .ARM.Collect$$libinit$$00000017  c_w.l(libinit2.o)
    0x080002ae   0x080002ae   0x00000000   Code   RO          987    .ARM.Collect$$libinit$$00000019  c_w.l(libinit2.o)
    0x080002ae   0x080002ae   0x00000000   Code   RO          989    .ARM.Collect$$libinit$$0000001B  c_w.l(libinit2.o)
    0x080002ae   0x080002ae   0x00000000   Code   RO          991    .ARM.Collect$$libinit$$0000001D  c_w.l(libinit2.o)
    0x080002ae   0x080002ae   0x00000000   Code   RO          993    .ARM.Collect$$libinit$$0000001F  c_w.l(libinit2.o)
    0x080002ae   0x080002ae   0x00000000   Code   RO          995    .ARM.Collect$$libinit$$00000021  c_w.l(libinit2.o)
    0x080002ae   0x080002ae   0x00000000   Code   RO          997    .ARM.Collect$$libinit$$00000023  c_w.l(libinit2.o)
    0x080002ae   0x080002ae   0x00000000   Code   RO          999    .ARM.Collect$$libinit$$00000025  c_w.l(libinit2.o)
    0x080002ae   0x080002ae   0x00000000   Code   RO         1003    .ARM.Collect$$libinit$$0000002C  c_w.l(libinit2.o)
    0x080002ae   0x080002ae   0x00000000   Code   RO         1005    .ARM.Collect$$libinit$$0000002E  c_w.l(libinit2.o)
    0x080002ae   0x080002ae   0x00000000   Code   RO         1007    .ARM.Collect$$libinit$$00000030  c_w.l(libinit2.o)
    0x080002ae   0x080002ae   0x00000000   Code   RO         1009    .ARM.Collect$$libinit$$00000032  c_w.l(libinit2.o)
    0x080002ae   0x080002ae   0x00000002   Code   RO         1010    .ARM.Collect$$libinit$$00000033  c_w.l(libinit2.o)
    0x080002b0   0x080002b0   0x00000002   Code   RO         1030    .ARM.Collect$$libshutdown$$00000000  c_w.l(libshutdown.o)
    0x080002b2   0x080002b2   0x00000000   Code   RO         1043    .ARM.Collect$$libshutdown$$00000002  c_w.l(libshutdown2.o)
    0x080002b2   0x080002b2   0x00000000   Code   RO         1045    .ARM.Collect$$libshutdown$$00000004  c_w.l(libshutdown2.o)
    0x080002b2   0x080002b2   0x00000000   Code   RO         1047    .ARM.Collect$$libshutdown$$00000006  c_w.l(libshutdown2.o)
    0x080002b2   0x080002b2   0x00000000   Code   RO         1050    .ARM.Collect$$libshutdown$$00000009  c_w.l(libshutdown2.o)
    0x080002b2   0x080002b2   0x00000000   Code   RO         1053    .ARM.Collect$$libshutdown$$0000000C  c_w.l(libshutdown2.o)
    0x080002b2   0x080002b2   0x00000000   Code   RO         1055    .ARM.Collect$$libshutdown$$0000000E  c_w.l(libshutdown2.o)
    0x080002b2   0x080002b2   0x00000000   Code   RO         1058    .ARM.Collect$$libshutdown$$00000011  c_w.l(libshutdown2.o)
    0x080002b2   0x080002b2   0x00000002   Code   RO         1059    .ARM.Collect$$libshutdown$$00000012  c_w.l(libshutdown2.o)
    0x080002b4   0x080002b4   0x00000000   Code   RO          771    .ARM.Collect$$rtentry$$00000000  c_w.l(__rtentry.o)
    0x080002b4   0x080002b4   0x00000000   Code   RO          872    .ARM.Collect$$rtentry$$00000002  c_w.l(__rtentry2.o)
    0x080002b4   0x080002b4   0x00000006   Code   RO          884    .ARM.Collect$$rtentry$$00000004  c_w.l(__rtentry4.o)
    0x080002ba   0x080002ba   0x00000000   Code   RO          874    .ARM.Collect$$rtentry$$00000009  c_w.l(__rtentry2.o)
    0x080002ba   0x080002ba   0x00000004   Code   RO          875    .ARM.Collect$$rtentry$$0000000A  c_w.l(__rtentry2.o)
    0x080002be   0x080002be   0x00000000   Code   RO          877    .ARM.Collect$$rtentry$$0000000C  c_w.l(__rtentry2.o)
    0x080002be   0x080002be   0x00000008   Code   RO          878    .ARM.Collect$$rtentry$$0000000D  c_w.l(__rtentry2.o)
    0x080002c6   0x080002c6   0x00000002   Code   RO          959    .ARM.Collect$$rtexit$$00000000  c_w.l(rtexit.o)
    0x080002c8   0x080002c8   0x00000000   Code   RO         1012    .ARM.Collect$$rtexit$$00000002  c_w.l(rtexit2.o)
    0x080002c8   0x080002c8   0x00000004   Code   RO         1013    .ARM.Collect$$rtexit$$00000003  c_w.l(rtexit2.o)
    0x080002cc   0x080002cc   0x00000006   Code   RO         1014    .ARM.Collect$$rtexit$$00000004  c_w.l(rtexit2.o)
    0x080002d2   0x080002d2   0x00000002   PAD
    0x080002d4   0x080002d4   0x00000040   Code   RO            4    .text               startup_stm32f407xx.o
    0x08000314   0x08000314   0x00000024   Code   RO          765    .text               c_w.l(vsprintf.o)
    0x08000338   0x08000338   0x00000006   Code   RO          767    .text               c_w.l(heapauxi.o)
    0x0800033e   0x0800033e   0x0000004e   Code   RO          774    .text               c_w.l(_printf_pad.o)
    0x0800038c   0x0800038c   0x00000024   Code   RO          776    .text               c_w.l(_printf_truncate.o)
    0x080003b0   0x080003b0   0x00000052   Code   RO          778    .text               c_w.l(_printf_str.o)
    0x08000402   0x08000402   0x00000002   PAD
    0x08000404   0x08000404   0x00000078   Code   RO          780    .text               c_w.l(_printf_dec.o)
    0x0800047c   0x0800047c   0x00000028   Code   RO          782    .text               c_w.l(_printf_charcount.o)
    0x080004a4   0x080004a4   0x00000030   Code   RO          784    .text               c_w.l(_printf_char_common.o)
    0x080004d4   0x080004d4   0x0000000a   Code   RO          786    .text               c_w.l(_sputc.o)
    0x080004de   0x080004de   0x00000002   PAD
    0x080004e0   0x080004e0   0x000000bc   Code   RO          788    .text               c_w.l(_printf_wctomb.o)
    0x0800059c   0x0800059c   0x0000007c   Code   RO          791    .text               c_w.l(_printf_longlong_dec.o)
    0x08000618   0x08000618   0x00000070   Code   RO          797    .text               c_w.l(_printf_oct_int_ll.o)
    0x08000688   0x08000688   0x00000094   Code   RO          817    .text               c_w.l(_printf_hex_int_ll_ptr.o)
    0x0800071c   0x0800071c   0x00000188   Code   RO          837    .text               c_w.l(__printf_flags_ss_wp.o)
    0x080008a4   0x080008a4   0x0000008a   Code   RO          886    .text               c_w.l(lludiv10.o)
    0x0800092e   0x0800092e   0x000000b2   Code   RO          888    .text               c_w.l(_printf_intcommon.o)
    0x080009e0   0x080009e0   0x0000041e   Code   RO          890    .text               c_w.l(_printf_fp_dec.o)
    0x08000dfe   0x08000dfe   0x00000002   PAD
    0x08000e00   0x08000e00   0x000002fc   Code   RO          892    .text               c_w.l(_printf_fp_hex.o)
    0x080010fc   0x080010fc   0x0000002c   Code   RO          897    .text               c_w.l(_printf_char.o)
    0x08001128   0x08001128   0x0000002c   Code   RO          899    .text               c_w.l(_printf_wchar.o)
    0x08001154   0x08001154   0x00000040   Code   RO          902    .text               c_w.l(_wcrtomb.o)
    0x08001194   0x08001194   0x0000004a   Code   RO          904    .text               c_w.l(sys_stackheap_outer.o)
    0x080011de   0x080011de   0x00000002   PAD
    0x080011e0   0x080011e0   0x00000010   Code   RO          906    .text               c_w.l(rt_ctype_table.o)
    0x080011f0   0x080011f0   0x00000008   Code   RO          911    .text               c_w.l(rt_locale_intlibspace.o)
    0x080011f8   0x080011f8   0x00000080   Code   RO          913    .text               c_w.l(_printf_fp_infnan.o)
    0x08001278   0x08001278   0x000000e4   Code   RO          915    .text               c_w.l(bigflt0.o)
    0x0800135c   0x0800135c   0x00000012   Code   RO          943    .text               c_w.l(exit.o)
    0x0800136e   0x0800136e   0x00000002   PAD
    0x08001370   0x08001370   0x00000008   Code   RO          956    .text               c_w.l(libspace.o)
    0x08001378   0x08001378   0x00000080   Code   RO          964    .text               c_w.l(strcmpv7m.o)
    0x080013f8   0x080013f8   0x0000000c   Code   RO         1022    .text               c_w.l(sys_exit.o)
    0x08001404   0x08001404   0x00000002   Code   RO         1033    .text               c_w.l(use_no_semi.o)
    0x08001406   0x08001406   0x00000000   Code   RO         1035    .text               c_w.l(indicate_semi.o)
    0x08001406   0x08001406   0x0000003e   Code   RO          918    CL$$btod_d2e        c_w.l(btod.o)
    0x08001444   0x08001444   0x00000046   Code   RO          920    CL$$btod_d2e_denorm_low  c_w.l(btod.o)
    0x0800148a   0x0800148a   0x00000060   Code   RO          919    CL$$btod_d2e_norm_op1  c_w.l(btod.o)
    0x080014ea   0x080014ea   0x00000338   Code   RO          928    CL$$btod_div_common  c_w.l(btod.o)
    0x08001822   0x08001822   0x000000dc   Code   RO          925    CL$$btod_e2e        c_w.l(btod.o)
    0x080018fe   0x080018fe   0x0000002a   Code   RO          922    CL$$btod_ediv       c_w.l(btod.o)
    0x08001928   0x08001928   0x0000002a   Code   RO          921    CL$$btod_emul       c_w.l(btod.o)
    0x08001952   0x08001952   0x00000244   Code   RO          927    CL$$btod_mult_common  c_w.l(btod.o)
    0x08001b96   0x08001b96   0x00000002   PAD
    0x08001b98   0x08001b98   0x000001b0   Code   RO          101    i.ADC1_2_Dual_Init  cmsis_my.o
    0x08001d48   0x08001d48   0x00000130   Code   RO          103    i.ADC3_Init         cmsis_my.o
    0x08001e78   0x08001e78   0x00000040   Code   RO          207    i.ADC_IRQHandler    interrupt.o
    0x08001eb8   0x08001eb8   0x00000074   Code   RO          104    i.Button_K1_Init    cmsis_my.o
    0x08001f2c   0x08001f2c   0x00000024   Code   RO          208    i.DMA2_Stream0_IRQHandler  interrupt.o
    0x08001f50   0x08001f50   0x00000028   Code   RO          209    i.DMA2_Stream1_IRQHandler  interrupt.o
    0x08001f78   0x08001f78   0x00000020   Code   RO          105    i.DMA_Init          cmsis_my.o
    0x08001f98   0x08001f98   0x00000010   Code   RO          210    i.Delay             interrupt.o
    0x08001fa8   0x08001fa8   0x00000018   Code   RO          211    i.EXTI3_IRQHandler  interrupt.o
    0x08001fc0   0x08001fc0   0x000000c4   Code   RO          106    i.FSMC_Init         cmsis_my.o
    0x08002084   0x08002084   0x00000030   Code   RO          107    i.GPIOA6_Init       cmsis_my.o
    0x080020b4   0x080020b4   0x00000030   Code   RO          108    i.GPIOA7_Init       cmsis_my.o
    0x080020e4   0x080020e4   0x00000030   Code   RO          109    i.GPIOB1_Init       cmsis_my.o
    0x08002114   0x08002114   0x0000001c   Code   RO          213    i.SysTick_Handler   interrupt.o
    0x08002130   0x08002130   0x00000042   Code   RO          110    i.SysTick_Init      cmsis_my.o
    0x08002172   0x08002172   0x00000002   PAD
    0x08002174   0x08002174   0x000000d4   Code   RO          111    i.Sys_Clock_168MHz  cmsis_my.o
    0x08002248   0x08002248   0x00000010   Code   RO          287    i.SystemInit        system_stm32f4xx.o
    0x08002258   0x08002258   0x00000038   Code   RO          214    i.TIM2_IRQHandler   interrupt.o
    0x08002290   0x08002290   0x00000050   Code   RO          112    i.TIM2_Init         cmsis_my.o
    0x080022e0   0x080022e0   0x00000038   Code   RO          215    i.TIM3_IRQHandler   interrupt.o
    0x08002318   0x08002318   0x00000064   Code   RO          113    i.TIM3_Init         cmsis_my.o
    0x0800237c   0x0800237c   0x00000030   Code   RO          954    i.__ARM_fpclassify  m_wm.l(fpclassify.o)
    0x080023ac   0x080023ac   0x0000001a   Code   RO          114    i.__NVIC_EnableIRQ  cmsis_my.o
    0x080023c6   0x080023c6   0x0000000e   Code   RO          830    i._is_digit         c_w.l(__printf_wp.o)
    0x080023d4   0x080023d4   0x0000000c   Code   RO          396    i.lcdBacklightOn    ili9341.o
    0x080023e0   0x080023e0   0x00000030   Code   RO          397    i.lcdBuildMemoryAccessControlConfig  ili9341.o
    0x08002410   0x08002410   0x000000c4   Code   RO          401    i.lcdDrawChar       ili9341.o
    0x080024d4   0x080024d4   0x00000044   Code   RO          404    i.lcdDrawHLine      ili9341.o
    0x08002518   0x08002518   0x000000a0   Code   RO          406    i.lcdDrawLine       ili9341.o
    0x080025b8   0x080025b8   0x00000028   Code   RO          407    i.lcdDrawPixel      ili9341.o
    0x080025e0   0x080025e0   0x0000004c   Code   RO          411    i.lcdDrawVLine      ili9341.o
    0x0800262c   0x0800262c   0x00000034   Code   RO          414    i.lcdFillRGB        ili9341.o
    0x08002660   0x08002660   0x000000d8   Code   RO          424    i.lcdGrid           ili9341.o
    0x08002738   0x08002738   0x000001dc   Code   RO          426    i.lcdInit           ili9341.o
    0x08002914   0x08002914   0x000000ac   Code   RO          430    i.lcdPrintf         ili9341.o
    0x080029c0   0x080029c0   0x00000014   Code   RO          432    i.lcdSetCursor      ili9341.o
    0x080029d4   0x080029d4   0x00000060   Code   RO          433    i.lcdSetOrientation  ili9341.o
    0x08002a34   0x08002a34   0x0000003c   Code   RO          437    i.lcdSetWindow      ili9341.o
    0x08002a70   0x08002a70   0x00000042   Code   RO          438    i.lcdSquare         ili9341.o
    0x08002ab2   0x08002ab2   0x00000002   PAD
    0x08002ab4   0x08002ab4   0x00000148   Code   RO           13    i.main              main.o
    0x08002bfc   0x08002bfc   0x0000002c   Code   RO          941    locale$$code        c_w.l(lc_numeric_c.o)
    0x08002c28   0x08002c28   0x0000002c   Code   RO          962    locale$$code        c_w.l(lc_ctype_c.o)
    0x08002c54   0x08002c54   0x0000000a   Code   RO         1020    x$fpl$fpinit        fz_wm.l(fpinit.o)
    0x08002c5e   0x08002c5e   0x00000004   Code   RO          863    x$fpl$printf1       fz_wm.l(printf1.o)
    0x08002c62   0x08002c62   0x00000004   Code   RO          865    x$fpl$printf2       fz_wm.l(printf2.o)
    0x08002c66   0x08002c66   0x00000000   Code   RO          953    x$fpl$usenofp       fz_wm.l(usenofp.o)
    0x08002c66   0x08002c66   0x00000474   Data   RO          335    .constdata          font12.o
    0x080030da   0x080030da   0x00000002   PAD
    0x080030dc   0x080030dc   0x00000008   Data   RO          789    .constdata          c_w.l(_printf_wctomb.o)
    0x080030e4   0x080030e4   0x00000028   Data   RO          818    .constdata          c_w.l(_printf_hex_int_ll_ptr.o)
    0x0800310c   0x0800310c   0x00000011   Data   RO          838    .constdata          c_w.l(__printf_flags_ss_wp.o)
    0x0800311d   0x0800311d   0x00000026   Data   RO          893    .constdata          c_w.l(_printf_fp_hex.o)
    0x08003143   0x08003143   0x00000001   PAD
    0x08003144   0x08003144   0x00000094   Data   RO          916    .constdata          c_w.l(bigflt0.o)
    0x080031d8   0x080031d8   0x00000020   Data   RO         1090    Region$$Table       anon$$obj.o
    0x080031f8   0x080031f8   0x0000001c   Data   RO          940    locale$$data        c_w.l(lc_numeric_c.o)
    0x08003214   0x08003214   0x00000110   Data   RO          961    locale$$data        c_w.l(lc_ctype_c.o)


    Execution Region RW_IRAM1 (Exec base: 0x20000000, Load base: 0x08003324, Size: 0x00000ce8, Max: 0x0001c000, ABSOLUTE)

    Exec Addr    Load Addr    Size         Type   Attr      Idx    E Section Name        Object

    0x20000000   0x08003324   0x00000008   Data   RW           17    .data               main.o
    0x20000008   0x0800332c   0x00000014   Data   RW          220    .data               interrupt.o
    0x2000001c   0x08003340   0x00000008   Data   RW          336    .data               font12.o
    0x20000024   0x08003348   0x00000020   Data   RW          443    .data               ili9341.o
    0x20000044        -       0x00000064   Zero   RW           14    .bss                main.o
    0x200000a8        -       0x00000014   Zero   RW          216    .bss                interrupt.o
    0x200000bc        -       0x000000c8   Zero   RW          217    .bss                interrupt.o
    0x20000184        -       0x00000400   Zero   RW          218    .bss                interrupt.o
    0x20000584        -       0x00000100   Zero   RW          442    .bss                ili9341.o
    0x20000684        -       0x00000060   Zero   RW          957    .bss                c_w.l(libspace.o)
    0x200006e4   0x08003368   0x00000004   PAD
    0x200006e8        -       0x00000200   Zero   RW            2    HEAP                startup_stm32f407xx.o
    0x200008e8        -       0x00000400   Zero   RW            1    STACK               startup_stm32f407xx.o


    Execution Region RW_IRAM2 (Exec base: 0x2001c000, Load base: 0x08003368, Size: 0x00000000, Max: 0x00004000, ABSOLUTE)

    **** No section assigned to this execution region ****


==============================================================================

Image component sizes


      Code (inc. data)   RO Data    RW Data    ZI Data      Debug   Object Name

      1708        160          0          0          0      37066   cmsis_my.o
         0          0       1140          8          0       1144   font12.o
         0          0          0          0          0        577   font16.o
      1758         78          0         32        256      20004   ili9341.o
       320         72          0         20       1244       5198   interrupt.o
       328         72          0          8        100     565940   main.o
        64         26        392          0       1536        888   startup_stm32f407xx.o
        16          4          0          0          0        513   system_stm32f4xx.o

    ----------------------------------------------------------------------
      4198        412       1566         68       3136     631330   Object Totals
         0          0         32          0          0          0   (incl. Generated)
         4          0          2          0          0          0   (incl. Padding)

    ----------------------------------------------------------------------

      Code (inc. data)   RO Data    RW Data    ZI Data      Debug   Library Member Name

         8          0          0          0          0         68   __main.o
       392          4         17          0          0         92   __printf_flags_ss_wp.o
        14          0          0          0          0         68   __printf_wp.o
         0          0          0          0          0          0   __rtentry.o
        12          0          0          0          0          0   __rtentry2.o
         6          0          0          0          0          0   __rtentry4.o
        52          8          0          0          0          0   __scatter.o
        26          0          0          0          0          0   __scatter_copy.o
        28          0          0          0          0          0   __scatter_zi.o
         6          0          0          0          0          0   _printf_a.o
         6          0          0          0          0          0   _printf_c.o
        44          0          0          0          0        108   _printf_char.o
        48          6          0          0          0         96   _printf_char_common.o
        40          0          0          0          0         68   _printf_charcount.o
         6          0          0          0          0          0   _printf_d.o
       120         16          0          0          0         92   _printf_dec.o
         6          0          0          0          0          0   _printf_e.o
         6          0          0          0          0          0   _printf_f.o
      1054          0          0          0          0        216   _printf_fp_dec.o
       764          8         38          0          0        100   _printf_fp_hex.o
       128         16          0          0          0         84   _printf_fp_infnan.o
         6          0          0          0          0          0   _printf_g.o
       148          4         40          0          0        160   _printf_hex_int_ll_ptr.o
         6          0          0          0          0          0   _printf_i.o
       178          0          0          0          0         88   _printf_intcommon.o
        10          0          0          0          0          0   _printf_l.o
         6          0          0          0          0          0   _printf_lc.o
        10          0          0          0          0          0   _printf_ll.o
         6          0          0          0          0          0   _printf_lld.o
         6          0          0          0          0          0   _printf_lli.o
         6          0          0          0          0          0   _printf_llo.o
         6          0          0          0          0          0   _printf_llu.o
         6          0          0          0          0          0   _printf_llx.o
       124         16          0          0          0         92   _printf_longlong_dec.o
         6          0          0          0          0          0   _printf_ls.o
         6          0          0          0          0          0   _printf_n.o
         6          0          0          0          0          0   _printf_o.o
       112         10          0          0          0        124   _printf_oct_int_ll.o
         6          0          0          0          0          0   _printf_p.o
        78          0          0          0          0        108   _printf_pad.o
         0          0          0          0          0          0   _printf_percent.o
         4          0          0          0          0          0   _printf_percent_end.o
         6          0          0          0          0          0   _printf_s.o
        82          0          0          0          0         80   _printf_str.o
        36          0          0          0          0         84   _printf_truncate.o
         6          0          0          0          0          0   _printf_u.o
        44          0          0          0          0        108   _printf_wchar.o
       188          6          8          0          0         92   _printf_wctomb.o
         6          0          0          0          0          0   _printf_x.o
        10          0          0          0          0         68   _sputc.o
        64          0          0          0          0         92   _wcrtomb.o
       228          4        148          0          0         96   bigflt0.o
      1936        128          0          0          0        672   btod.o
        18          0          0          0          0         80   exit.o
         6          0          0          0          0        152   heapauxi.o
         0          0          0          0          0          0   indicate_semi.o
        44         10        272          0          0         76   lc_ctype_c.o
        44         10         28          0          0         76   lc_numeric_c.o
         2          0          0          0          0          0   libinit.o
        34          0          0          0          0          0   libinit2.o
         2          0          0          0          0          0   libshutdown.o
         2          0          0          0          0          0   libshutdown2.o
         8          4          0          0         96         68   libspace.o
       138          0          0          0          0         80   lludiv10.o
        16          4          0          0          0         76   rt_ctype_table.o
         8          4          0          0          0         68   rt_locale_intlibspace.o
         2          0          0          0          0          0   rtexit.o
        10          0          0          0          0          0   rtexit2.o
       128          0          0          0          0         68   strcmpv7m.o
        12          4          0          0          0         68   sys_exit.o
        74          0          0          0          0         80   sys_stackheap_outer.o
         2          0          0          0          0         68   use_no_semi.o
        36          4          0          0          0         76   vsprintf.o
        10          0          0          0          0        116   fpinit.o
         4          0          0          0          0        116   printf1.o
         4          0          0          0          0        116   printf2.o
         0          0          0          0          0          0   usenofp.o
        48          0          0          0          0        124   fpclassify.o

    ----------------------------------------------------------------------
      6776        266        552          0        100       4364   Library Totals
        16          0          1          0          4          0   (incl. Padding)

    ----------------------------------------------------------------------

      Code (inc. data)   RO Data    RW Data    ZI Data      Debug   Library Name

      6694        266        551          0         96       3892   c_w.l
        18          0          0          0          0        348   fz_wm.l
        48          0          0          0          0        124   m_wm.l

    ----------------------------------------------------------------------
      6776        266        552          0        100       4364   Library Totals

    ----------------------------------------------------------------------

==============================================================================


      Code (inc. data)   RO Data    RW Data    ZI Data      Debug   

     10974        678       2118         68       3236     630014   Grand Totals
     10974        678       2118         68       3236     630014   ELF Image Totals
     10974        678       2118         68          0          0   ROM Totals

==============================================================================

    Total RO  Size (Code + RO Data)                13092 (  12.79kB)
    Total RW  Size (RW Data + ZI Data)              3304 (   3.23kB)
    Total ROM Size (Code + RO Data + RW Data)      13160 (  12.85kB)

==============================================================================

