Component: ARM Compiler 5.06 update 7 (build 960) Tool: armlink [4d3601]

==============================================================================

Section Cross References

    startup_stm32f407xx.o(RESET) refers to startup_stm32f407xx.o(STACK) for __initial_sp
    startup_stm32f407xx.o(RESET) refers to startup_stm32f407xx.o(.text) for Reset_Handler
    startup_stm32f407xx.o(RESET) refers to interrupt.o(i.SysTick_Handler) for SysTick_Handler
    startup_stm32f407xx.o(RESET) refers to interrupt.o(i.EXTI3_IRQHandler) for EXTI3_IRQHandler
    startup_stm32f407xx.o(RESET) refers to interrupt.o(i.ADC_IRQHandler) for ADC_IRQHandler
    startup_stm32f407xx.o(RESET) refers to interrupt.o(i.TIM2_IRQHandler) for TIM2_IRQHandler
    startup_stm32f407xx.o(RESET) refers to interrupt.o(i.TIM3_IRQHandler) for TIM3_IRQHandler
    startup_stm32f407xx.o(RESET) refers to interrupt.o(i.TIM4_IRQHandler) for TIM4_IRQHandler
    startup_stm32f407xx.o(RESET) refers to interrupt.o(i.DMA2_Stream0_IRQHandler) for DMA2_Stream0_IRQHandler
    startup_stm32f407xx.o(RESET) refers to interrupt.o(i.DMA2_Stream1_IRQHandler) for DMA2_Stream1_IRQHandler
    startup_stm32f407xx.o(.text) refers to system_stm32f4xx.o(i.SystemInit) for SystemInit
    startup_stm32f407xx.o(.text) refers to entry.o(.ARM.Collect$$$$00000000) for __main
    main.o(i.main) refers to cmsis_my.o(i.Sys_Clock_168MHz) for Sys_Clock_168MHz
    main.o(i.main) refers to cmsis_my.o(i.SysTick_Init) for SysTick_Init
    main.o(i.main) refers to cmsis_my.o(i.GPIOA6_Init) for GPIOA6_Init
    main.o(i.main) refers to cmsis_my.o(i.GPIOA7_Init) for GPIOA7_Init
    main.o(i.main) refers to cmsis_my.o(i.GPIOB1_Init) for GPIOB1_Init
    main.o(i.main) refers to ili9341.o(i.lcdBacklightOn) for lcdBacklightOn
    main.o(i.main) refers to cmsis_my.o(i.FSMC_Init) for FSMC_Init
    main.o(i.main) refers to ili9341.o(i.lcdInit) for lcdInit
    main.o(i.main) refers to ili9341.o(i.lcdSetOrientation) for lcdSetOrientation
    main.o(i.main) refers to ili9341.o(i.lcdFillRGB) for lcdFillRGB
    main.o(i.main) refers to ili9341.o(i.lcdGrid) for lcdGrid
    main.o(i.main) refers to cmsis_my.o(i.TIM4_Init) for TIM4_Init
    main.o(i.main) refers to cmsis_my.o(i.TIM3_Init) for TIM3_Init
    main.o(i.main) refers to cmsis_my.o(i.TIM2_Init) for TIM2_Init
    main.o(i.main) refers to cmsis_my.o(i.Button_K1_Init) for Button_K1_Init
    main.o(i.main) refers to cmsis_my.o(i.DMA_Init) for DMA_Init
    main.o(i.main) refers to cmsis_my.o(i.ADC3_Init) for ADC3_Init
    main.o(i.main) refers to cmsis_my.o(i.ADC1_2_Dual_Init) for ADC1_2_Dual_Init
    main.o(i.main) refers to ili9341.o(i.lcdSetCursor) for lcdSetCursor
    main.o(i.main) refers to f2d.o(.text) for __aeabi_f2d
    main.o(i.main) refers to ili9341.o(i.lcdPrintf) for lcdPrintf
    main.o(i.main) refers to arm_rfft_init_q15.o(.text) for arm_rfft_init_q15
    main.o(i.main) refers to ili9341.o(i.lcdFillRect) for lcdFillRect
    main.o(i.main) refers to arm_rfft_q15.o(.text) for arm_rfft_q15
    main.o(i.main) refers to arm_abs_q15.o(.text) for arm_abs_q15
    main.o(i.main) refers to arm_max_q15.o(.text) for arm_max_q15
    main.o(i.main) refers to ili9341.o(i.lcdGrid_fft) for lcdGrid_fft
    main.o(i.main) refers to ili9341.o(i.lcdPlot_left) for lcdPlot_left
    main.o(i.main) refers to interrupt.o(i.Delay) for Delay
    main.o(i.main) refers to cmsis_my.o(i.min_max_elems) for min_max_elems
    main.o(i.main) refers to ili9341.o(i.lcdPlot_center) for lcdPlot_center
    main.o(i.main) refers to main.o(.data) for .data
    main.o(i.main) refers to main.o(.bss) for .bss
    main.o(i.main) refers to interrupt.o(.bss) for BUFF_ADC3
    main.o(i.main) refers to interrupt.o(.data) for flag_lcd_update
    cmsis_my.o(i.ADC1_2_Dual_Init) refers to interrupt.o(.bss) for BUFF_ADC1_2
    cmsis_my.o(i.ADC1_Init) refers to interrupt.o(.bss) for BUFF_ADC1
    cmsis_my.o(i.ADC3_Init) refers to interrupt.o(.bss) for BUFF_ADC3
    cmsis_my.o(i.Button_K1_Init) refers to cmsis_my.o(i.__NVIC_EnableIRQ) for __NVIC_EnableIRQ
    cmsis_my.o(i.DMA_Init) refers to cmsis_my.o(i.__NVIC_EnableIRQ) for __NVIC_EnableIRQ
    cmsis_my.o(i.TIM2_Init) refers to cmsis_my.o(i.__NVIC_EnableIRQ) for __NVIC_EnableIRQ
    cmsis_my.o(i.TIM3_Init) refers to cmsis_my.o(i.__NVIC_EnableIRQ) for __NVIC_EnableIRQ
    cmsis_my.o(i.TIM4_Init) refers to cmsis_my.o(i.__NVIC_EnableIRQ) for __NVIC_EnableIRQ
    interrupt.o(i.ADC_IRQHandler) refers to interrupt.o(.data) for .data
    interrupt.o(i.ADC_IRQHandler) refers to interrupt.o(.bss) for .bss
    interrupt.o(i.DMA2_Stream0_IRQHandler) refers to interrupt.o(.data) for .data
    interrupt.o(i.DMA2_Stream1_IRQHandler) refers to interrupt.o(.data) for .data
    interrupt.o(i.Delay) refers to interrupt.o(.data) for .data
    interrupt.o(i.EXTI3_IRQHandler) refers to ili9341.o(i.lcdFillRect) for lcdFillRect
    interrupt.o(i.EXTI3_IRQHandler) refers to ili9341.o(i.lcdGrid) for lcdGrid
[...]
    arm_const_structs.o(.constdata) refers to arm_common_tables.o(.constdata) for twiddleCoef_4096_q15
    arm_const_structs.o(.constdata) refers to arm_common_tables.o(.constdata) for armBitRevIndexTable_fixed_4096
    arm_const_structs.o(.constdata) refers to arm_common_tables.o(.constdata) for twiddleCoef_32
    arm_const_structs.o(.constdata) refers to arm_common_tables.o(.constdata) for armBitRevIndexTable32
    arm_const_structs.o(.constdata) refers to arm_common_tables.o(.constdata) for twiddleCoef_rfft_32
    arm_const_structs.o(.constdata) refers to arm_common_tables.o(.constdata) for twiddleCoef_32
    arm_const_structs.o(.constdata) refers to arm_common_tables.o(.constdata) for armBitRevIndexTable32
    arm_const_structs.o(.constdata) refers to arm_common_tables.o(.constdata) for twiddleCoef_rfft_64
    arm_const_structs.o(.constdata) refers to arm_common_tables.o(.constdata) for twiddleCoef_64
    arm_const_structs.o(.constdata) refers to arm_common_tables.o(.constdata) for armBitRevIndexTable64
    arm_const_structs.o(.constdata) refers to arm_common_tables.o(.constdata) for twiddleCoef_rfft_128
    arm_const_structs.o(.constdata) refers to arm_common_tables.o(.constdata) for twiddleCoef_128
    arm_const_structs.o(.constdata) refers to arm_common_tables.o(.constdata) for armBitRevIndexTable128
    arm_const_structs.o(.constdata) refers to arm_common_tables.o(.constdata) for twiddleCoef_rfft_256
    arm_const_structs.o(.constdata) refers to arm_common_tables.o(.constdata) for twiddleCoef_256
    arm_const_structs.o(.constdata) refers to arm_common_tables.o(.constdata) for armBitRevIndexTable256
    arm_const_structs.o(.constdata) refers to arm_common_tables.o(.constdata) for twiddleCoef_rfft_512
    arm_const_structs.o(.constdata) refers to arm_common_tables.o(.constdata) for twiddleCoef_512
    arm_const_structs.o(.constdata) refers to arm_common_tables.o(.constdata) for armBitRevIndexTable512
    arm_const_structs.o(.constdata) refers to arm_common_tables.o(.constdata) for twiddleCoef_rfft_1024
    arm_const_structs.o(.constdata) refers to arm_common_tables.o(.constdata) for twiddleCoef_1024
    arm_const_structs.o(.constdata) refers to arm_common_tables.o(.constdata) for armBitRevIndexTable1024
    arm_const_structs.o(.constdata) refers to arm_common_tables.o(.constdata) for twiddleCoef_rfft_2048
    arm_const_structs.o(.constdata) refers to arm_common_tables.o(.constdata) for twiddleCoef_2048
    arm_const_structs.o(.constdata) refers to arm_common_tables.o(.constdata) for armBitRevIndexTable2048
    arm_const_structs.o(.constdata) refers to arm_common_tables.o(.constdata) for twiddleCoef_rfft_4096
    arm_const_structs.o(.constdata) refers to arm_rfft_init_q31.o(.constdata) for realCoefAQ31
    arm_const_structs.o(.constdata) refers to arm_const_structs.o(.constdata) for arm_cfft_sR_q31_len16
    arm_const_structs.o(.constdata) refers to arm_rfft_init_q31.o(.constdata) for realCoefAQ31
    arm_const_structs.o(.constdata) refers to arm_const_structs.o(.constdata) for arm_cfft_sR_q31_len32
    arm_const_structs.o(.constdata) refers to arm_rfft_init_q31.o(.constdata) for realCoefAQ31
    arm_const_structs.o(.constdata) refers to arm_const_structs.o(.constdata) for arm_cfft_sR_q31_len64
    arm_const_structs.o(.constdata) refers to arm_rfft_init_q31.o(.constdata) for realCoefAQ31
    arm_const_structs.o(.constdata) refers to arm_const_structs.o(.constdata) for arm_cfft_sR_q31_len128
    arm_const_structs.o(.constdata) refers to arm_rfft_init_q31.o(.constdata) for realCoefAQ31
    arm_const_structs.o(.constdata) refers to arm_const_structs.o(.constdata) for arm_cfft_sR_q31_len256
    arm_const_structs.o(.constdata) refers to arm_rfft_init_q31.o(.constdata) for realCoefAQ31
    arm_const_structs.o(.constdata) refers to arm_const_structs.o(.constdata) for arm_cfft_sR_q31_len512
    arm_const_structs.o(.constdata) refers to arm_rfft_init_q31.o(.constdata) for realCoefAQ31
    arm_const_structs.o(.constdata) refers to arm_const_structs.o(.constdata) for arm_cfft_sR_q31_len1024
    arm_const_structs.o(.constdata) refers to arm_rfft_init_q31.o(.constdata) for realCoefAQ31
    arm_const_structs.o(.constdata) refers to arm_const_structs.o(.constdata) for arm_cfft_sR_q31_len2048
    arm_const_structs.o(.constdata) refers to arm_rfft_init_q31.o(.constdata) for realCoefAQ31
    arm_const_structs.o(.constdata) refers to arm_const_structs.o(.constdata) for arm_cfft_sR_q31_len4096
    arm_const_structs.o(.constdata) refers to arm_rfft_init_q15.o(.constdata) for realCoefAQ15
    arm_const_structs.o(.constdata) refers to arm_const_structs.o(.constdata) for arm_cfft_sR_q15_len16
    arm_const_structs.o(.constdata) refers to arm_rfft_init_q15.o(.constdata) for realCoefAQ15
    arm_const_structs.o(.constdata) refers to arm_const_structs.o(.constdata) for arm_cfft_sR_q15_len32
    arm_const_structs.o(.constdata) refers to arm_rfft_init_q15.o(.constdata) for realCoefAQ15
    arm_const_structs.o(.constdata) refers to arm_const_structs.o(.constdata) for arm_cfft_sR_q15_len64
    arm_const_structs.o(.constdata) refers to arm_rfft_init_q15.o(.constdata) for realCoefAQ15
    arm_const_structs.o(.constdata) refers to arm_const_structs.o(.constdata) for arm_cfft_sR_q15_len128
    arm_const_structs.o(.constdata) refers to arm_rfft_init_q15.o(.constdata) for realCoefAQ15
    arm_const_structs.o(.constdata) refers to arm_const_structs.o(.constdata) for arm_cfft_sR_q15_len256
    arm_const_structs.o(.constdata) refers to arm_rfft_init_q15.o(.constdata) for realCoefAQ15
    arm_const_structs.o(.constdata) refers to arm_const_structs.o(.constdata) for arm_cfft_sR_q15_len512
    arm_const_structs.o(.constdata) refers to arm_rfft_init_q15.o(.constdata) for realCoefAQ15
    arm_const_structs.o(.constdata) refers to arm_const_structs.o(.constdata) for arm_cfft_sR_q15_len1024
    arm_const_structs.o(.constdata) refers to arm_rfft_init_q15.o(.constdata) for realCoefAQ15
    arm_const_structs.o(.constdata) refers to arm_const_structs.o(.constdata) for arm_cfft_sR_q15_len2048
    arm_const_structs.o(.constdata) refers to arm_rfft_init_q15.o(.constdata) for realCoefAQ15
    arm_const_structs.o(.constdata) refers to arm_const_structs.o(.constdata) for arm_cfft_sR_q15_len4096
    arm_cfft_radix4_q15.o(.text) refers to arm_bitreversal.o(.text) for arm_bitreversal_q15
    arm_rfft_init_q31.o(.text) refers to arm_rfft_init_q31.o(.constdata) for .constdata
    arm_rfft_init_q31.o(.text) refers to arm_const_structs.o(.constdata) for arm_cfft_sR_q31_len4096
    arm_rfft_init_q31.o(.text) refers to arm_const_structs.o(.constdata) for arm_cfft_sR_q31_len2048
    arm_rfft_init_q31.o(.text) refers to arm_const_structs.o(.constdata) for arm_cfft_sR_q31_len1024
    arm_rfft_init_q31.o(.text) refers to arm_const_structs.o(.constdata) for arm_cfft_sR_q31_len512
    arm_rfft_init_q31.o(.text) refers to arm_const_structs.o(.constdata) for arm_cfft_sR_q31_len256
    arm_rfft_init_q31.o(.text) refers to arm_const_structs.o(.constdata) for arm_cfft_sR_q31_len128
    arm_rfft_init_q31.o(.text) refers to arm_const_structs.o(.constdata) for arm_cfft_sR_q31_len64
    arm_rfft_init_q31.o(.text) refers to arm_const_structs.o(.constdata) for arm_cfft_sR_q31_len32
    arm_rfft_init_q31.o(.text) refers to arm_const_structs.o(.constdata) for arm_cfft_sR_q31_len16
    entry.o(.ARM.Collect$$$$00000000) refers (Special) to entry10a.o(.ARM.Collect$$$$0000000F) for __rt_final_cpp
    entry.o(.ARM.Collect$$$$00000000) refers (Special) to entry11a.o(.ARM.Collect$$$$00000011) for __rt_final_exit
    entry.o(.ARM.Collect$$$$00000000) refers (Special) to entry12b.o(.ARM.Collect$$$$0000000E) for __rt_lib_shutdown_fini
    entry.o(.ARM.Collect$$$$00000000) refers (Special) to entry7b.o(.ARM.Collect$$$$00000008) for _main_clock
    entry.o(.ARM.Collect$$$$00000000) refers (Special) to entry8b.o(.ARM.Collect$$$$0000000A) for _main_cpp_init
    entry.o(.ARM.Collect$$$$00000000) refers (Special) to entry9a.o(.ARM.Collect$$$$0000000B) for _main_init
    entry.o(.ARM.Collect$$$$00000000) refers (Special) to entry5.o(.ARM.Collect$$$$00000004) for _main_scatterload
    entry.o(.ARM.Collect$$$$00000000) refers (Special) to entry2.o(.ARM.Collect$$$$00000001) for _main_stk
    printfa.o(i.__0fprintf) refers (Special) to iusefp.o(.text) for __I$use$fp
    printfa.o(i.__0fprintf) refers to printfa.o(i._printf_core) for _printf_core
    printfa.o(i.__0fprintf) refers to fputc.o(i.fputc) for fputc
    printfa.o(i.__0printf) refers (Special) to iusefp.o(.text) for __I$use$fp
    printfa.o(i.__0printf) refers to printfa.o(i._printf_core) for _printf_core
    printfa.o(i.__0printf) refers to fputc.o(i.fputc) for fputc
    printfa.o(i.__0printf) refers to stdout.o(.data) for __stdout
    printfa.o(i.__0snprintf) refers (Special) to iusefp.o(.text) for __I$use$fp
    printfa.o(i.__0snprintf) refers to printfa.o(i._printf_core) for _printf_core
    printfa.o(i.__0snprintf) refers to printfa.o(i._snputc) for _snputc
    printfa.o(i.__0sprintf) refers (Special) to iusefp.o(.text) for __I$use$fp
    printfa.o(i.__0sprintf) refers to printfa.o(i._printf_core) for _printf_core
    printfa.o(i.__0sprintf) refers to printfa.o(i._sputc) for _sputc
    printfa.o(i.__0vfprintf) refers (Special) to iusefp.o(.text) for __I$use$fp
    printfa.o(i.__0vfprintf) refers to printfa.o(i._printf_core) for _printf_core
    printfa.o(i.__0vfprintf) refers to fputc.o(i.fputc) for fputc
    printfa.o(i.__0vprintf) refers (Special) to iusefp.o(.text) for __I$use$fp
    printfa.o(i.__0vprintf) refers to printfa.o(i._printf_core) for _printf_core
    printfa.o(i.__0vprintf) refers to fputc.o(i.fputc) for fputc
    printfa.o(i.__0vprintf) refers to stdout.o(.data) for __stdout
    printfa.o(i.__0vsnprintf) refers (Special) to iusefp.o(.text) for __I$use$fp
    printfa.o(i.__0vsnprintf) refers to printfa.o(i._printf_core) for _printf_core
    printfa.o(i.__0vsnprintf) refers to printfa.o(i._snputc) for _snputc
    printfa.o(i.__0vsprintf) refers (Special) to iusefp.o(.text) for __I$use$fp
    printfa.o(i.__0vsprintf) refers to printfa.o(i._printf_core) for _printf_core
    printfa.o(i.__0vsprintf) refers to printfa.o(i._sputc) for _sputc
    printfa.o(i._fp_digits) refers (Special) to iusefp.o(.text) for __I$use$fp
    printfa.o(i._fp_digits) refers to dmul.o(.text) for __aeabi_dmul
    printfa.o(i._fp_digits) refers to ddiv.o(.text) for __aeabi_ddiv
    printfa.o(i._fp_digits) refers to cdrcmple.o(.text) for __aeabi_cdrcmple
    printfa.o(i._fp_digits) refers to dadd.o(.text) for __aeabi_dadd
    printfa.o(i._fp_digits) refers to dfixul.o(.text) for __aeabi_d2ulz
    printfa.o(i._fp_digits) refers to uldiv.o(.text) for __aeabi_uldivmod
    printfa.o(i._printf_core) refers (Special) to iusefp.o(.text) for __I$use$fp
    printfa.o(i._printf_core) refers to printfa.o(i._printf_pre_padding) for _printf_pre_padding
    printfa.o(i._printf_core) refers to uldiv.o(.text) for __aeabi_uldivmod
    printfa.o(i._printf_core) refers to printfa.o(i._printf_post_padding) for _printf_post_padding
    printfa.o(i._printf_core) refers to printfa.o(i._fp_digits) for _fp_digits
    printfa.o(i._printf_core) refers to uidiv.o(.text) for __aeabi_uidivmod
    printfa.o(i._printf_post_padding) refers (Special) to iusefp.o(.text) for __I$use$fp
    printfa.o(i._printf_pre_padding) refers (Special) to iusefp.o(.text) for __I$use$fp
    printfa.o(i._snputc) refers (Special) to iusefp.o(.text) for __I$use$fp
    printfa.o(i._sputc) refers (Special) to iusefp.o(.text) for __I$use$fp
    f2d.o(.text) refers (Special) to iusefp.o(.text) for __I$use$fp
    entry2.o(.ARM.Collect$$$$00000001) refers to entry2.o(.ARM.Collect$$$$00002712) for __lit__00000000
    entry2.o(.ARM.Collect$$$$00002712) refers to startup_stm32f407xx.o(STACK) for __initial_sp
    entry2.o(__vectab_stack_and_reset_area) refers to startup_stm32f407xx.o(STACK) for __initial_sp
    entry2.o(__vectab_stack_and_reset_area) refers to entry.o(.ARM.Collect$$$$00000000) for __main
    entry5.o(.ARM.Collect$$$$00000004) refers to init.o(.text) for __scatterload
    entry9a.o(.ARM.Collect$$$$0000000B) refers to main.o(i.main) for main
    entry9b.o(.ARM.Collect$$$$0000000C) refers to main.o(i.main) for main
    fputc.o(i.fputc) refers (Special) to iusesemip.o(.text) for __I$use$semihosting$fputc
    fputc.o(i.fputc) refers (Special) to semi.o(.text) for __semihosting_library_function
    uldiv.o(.text) refers to llushr.o(.text) for __aeabi_llsr
    uldiv.o(.text) refers to llshl.o(.text) for __aeabi_llsl
    dadd.o(.text) refers to llshl.o(.text) for __aeabi_llsl
    dadd.o(.text) refers to llsshr.o(.text) for __aeabi_lasr
    dadd.o(.text) refers to depilogue.o(.text) for _double_epilogue
    dmul.o(.text) refers to depilogue.o(.text) for _double_epilogue
    ddiv.o(.text) refers to depilogue.o(.text) for _double_round
    dfixul.o(.text) refers to llushr.o(.text) for __aeabi_llsr
    dfixul.o(.text) refers to llshl.o(.text) for __aeabi_llsl
    init.o(.text) refers to entry5.o(.ARM.Collect$$$$00000004) for __main_after_scatterload
    depilogue.o(.text) refers to llshl.o(.text) for __aeabi_llsl
    depilogue.o(.text) refers to llushr.o(.text) for __aeabi_llsr


==============================================================================

Removing Unused input sections from the image.

    Removing startup_stm32f407xx.o(HEAP), (512 bytes).
    Removing main.o(.rev16_text), (4 bytes).
    Removing main.o(.revsh_text), (4 bytes).
    Removing main.o(.rrx_text), (6 bytes).
    Removing main.o(.bss), (100 bytes).
    Removing main.o(.constdata), (2 bytes).
    Removing main.o(.constdata), (4 bytes).
    Removing main.o(.data), (4 bytes).
    Removing main.o(.data), (4 bytes).
    Removing main.o(.data), (2 bytes).
    Removing main.o(.data), (4 bytes).
    Removing main.o(.data), (2 bytes).
    Removing main.o(.data), (2 bytes).
    Removing cmsis_my.o(.rev16_text), (4 bytes).
    Removing cmsis_my.o(.revsh_text), (4 bytes).
    Removing cmsis_my.o(.rrx_text), (6 bytes).
    Removing cmsis_my.o(i.ADC1_Init), (268 bytes).
    Removing interrupt.o(.rev16_text), (4 bytes).
    Removing interrupt.o(.revsh_text), (4 bytes).
    Removing interrupt.o(.rrx_text), (6 bytes).
    Removing interrupt.o(i.Get_Tick), (12 bytes).
    Removing interrupt.o(.bss), (100 bytes).
    Removing system_stm32f4xx.o(.rev16_text), (4 bytes).
    Removing system_stm32f4xx.o(.revsh_text), (4 bytes).
    Removing system_stm32f4xx.o(.rrx_text), (6 bytes).
    Removing system_stm32f4xx.o(i.SystemCoreClockUpdate), (124 bytes).
    Removing system_stm32f4xx.o(.constdata), (16 bytes).
    Removing system_stm32f4xx.o(.constdata), (8 bytes).
    Removing system_stm32f4xx.o(.data), (4 bytes).
    Removing font8.o(.constdata), (760 bytes).
    Removing font8.o(.data), (8 bytes).
    Removing font16.o(.constdata), (3040 bytes).
    Removing font16.o(.data), (8 bytes).
    Removing font20.o(.constdata), (3800 bytes).
    Removing font20.o(.data), (8 bytes).
    Removing font24.o(.constdata), (6840 bytes).
    Removing font24.o(.data), (8 bytes).
    Removing ili9341.o(.rev16_text), (4 bytes).
    Removing ili9341.o(.revsh_text), (4 bytes).
    Removing ili9341.o(.rrx_text), (6 bytes).
    Removing ili9341.o(i.find_max), (32 bytes).
    Removing ili9341.o(i.lcdBacklightOff), (16 bytes).
    Removing ili9341.o(i.lcdColor565), (20 bytes).
    Removing ili9341.o(i.lcdDisplayOff), (24 bytes).
    Removing ili9341.o(i.lcdDisplayOn), (20 bytes).
    Removing ili9341.o(i.lcdDrawCircle), (272 bytes).
    Removing ili9341.o(i.lcdDrawCircleHelper), (230 bytes).
    Removing ili9341.o(i.lcdDrawImage), (136 bytes).
    Removing ili9341.o(i.lcdDrawRect), (76 bytes).
    Removing ili9341.o(i.lcdDrawRoundRect), (174 bytes).
    Removing ili9341.o(i.lcdDrawTriangle), (56 bytes).
    Removing ili9341.o(i.lcdFillCircle), (46 bytes).
    Removing ili9341.o(i.lcdFillCircleHelper), (202 bytes).
    Removing ili9341.o(i.lcdFillRoundRect), (98 bytes).
    Removing ili9341.o(i.lcdFillTriangle), (344 bytes).
    Removing ili9341.o(i.lcdGetControllerID), (32 bytes).
    Removing ili9341.o(i.lcdGetHeight), (12 bytes).
    Removing ili9341.o(i.lcdGetOrientation), (12 bytes).
    Removing ili9341.o(i.lcdGetProperties), (16 bytes).
    Removing ili9341.o(i.lcdGetTextFont), (12 bytes).
    Removing ili9341.o(i.lcdGetWidth), (12 bytes).
    Removing ili9341.o(i.lcdInversionOff), (10 bytes).
    Removing ili9341.o(i.lcdInversionOn), (10 bytes).
    Removing ili9341.o(i.lcdReadPixel), (84 bytes).
    Removing ili9341.o(i.lcdSetTextColor), (12 bytes).
    Removing ili9341.o(i.lcdSetTextFont), (12 bytes).
    Removing ili9341.o(i.lcdSetTextWrap), (12 bytes).
    Removing ili9341.o(i.lcdTearingOff), (10 bytes).
    Removing ili9341.o(i.lcdTearingOn), (20 bytes).
    Removing ili9341.o(i.lcdTest), (216 bytes).
    Removing ili9341.o(.data), (1 bytes).
    Removing ili9341.o(.data), (1 bytes).
    Removing lcd_ili9341.o(.rev16_text), (4 bytes).
    Removing lcd_ili9341.o(.revsh_text), (4 bytes).
    Removing lcd_ili9341.o(.rrx_text), (6 bytes).
    Removing lcd_ili9341.o(i.initLCD), (386 bytes).
    Removing lcd_ili9341.o(i.writeLCDCommand), (16 bytes).
    Removing lcd_ili9341.o(i.writeLCDData), (12 bytes).
    Removing arm_abs_q15.o(.rev16_text), (4 bytes).
    Removing arm_abs_q15.o(.revsh_text), (4 bytes).
    Removing arm_abs_q15.o(.rrx_text), (6 bytes).
    Removing arm_rfft_init_q15.o(.rev16_text), (4 bytes).
    Removing arm_rfft_init_q15.o(.revsh_text), (4 bytes).
    Removing arm_rfft_init_q15.o(.rrx_text), (6 bytes).
    Removing arm_rfft_q15.o(.rev16_text), (4 bytes).
    Removing arm_rfft_q15.o(.revsh_text), (4 bytes).
    Removing arm_rfft_q15.o(.rrx_text), (6 bytes).
    Removing arm_max_q15.o(.rev16_text), (4 bytes).
    Removing arm_max_q15.o(.revsh_text), (4 bytes).
    Removing arm_max_q15.o(.rrx_text), (6 bytes).
    Removing arm_cfft_q15.o(.rev16_text), (4 bytes).
    Removing arm_cfft_q15.o(.revsh_text), (4 bytes).
    Removing arm_cfft_q15.o(.rrx_text), (6 bytes).
    Removing arm_const_structs.o(.rev16_text), (4 bytes).
    Removing arm_const_structs.o(.revsh_text), (4 bytes).
    Removing arm_const_structs.o(.rrx_text), (6 bytes).
    Removing arm_const_structs.o(.constdata), (16 bytes).
    Removing arm_const_structs.o(.constdata), (16 bytes).
    Removing arm_const_structs.o(.constdata), (16 bytes).
    Removing arm_const_structs.o(.constdata), (16 bytes).
    Removing arm_const_structs.o(.constdata), (16 bytes).
    Removing arm_const_structs.o(.constdata), (16 bytes).
    Removing arm_const_structs.o(.constdata), (16 bytes).
    Removing arm_const_structs.o(.constdata), (16 bytes).
    Removing arm_const_structs.o(.constdata), (16 bytes).
    Removing arm_const_structs.o(.constdata), (16 bytes).
    Removing arm_const_structs.o(.constdata), (16 bytes).
    Removing arm_const_structs.o(.constdata), (16 bytes).
    Removing arm_const_structs.o(.constdata), (16 bytes).
    Removing arm_const_structs.o(.constdata), (16 bytes).
    Removing arm_const_structs.o(.constdata), (16 bytes).
    Removing arm_const_structs.o(.constdata), (16 bytes).
    Removing arm_const_structs.o(.constdata), (16 bytes).
    Removing arm_const_structs.o(.constdata), (16 bytes).
    Removing arm_const_structs.o(.constdata), (24 bytes).
    Removing arm_const_structs.o(.constdata), (24 bytes).
    Removing arm_const_structs.o(.constdata), (24 bytes).
    Removing arm_const_structs.o(.constdata), (24 bytes).
    Removing arm_const_structs.o(.constdata), (24 bytes).
    Removing arm_const_structs.o(.constdata), (24 bytes).
    Removing arm_const_structs.o(.constdata), (24 bytes).
    Removing arm_const_structs.o(.constdata), (24 bytes).
    Removing arm_const_structs.o(.constdata), (24 bytes).
    Removing arm_const_structs.o(.constdata), (24 bytes).
    Removing arm_const_structs.o(.constdata), (24 bytes).
    Removing arm_const_structs.o(.constdata), (24 bytes).
    Removing arm_const_structs.o(.constdata), (24 bytes).
    Removing arm_const_structs.o(.constdata), (24 bytes).
    Removing arm_const_structs.o(.constdata), (24 bytes).
    Removing arm_const_structs.o(.constdata), (24 bytes).
    Removing arm_const_structs.o(.constdata), (24 bytes).
    Removing arm_const_structs.o(.constdata), (24 bytes).
    Removing arm_const_structs.o(.constdata), (24 bytes).
    Removing arm_const_structs.o(.constdata), (24 bytes).
    Removing arm_const_structs.o(.constdata), (24 bytes).
    Removing arm_const_structs.o(.constdata), (24 bytes).
    Removing arm_const_structs.o(.constdata), (24 bytes).
    Removing arm_const_structs.o(.constdata), (24 bytes).
    Removing arm_const_structs.o(.constdata), (24 bytes).
    Removing arm_const_structs.o(.constdata), (24 bytes).
    Removing arm_cfft_radix4_q15.o(.rev16_text), (4 bytes).
    Removing arm_cfft_radix4_q15.o(.revsh_text), (4 bytes).
    Removing arm_cfft_radix4_q15.o(.rrx_text), (6 bytes).
    Removing arm_rfft_init_q31.o(.rev16_text), (4 bytes).
    Removing arm_rfft_init_q31.o(.revsh_text), (4 bytes).
    Removing arm_rfft_init_q31.o(.rrx_text), (6 bytes).
    Removing arm_rfft_init_q31.o(.text), (204 bytes).
    Removing arm_rfft_init_q31.o(.constdata), (65536 bytes).
    Removing arm_common_tables.o(.rev16_text), (4 bytes).
    Removing arm_common_tables.o(.revsh_text), (4 bytes).
    Removing arm_common_tables.o(.rrx_text), (6 bytes).
    Removing arm_common_tables.o(.constdata), (2048 bytes).
    Removing arm_common_tables.o(.constdata), (128 bytes).
    Removing arm_common_tables.o(.constdata), (256 bytes).
    Removing arm_common_tables.o(.constdata), (512 bytes).
    Removing arm_common_tables.o(.constdata), (1024 bytes).
    Removing arm_common_tables.o(.constdata), (2048 bytes).
    Removing arm_common_tables.o(.constdata), (4096 bytes).
    Removing arm_common_tables.o(.constdata), (8192 bytes).
    Removing arm_common_tables.o(.constdata), (16384 bytes).
    Removing arm_common_tables.o(.constdata), (32768 bytes).
    Removing arm_common_tables.o(.constdata), (96 bytes).
    Removing arm_common_tables.o(.constdata), (192 bytes).
    Removing arm_common_tables.o(.constdata), (384 bytes).
    Removing arm_common_tables.o(.constdata), (768 bytes).
    Removing arm_common_tables.o(.constdata), (1536 bytes).
    Removing arm_common_tables.o(.constdata), (3072 bytes).
    Removing arm_common_tables.o(.constdata), (6144 bytes).
    Removing arm_common_tables.o(.constdata), (12288 bytes).
    Removing arm_common_tables.o(.constdata), (24576 bytes).
    Removing arm_common_tables.o(.constdata), (128 bytes).
    Removing arm_common_tables.o(.constdata), (256 bytes).
    Removing arm_common_tables.o(.constdata), (40 bytes).
    Removing arm_common_tables.o(.constdata), (96 bytes).
    Removing arm_common_tables.o(.constdata), (112 bytes).
    Removing arm_common_tables.o(.constdata), (416 bytes).
    Removing arm_common_tables.o(.constdata), (880 bytes).
    Removing arm_common_tables.o(.constdata), (896 bytes).
    Removing arm_common_tables.o(.constdata), (3600 bytes).
    Removing arm_common_tables.o(.constdata), (7616 bytes).
    Removing arm_common_tables.o(.constdata), (8064 bytes).
    Removing arm_common_tables.o(.constdata), (128 bytes).
    Removing arm_common_tables.o(.constdata), (256 bytes).
    Removing arm_common_tables.o(.constdata), (512 bytes).
    Removing arm_common_tables.o(.constdata), (1024 bytes).
    Removing arm_common_tables.o(.constdata), (2048 bytes).
    Removing arm_common_tables.o(.constdata), (4096 bytes).
    Removing arm_common_tables.o(.constdata), (8192 bytes).
    Removing arm_common_tables.o(.constdata), (16384 bytes).
    Removing arm_common_tables.o(.constdata), (2052 bytes).
    Removing arm_common_tables.o(.constdata), (2052 bytes).
    Removing arm_common_tables.o(.constdata), (1026 bytes).
    Removing arm_bitreversal.o(.rev16_text), (4 bytes).
    Removing arm_bitreversal.o(.revsh_text), (4 bytes).
    Removing arm_bitreversal.o(.rrx_text), (6 bytes).

195 unused section(s) (total 261546 bytes) removed from the image.

==============================================================================

Image Symbol Table

    Local Symbols

    Symbol Name                              Value     Ov Type        Size  Object(Section)

    ../Core/Src/main.c                       0x00000000   Number         0  main.o ABSOLUTE
    ../Core/Src/system_stm32f4xx.c           0x00000000   Number         0  system_stm32f4xx.o ABSOLUTE
    ../clib/microlib/division.c              0x00000000   Number         0  uidiv.o ABSOLUTE
    ../clib/microlib/division.c              0x00000000   Number         0  uldiv.o ABSOLUTE
    ../clib/microlib/init/entry.s            0x00000000   Number         0  entry8a.o ABSOLUTE
    ../clib/microlib/init/entry.s            0x00000000   Number         0  entry8b.o ABSOLUTE
    ../clib/microlib/init/entry.s            0x00000000   Number         0  entry9a.o ABSOLUTE
    ../clib/microlib/init/entry.s            0x00000000   Number         0  entry9b.o ABSOLUTE
    ../clib/microlib/init/entry.s            0x00000000   Number         0  entry10a.o ABSOLUTE
    ../clib/microlib/init/entry.s            0x00000000   Number         0  entry10b.o ABSOLUTE
    ../clib/microlib/init/entry.s            0x00000000   Number         0  entry11a.o ABSOLUTE
    ../clib/microlib/init/entry.s            0x00000000   Number         0  entry11b.o ABSOLUTE
    ../clib/microlib/init/entry.s            0x00000000   Number         0  entry12a.o ABSOLUTE
    ../clib/microlib/init/entry.s            0x00000000   Number         0  entry12b.o ABSOLUTE
    ../clib/microlib/init/entry.s            0x00000000   Number         0  entry.o ABSOLUTE
    ../clib/microlib/init/entry.s            0x00000000   Number         0  entry2.o ABSOLUTE
    ../clib/microlib/init/entry.s            0x00000000   Number         0  entry5.o ABSOLUTE
    ../clib/microlib/init/entry.s            0x00000000   Number         0  entry7a.o ABSOLUTE
    ../clib/microlib/init/entry.s            0x00000000   Number         0  entry7b.o ABSOLUTE
    ../clib/microlib/longlong.c              0x00000000   Number         0  llsshr.o ABSOLUTE
    ../clib/microlib/longlong.c              0x00000000   Number         0  llushr.o ABSOLUTE
    ../clib/microlib/longlong.c              0x00000000   Number         0  llshl.o ABSOLUTE
    ../clib/microlib/printf/printf.c         0x00000000   Number         0  printfa.o ABSOLUTE
    ../clib/microlib/stdio/fputc.c           0x00000000   Number         0  fputc.o ABSOLUTE
    ../clib/microlib/stdio/semi.s            0x00000000   Number         0  semi.o ABSOLUTE
    ../clib/microlib/stdio/streams.c         0x00000000   Number         0  stdout.o ABSOLUTE
    ../clib/microlib/stubs.s                 0x00000000   Number         0  iusefp.o ABSOLUTE
    ../clib/microlib/stubs.s                 0x00000000   Number         0  iusesemip.o ABSOLUTE
    ../fplib/microlib/f2d.c                  0x00000000   Number         0  f2d.o ABSOLUTE
    ../fplib/microlib/fpadd.c                0x00000000   Number         0  dadd.o ABSOLUTE
    ../fplib/microlib/fpdiv.c                0x00000000   Number         0  ddiv.o ABSOLUTE
    ../fplib/microlib/fpepilogue.c           0x00000000   Number         0  depilogue.o ABSOLUTE
    ../fplib/microlib/fpfix.c                0x00000000   Number         0  dfixul.o ABSOLUTE
    ../fplib/microlib/fpmul.c                0x00000000   Number         0  dmul.o ABSOLUTE
    ..\..\Source\BasicMathFunctions\arm_abs_q15.c 0x00000000   Number         0  arm_abs_q15.o ABSOLUTE
    ..\..\Source\CommonTables\arm_common_tables.c 0x00000000   Number         0  arm_common_tables.o ABSOLUTE
    ..\..\Source\CommonTables\arm_const_structs.c 0x00000000   Number         0  arm_const_structs.o ABSOLUTE
    ..\..\Source\StatisticsFunctions\arm_max_q15.c 0x00000000   Number         0  arm_max_q15.o ABSOLUTE
    ..\..\Source\TransformFunctions\arm_bitreversal.c 0x00000000   Number         0  arm_bitreversal.o ABSOLUTE
    ..\..\Source\TransformFunctions\arm_cfft_q15.c 0x00000000   Number         0  arm_cfft_q15.o ABSOLUTE
    ..\..\Source\TransformFunctions\arm_cfft_radix4_q15.c 0x00000000   Number         0  arm_cfft_radix4_q15.o ABSOLUTE
    ..\..\Source\TransformFunctions\arm_rfft_init_q15.c 0x00000000   Number         0  arm_rfft_init_q15.o ABSOLUTE
    ..\..\Source\TransformFunctions\arm_rfft_init_q31.c 0x00000000   Number         0  arm_rfft_init_q31.o ABSOLUTE
    ..\..\Source\TransformFunctions\arm_rfft_q15.c 0x00000000   Number         0  arm_rfft_q15.o ABSOLUTE
    ..\Core\Src\main.c                       0x00000000   Number         0  main.o ABSOLUTE
    ..\Core\Src\system_stm32f4xx.c           0x00000000   Number         0  system_stm32f4xx.o ABSOLUTE
    ..\\..\\Source\\BasicMathFunctions\\arm_abs_q15.c 0x00000000   Number         0  arm_abs_q15.o ABSOLUTE
    ..\\..\\Source\\CommonTables\\arm_common_tables.c 0x00000000   Number         0  arm_common_tables.o ABSOLUTE
    ..\\..\\Source\\CommonTables\\arm_const_structs.c 0x00000000   Number         0  arm_const_structs.o ABSOLUTE
    ..\\..\\Source\\StatisticsFunctions\\arm_max_q15.c 0x00000000   Number         0  arm_max_q15.o ABSOLUTE
    ..\\..\\Source\\TransformFunctions\\arm_bitreversal.c 0x00000000   Number         0  arm_bitreversal.o ABSOLUTE
    ..\\..\\Source\\TransformFunctions\\arm_bitreversal2.S 0x00000000   Number         0  arm_bitreversal2.o ABSOLUTE
    ..\\..\\Source\\TransformFunctions\\arm_cfft_q15.c 0x00000000   Number         0  arm_cfft_q15.o ABSOLUTE
    ..\\..\\Source\\TransformFunctions\\arm_cfft_radix4_q15.c 0x00000000   Number         0  arm_cfft_radix4_q15.o ABSOLUTE
    ..\\..\\Source\\TransformFunctions\\arm_rfft_init_q15.c 0x00000000   Number         0  arm_rfft_init_q15.o ABSOLUTE
    ..\\..\\Source\\TransformFunctions\\arm_rfft_init_q31.c 0x00000000   Number         0  arm_rfft_init_q31.o ABSOLUTE
    ..\\..\\Source\\TransformFunctions\\arm_rfft_q15.c 0x00000000   Number         0  arm_rfft_q15.o ABSOLUTE
    CMSIS_My.c                               0x00000000   Number         0  cmsis_my.o ABSOLUTE
    CMSIS_My.c                               0x00000000   Number         0  cmsis_my.o ABSOLUTE
    ILI9341\\ili9341.c                       0x00000000   Number         0  ili9341.o ABSOLUTE
    ILI9341\\lcd_ili9341.c                   0x00000000   Number         0  lcd_ili9341.o ABSOLUTE
    ILI9341\font12.c                         0x00000000   Number         0  font12.o ABSOLUTE
    ILI9341\font16.c                         0x00000000   Number         0  font16.o ABSOLUTE
    ILI9341\font20.c                         0x00000000   Number         0  font20.o ABSOLUTE
    ILI9341\font24.c                         0x00000000   Number         0  font24.o ABSOLUTE
    ILI9341\font8.c                          0x00000000   Number         0  font8.o ABSOLUTE
    ILI9341\ili9341.c                        0x00000000   Number         0  ili9341.o ABSOLUTE
    ILI9341\lcd_ili9341.c                    0x00000000   Number         0  lcd_ili9341.o ABSOLUTE
    Interrupt.c                              0x00000000   Number         0  interrupt.o ABSOLUTE
    Interrupt.c                              0x00000000   Number         0  interrupt.o ABSOLUTE
    cdrcmple.s                               0x00000000   Number         0  cdrcmple.o ABSOLUTE
    dc.s                                     0x00000000   Number         0  dc.o ABSOLUTE
    handlers.s                               0x00000000   Number         0  handlers.o ABSOLUTE
    init.s                                   0x00000000   Number         0  init.o ABSOLUTE
    startup_stm32f407xx.s                    0x00000000   Number         0  startup_stm32f407xx.o ABSOLUTE
    RESET                                    0x08000000   Section      392  startup_stm32f407xx.o(RESET)
    . text                                   0x08000188   Section      192  arm_bitreversal2.o(. text)
    $v0                                      0x08000188   Number         0  arm_bitreversal2.o(. text)
    .ARM.Collect$$$$00000000                 0x08000248   Section        0  entry.o(.ARM.Collect$$$$00000000)
    .ARM.Collect$$$$00000001                 0x08000248   Section        4  entry2.o(.ARM.Collect$$$$00000001)
    .ARM.Collect$$$$00000004                 0x0800024c   Section        4  entry5.o(.ARM.Collect$$$$00000004)
    .ARM.Collect$$$$00000008                 0x08000250   Section        0  entry7b.o(.ARM.Collect$$$$00000008)
    .ARM.Collect$$$$0000000A                 0x08000250   Section        0  entry8b.o(.ARM.Collect$$$$0000000A)
    .ARM.Collect$$$$0000000B                 0x08000250   Section        8  entry9a.o(.ARM.Collect$$$$0000000B)
    .ARM.Collect$$$$0000000E                 0x08000258   Section        4  entry12b.o(.ARM.Collect$$$$0000000E)
    .ARM.Collect$$$$0000000F                 0x0800025c   Section        0  entry10a.o(.ARM.Collect$$$$0000000F)
    .ARM.Collect$$$$00000011                 0x0800025c   Section        0  entry11a.o(.ARM.Collect$$$$00000011)
    .ARM.Collect$$$$00002712                 0x0800025c   Section        4  entry2.o(.ARM.Collect$$$$00002712)
    __lit__00000000                          0x0800025c   Data           4  entry2.o(.ARM.Collect$$$$00002712)
    .text                                    0x08000260   Section       36  startup_stm32f407xx.o(.text)
    $v0                                      0x08000260   Number         0  startup_stm32f407xx.o(.text)
    .text                                    0x08000284   Section        0  arm_abs_q15.o(.text)
    .text                                    0x0800030c   Section        0  arm_rfft_init_q15.o(.text)
    .text                                    0x080003d8   Section        0  arm_rfft_q15.o(.text)
    .text                                    0x08000654   Section        0  arm_max_q15.o(.text)
    .text                                    0x080006f0   Section        0  arm_cfft_q15.o(.text)
    .text                                    0x08000a38   Section        0  arm_cfft_radix4_q15.o(.text)
    .text                                    0x08000f16   Section        0  arm_bitreversal.o(.text)
    .text                                    0x080010ec   Section        0  f2d.o(.text)
    .text                                    0x08001112   Section        0  uidiv.o(.text)
    .text                                    0x0800113e   Section        0  uldiv.o(.text)
    .text                                    0x080011a0   Section        0  iusefp.o(.text)
    .text                                    0x080011a0   Section        0  dadd.o(.text)
    .text                                    0x080012ee   Section        0  dmul.o(.text)
    .text                                    0x080013d2   Section        0  ddiv.o(.text)
    .text                                    0x080014b0   Section        0  dfixul.o(.text)
    .text                                    0x080014e0   Section       48  cdrcmple.o(.text)
    .text                                    0x08001510   Section       36  init.o(.text)
    .text                                    0x08001534   Section        0  llshl.o(.text)
    .text                                    0x08001552   Section        0  llushr.o(.text)
    .text                                    0x08001572   Section        0  llsshr.o(.text)
    .text                                    0x08001596   Section        0  depilogue.o(.text)
    i.ADC1_2_Dual_Init                       0x08001650   Section        0  cmsis_my.o(i.ADC1_2_Dual_Init)
    i.ADC3_Init                              0x08001800   Section        0  cmsis_my.o(i.ADC3_Init)
    i.ADC_IRQHandler                         0x08001950   Section        0  interrupt.o(i.ADC_IRQHandler)
    i.Button_K1_Init                         0x08001990   Section        0  cmsis_my.o(i.Button_K1_Init)
    i.DMA2_Stream0_IRQHandler                0x08001a04   Section        0  interrupt.o(i.DMA2_Stream0_IRQHandler)
    i.DMA2_Stream1_IRQHandler                0x08001a28   Section        0  interrupt.o(i.DMA2_Stream1_IRQHandler)
    i.DMA_Init                               0x08001a4c   Section        0  cmsis_my.o(i.DMA_Init)
    i.Delay                                  0x08001a6c   Section        0  interrupt.o(i.Delay)
    i.EXTI3_IRQHandler                       0x08001a7c   Section        0  interrupt.o(i.EXTI3_IRQHandler)
    i.FSMC_Init                              0x08001abc   Section        0  cmsis_my.o(i.FSMC_Init)
    i.GPIOA6_Init                            0x08001b80   Section        0  cmsis_my.o(i.GPIOA6_Init)
    i.GPIOA7_Init                            0x08001bb0   Section        0  cmsis_my.o(i.GPIOA7_Init)
    i.GPIOB1_Init                            0x08001be0   Section        0  cmsis_my.o(i.GPIOB1_Init)
    i.SysTick_Handler                        0x08001c10   Section        0  interrupt.o(i.SysTick_Handler)
    i.SysTick_Init                           0x08001c2c   Section        0  cmsis_my.o(i.SysTick_Init)
    i.Sys_Clock_168MHz                       0x08001c70   Section        0  cmsis_my.o(i.Sys_Clock_168MHz)
    i.SystemInit                             0x08001d44   Section        0  system_stm32f4xx.o(i.SystemInit)
    i.TIM2_IRQHandler                        0x08001d54   Section        0  interrupt.o(i.TIM2_IRQHandler)
    i.TIM2_Init                              0x08001d8c   Section        0  cmsis_my.o(i.TIM2_Init)
    i.TIM3_IRQHandler                        0x08001ddc   Section        0  interrupt.o(i.TIM3_IRQHandler)
    i.TIM3_Init                              0x08001e14   Section        0  cmsis_my.o(i.TIM3_Init)
    i.TIM4_IRQHandler                        0x08001e78   Section        0  interrupt.o(i.TIM4_IRQHandler)
    i.TIM4_Init                              0x08001e98   Section        0  cmsis_my.o(i.TIM4_Init)
    i.__0vsprintf                            0x08001f00   Section        0  printfa.o(i.__0vsprintf)
    i.__NVIC_EnableIRQ                       0x08001f24   Section        0  cmsis_my.o(i.__NVIC_EnableIRQ)
    __NVIC_EnableIRQ                         0x08001f25   Thumb Code    26  cmsis_my.o(i.__NVIC_EnableIRQ)
    i.__scatterload_copy                     0x08001f3e   Section       14  handlers.o(i.__scatterload_copy)
    i.__scatterload_null                     0x08001f4c   Section        2  handlers.o(i.__scatterload_null)
    i.__scatterload_zeroinit                 0x08001f4e   Section       14  handlers.o(i.__scatterload_zeroinit)
    i._fp_digits                             0x08001f5c   Section        0  printfa.o(i._fp_digits)
    _fp_digits                               0x08001f5d   Thumb Code   366  printfa.o(i._fp_digits)
    i._printf_core                           0x080020e0   Section        0  printfa.o(i._printf_core)
    _printf_core                             0x080020e1   Thumb Code  1704  printfa.o(i._printf_core)
    i._printf_post_padding                   0x08002794   Section        0  printfa.o(i._printf_post_padding)
    _printf_post_padding                     0x08002795   Thumb Code    36  printfa.o(i._printf_post_padding)
    i._printf_pre_padding                    0x080027b8   Section        0  printfa.o(i._printf_pre_padding)
    _printf_pre_padding                      0x080027b9   Thumb Code    46  printfa.o(i._printf_pre_padding)
    i._sputc                                 0x080027e6   Section        0  printfa.o(i._sputc)
    _sputc                                   0x080027e7   Thumb Code    10  printfa.o(i._sputc)
    i.lcdBacklightOn                         0x080027f0   Section        0  ili9341.o(i.lcdBacklightOn)
    i.lcdBuildMemoryAccessControlConfig      0x080027fc   Section        0  ili9341.o(i.lcdBuildMemoryAccessControlConfig)
    lcdBuildMemoryAccessControlConfig        0x080027fd   Thumb Code    48  ili9341.o(i.lcdBuildMemoryAccessControlConfig)
    i.lcdDrawChar                            0x0800282c   Section        0  ili9341.o(i.lcdDrawChar)
    i.lcdDrawHLine                           0x080028f0   Section        0  ili9341.o(i.lcdDrawHLine)
    i.lcdDrawLine                            0x08002934   Section        0  ili9341.o(i.lcdDrawLine)
    i.lcdDrawPixel                           0x080029d4   Section        0  ili9341.o(i.lcdDrawPixel)
    i.lcdDrawVLine                           0x080029fc   Section        0  ili9341.o(i.lcdDrawVLine)
    i.lcdFillRGB                             0x08002a48   Section        0  ili9341.o(i.lcdFillRGB)
    i.lcdFillRect                            0x08002a7c   Section        0  ili9341.o(i.lcdFillRect)
    i.lcdGrid                                0x08002ad0   Section        0  ili9341.o(i.lcdGrid)
    i.lcdGrid_fft                            0x08002bfe   Section        0  ili9341.o(i.lcdGrid_fft)
    i.lcdHome                                0x08002d2c   Section        0  ili9341.o(i.lcdHome)
    i.lcdInit                                0x08002d50   Section        0  ili9341.o(i.lcdInit)
    i.lcdPlot_center                         0x08002f2c   Section        0  ili9341.o(i.lcdPlot_center)
    i.lcdPlot_left                           0x08002fb0   Section        0  ili9341.o(i.lcdPlot_left)
    i.lcdPrintf                              0x08003034   Section        0  ili9341.o(i.lcdPrintf)
    i.lcdSetCursor                           0x080030e0   Section        0  ili9341.o(i.lcdSetCursor)
    i.lcdSetOrientation                      0x080030f4   Section        0  ili9341.o(i.lcdSetOrientation)
    i.lcdSetWindow                           0x08003154   Section        0  ili9341.o(i.lcdSetWindow)
    i.lcdSquare                              0x08003190   Section        0  ili9341.o(i.lcdSquare)
    i.main                                   0x080031d4   Section        0  main.o(i.main)
    i.min_max_elems                          0x080035e4   Section        0  cmsis_my.o(i.min_max_elems)
    .constdata                               0x08003612   Section     1140  font12.o(.constdata)
    .constdata                               0x08003a86   Section    32768  arm_rfft_init_q15.o(.constdata)
    .constdata                               0x0800ba88   Section       16  arm_const_structs.o(.constdata)
    .constdata                               0x0800ba98   Section       16  arm_const_structs.o(.constdata)
    .constdata                               0x0800baa8   Section       16  arm_const_structs.o(.constdata)
    .constdata                               0x0800bab8   Section       16  arm_const_structs.o(.constdata)
    .constdata                               0x0800bac8   Section       16  arm_const_structs.o(.constdata)
    .constdata                               0x0800bad8   Section       16  arm_const_structs.o(.constdata)
    .constdata                               0x0800bae8   Section       16  arm_const_structs.o(.constdata)
    .constdata                               0x0800baf8   Section       16  arm_const_structs.o(.constdata)
    .constdata                               0x0800bb08   Section       16  arm_const_structs.o(.constdata)
    .constdata                               0x0800bb18   Section       48  arm_common_tables.o(.constdata)
    .constdata                               0x0800bb48   Section       96  arm_common_tables.o(.constdata)
    .constdata                               0x0800bba8   Section      192  arm_common_tables.o(.constdata)
    .constdata                               0x0800bc68   Section      384  arm_common_tables.o(.constdata)
    .constdata                               0x0800bde8   Section      768  arm_common_tables.o(.constdata)
    .constdata                               0x0800c0e8   Section     1536  arm_common_tables.o(.constdata)
    .constdata                               0x0800c6e8   Section     3072  arm_common_tables.o(.constdata)
    .constdata                               0x0800d2e8   Section     6144  arm_common_tables.o(.constdata)
    .constdata                               0x0800eae8   Section    12288  arm_common_tables.o(.constdata)
    .constdata                               0x08011ae8   Section       24  arm_common_tables.o(.constdata)
    .constdata                               0x08011b00   Section       48  arm_common_tables.o(.constdata)
    .constdata                               0x08011b30   Section      112  arm_common_tables.o(.constdata)
    .constdata                               0x08011ba0   Section      224  arm_common_tables.o(.constdata)
    .constdata                               0x08011c80   Section      480  arm_common_tables.o(.constdata)
    .constdata                               0x08011e60   Section      960  arm_common_tables.o(.constdata)
    .constdata                               0x08012220   Section     1984  arm_common_tables.o(.constdata)
    .constdata                               0x080129e0   Section     3968  arm_common_tables.o(.constdata)
    .constdata                               0x08013960   Section     8064  arm_common_tables.o(.constdata)
    .data                                    0x20000000   Section       40  main.o(.data)
    .data                                    0x20000028   Section       20  interrupt.o(.data)
    .data                                    0x2000003c   Section        8  font12.o(.data)
    .data                                    0x20000044   Section       32  ili9341.o(.data)
    lcdPortraitConfig                        0x20000044   Data           1  ili9341.o(.data)
    lcdLandscapeConfig                       0x20000045   Data           1  ili9341.o(.data)
    lcdPortraitMirrorConfig                  0x20000046   Data           1  ili9341.o(.data)
    lcdLandscapeMirrorConfig                 0x20000047   Data           1  ili9341.o(.data)
    cursorXY                                 0x20000048   Data           4  ili9341.o(.data)
    lcdProperties                            0x2000004c   Data           8  ili9341.o(.data)
    lcdFont                                  0x20000054   Data          16  ili9341.o(.data)
    .bss                                     0x20000064   Section     5240  main.o(.bss)
    .bss                                     0x200014dc   Section       20  interrupt.o(.bss)
    .bss                                     0x200014f0   Section      200  interrupt.o(.bss)
    .bss                                     0x200015b8   Section     2048  interrupt.o(.bss)
    .bss                                     0x20001db8   Section      256  ili9341.o(.bss)
    buf                                      0x20001db8   Data         256  ili9341.o(.bss)
    STACK                                    0x20001eb8   Section     1024  startup_stm32f407xx.o(STACK)

    Global Symbols

    Symbol Name                              Value     Ov Type        Size  Object(Section)

    BuildAttributes$$THM_ISAv4$E$P$D$K$B$S$7EM$VFPi3$EXTD16$VFPS$VFMA$PE$A:L22UL41UL21$X:L11$S22US41US21$IEEE1$IW$USESV6$~STKCKD$USESV7$~SHL$OTIME$ROPI$IEEEX$EBA8$MICROLIB$REQ8$PRES8$EABIv2 0x00000000   Number         0  anon$$obj.o ABSOLUTE
    __ARM_use_no_argv                        0x00000000   Number         0  main.o ABSOLUTE
    __arm_fini_                               - Undefined Weak Reference
    __cpp_initialize__aeabi_                  - Undefined Weak Reference
    __cxa_finalize                            - Undefined Weak Reference
    __decompress                              - Undefined Weak Reference
    _clock_init                               - Undefined Weak Reference
    _microlib_exit                            - Undefined Weak Reference
    __Vectors_Size                           0x00000188   Number         0  startup_stm32f407xx.o ABSOLUTE
    __Vectors                                0x08000000   Data           4  startup_stm32f407xx.o(RESET)
    __Vectors_End                            0x08000188   Data           0  startup_stm32f407xx.o(RESET)
    arm_bitreversal_32                       0x08000189   Thumb Code   106  arm_bitreversal2.o(. text)
    arm_bitreversal_16                       0x080001f3   Thumb Code    86  arm_bitreversal2.o(. text)
    __main                                   0x08000249   Thumb Code     0  entry.o(.ARM.Collect$$$$00000000)
    _main_stk                                0x08000249   Thumb Code     0  entry2.o(.ARM.Collect$$$$00000001)
    _main_scatterload                        0x0800024d   Thumb Code     0  entry5.o(.ARM.Collect$$$$00000004)
    __main_after_scatterload                 0x08000251   Thumb Code     0  entry5.o(.ARM.Collect$$$$00000004)
    _main_clock                              0x08000251   Thumb Code     0  entry7b.o(.ARM.Collect$$$$00000008)
    _main_cpp_init                           0x08000251   Thumb Code     0  entry8b.o(.ARM.Collect$$$$0000000A)
    _main_init                               0x08000251   Thumb Code     0  entry9a.o(.ARM.Collect$$$$0000000B)
    __rt_lib_shutdown_fini                   0x08000259   Thumb Code     0  entry12b.o(.ARM.Collect$$$$0000000E)
    __rt_final_cpp                           0x0800025d   Thumb Code     0  entry10a.o(.ARM.Collect$$$$0000000F)
    __rt_final_exit                          0x0800025d   Thumb Code     0  entry11a.o(.ARM.Collect$$$$00000011)
    Reset_Handler                            0x08000261   Thumb Code     8  startup_stm32f407xx.o(.text)
    NMI_Handler                              0x08000269   Thumb Code     2  startup_stm32f407xx.o(.text)
    HardFault_Handler                        0x0800026b   Thumb Code     2  startup_stm32f407xx.o(.text)
    MemManage_Handler                        0x0800026d   Thumb Code     2  startup_stm32f407xx.o(.text)
    BusFault_Handler                         0x0800026f   Thumb Code     2  startup_stm32f407xx.o(.text)
    UsageFault_Handler                       0x08000271   Thumb Code     2  startup_stm32f407xx.o(.text)
    SVC_Handler                              0x08000273   Thumb Code     2  startup_stm32f407xx.o(.text)
    DebugMon_Handler                         0x08000275   Thumb Code     2  startup_stm32f407xx.o(.text)
    PendSV_Handler                           0x08000277   Thumb Code     2  startup_stm32f407xx.o(.text)
    CAN1_RX0_IRQHandler                      0x0800027b   Thumb Code     0  startup_stm32f407xx.o(.text)
    CAN1_RX1_IRQHandler                      0x0800027b   Thumb Code     0  startup_stm32f407xx.o(.text)
    CAN1_SCE_IRQHandler                      0x0800027b   Thumb Code     0  startup_stm32f407xx.o(.text)
    CAN1_TX_IRQHandler                       0x0800027b   Thumb Code     0  startup_stm32f407xx.o(.text)
    CAN2_RX0_IRQHandler                      0x0800027b   Thumb Code     0  startup_stm32f407xx.o(.text)
    CAN2_RX1_IRQHandler                      0x0800027b   Thumb Code     0  startup_stm32f407xx.o(.text)
    CAN2_SCE_IRQHandler                      0x0800027b   Thumb Code     0  startup_stm32f407xx.o(.text)
    CAN2_TX_IRQHandler                       0x0800027b   Thumb Code     0  startup_stm32f407xx.o(.text)
    DCMI_IRQHandler                          0x0800027b   Thumb Code     0  startup_stm32f407xx.o(.text)
    DMA1_Stream0_IRQHandler                  0x0800027b   Thumb Code     0  startup_stm32f407xx.o(.text)
    DMA1_Stream1_IRQHandler                  0x0800027b   Thumb Code     0  startup_stm32f407xx.o(.text)
    DMA1_Stream2_IRQHandler                  0x0800027b   Thumb Code     0  startup_stm32f407xx.o(.text)
    DMA1_Stream3_IRQHandler                  0x0800027b   Thumb Code     0  startup_stm32f407xx.o(.text)
    DMA1_Stream4_IRQHandler                  0x0800027b   Thumb Code     0  startup_stm32f407xx.o(.text)
    DMA1_Stream5_IRQHandler                  0x0800027b   Thumb Code     0  startup_stm32f407xx.o(.text)
    DMA1_Stream6_IRQHandler                  0x0800027b   Thumb Code     0  startup_stm32f407xx.o(.text)
    DMA1_Stream7_IRQHandler                  0x0800027b   Thumb Code     0  startup_stm32f407xx.o(.text)
    DMA2_Stream2_IRQHandler                  0x0800027b   Thumb Code     0  startup_stm32f407xx.o(.text)
    DMA2_Stream3_IRQHandler                  0x0800027b   Thumb Code     0  startup_stm32f407xx.o(.text)
    DMA2_Stream4_IRQHandler                  0x0800027b   Thumb Code     0  startup_stm32f407xx.o(.text)
    DMA2_Stream5_IRQHandler                  0x0800027b   Thumb Code     0  startup_stm32f407xx.o(.text)
    DMA2_Stream6_IRQHandler                  0x0800027b   Thumb Code     0  startup_stm32f407xx.o(.text)
    DMA2_Stream7_IRQHandler                  0x0800027b   Thumb Code     0  startup_stm32f407xx.o(.text)
    ETH_IRQHandler                           0x0800027b   Thumb Code     0  startup_stm32f407xx.o(.text)
    ETH_WKUP_IRQHandler                      0x0800027b   Thumb Code     0  startup_stm32f407xx.o(.text)
    EXTI0_IRQHandler                         0x0800027b   Thumb Code     0  startup_stm32f407xx.o(.text)
    EXTI15_10_IRQHandler                     0x0800027b   Thumb Code     0  startup_stm32f407xx.o(.text)
    EXTI1_IRQHandler                         0x0800027b   Thumb Code     0  startup_stm32f407xx.o(.text)
    EXTI2_IRQHandler                         0x0800027b   Thumb Code     0  startup_stm32f407xx.o(.text)
    EXTI4_IRQHandler                         0x0800027b   Thumb Code     0  startup_stm32f407xx.o(.text)
    EXTI9_5_IRQHandler                       0x0800027b   Thumb Code     0  startup_stm32f407xx.o(.text)
    FLASH_IRQHandler                         0x0800027b   Thumb Code     0  startup_stm32f407xx.o(.text)
    FMC_IRQHandler                           0x0800027b   Thumb Code     0  startup_stm32f407xx.o(.text)
    FPU_IRQHandler                           0x0800027b   Thumb Code     0  startup_stm32f407xx.o(.text)
    HASH_RNG_IRQHandler                      0x0800027b   Thumb Code     0  startup_stm32f407xx.o(.text)
    I2C1_ER_IRQHandler                       0x0800027b   Thumb Code     0  startup_stm32f407xx.o(.text)
    I2C1_EV_IRQHandler                       0x0800027b   Thumb Code     0  startup_stm32f407xx.o(.text)
    I2C2_ER_IRQHandler                       0x0800027b   Thumb Code     0  startup_stm32f407xx.o(.text)
    I2C2_EV_IRQHandler                       0x0800027b   Thumb Code     0  startup_stm32f407xx.o(.text)
    I2C3_ER_IRQHandler                       0x0800027b   Thumb Code     0  startup_stm32f407xx.o(.text)
    I2C3_EV_IRQHandler                       0x0800027b   Thumb Code     0  startup_stm32f407xx.o(.text)
    OTG_FS_IRQHandler                        0x0800027b   Thumb Code     0  startup_stm32f407xx.o(.text)
    OTG_FS_WKUP_IRQHandler                   0x0800027b   Thumb Code     0  startup_stm32f407xx.o(.text)
    OTG_HS_EP1_IN_IRQHandler                 0x0800027b   Thumb Code     0  startup_stm32f407xx.o(.text)
    OTG_HS_EP1_OUT_IRQHandler                0x0800027b   Thumb Code     0  startup_stm32f407xx.o(.text)
    OTG_HS_IRQHandler                        0x0800027b   Thumb Code     0  startup_stm32f407xx.o(.text)
    OTG_HS_WKUP_IRQHandler                   0x0800027b   Thumb Code     0  startup_stm32f407xx.o(.text)
    PVD_IRQHandler                           0x0800027b   Thumb Code     0  startup_stm32f407xx.o(.text)
    RCC_IRQHandler                           0x0800027b   Thumb Code     0  startup_stm32f407xx.o(.text)
    RTC_Alarm_IRQHandler                     0x0800027b   Thumb Code     0  startup_stm32f407xx.o(.text)
    RTC_WKUP_IRQHandler                      0x0800027b   Thumb Code     0  startup_stm32f407xx.o(.text)
    SDIO_IRQHandler                          0x0800027b   Thumb Code     0  startup_stm32f407xx.o(.text)
    SPI1_IRQHandler                          0x0800027b   Thumb Code     0  startup_stm32f407xx.o(.text)
    SPI2_IRQHandler                          0x0800027b   Thumb Code     0  startup_stm32f407xx.o(.text)
    SPI3_IRQHandler                          0x0800027b   Thumb Code     0  startup_stm32f407xx.o(.text)
    TAMP_STAMP_IRQHandler                    0x0800027b   Thumb Code     0  startup_stm32f407xx.o(.text)
    TIM1_BRK_TIM9_IRQHandler                 0x0800027b   Thumb Code     0  startup_stm32f407xx.o(.text)
    TIM1_CC_IRQHandler                       0x0800027b   Thumb Code     0  startup_stm32f407xx.o(.text)
    TIM1_TRG_COM_TIM11_IRQHandler            0x0800027b   Thumb Code     0  startup_stm32f407xx.o(.text)
    TIM1_UP_TIM10_IRQHandler                 0x0800027b   Thumb Code     0  startup_stm32f407xx.o(.text)
    TIM5_IRQHandler                          0x0800027b   Thumb Code     0  startup_stm32f407xx.o(.text)
    TIM6_DAC_IRQHandler                      0x0800027b   Thumb Code     0  startup_stm32f407xx.o(.text)
    TIM7_IRQHandler                          0x0800027b   Thumb Code     0  startup_stm32f407xx.o(.text)
    TIM8_BRK_TIM12_IRQHandler                0x0800027b   Thumb Code     0  startup_stm32f407xx.o(.text)
    TIM8_CC_IRQHandler                       0x0800027b   Thumb Code     0  startup_stm32f407xx.o(.text)
    TIM8_TRG_COM_TIM14_IRQHandler            0x0800027b   Thumb Code     0  startup_stm32f407xx.o(.text)
    TIM8_UP_TIM13_IRQHandler                 0x0800027b   Thumb Code     0  startup_stm32f407xx.o(.text)
    UART4_IRQHandler                         0x0800027b   Thumb Code     0  startup_stm32f407xx.o(.text)
    UART5_IRQHandler                         0x0800027b   Thumb Code     0  startup_stm32f407xx.o(.text)
    USART1_IRQHandler                        0x0800027b   Thumb Code     0  startup_stm32f407xx.o(.text)
    USART2_IRQHandler                        0x0800027b   Thumb Code     0  startup_stm32f407xx.o(.text)
    USART3_IRQHandler                        0x0800027b   Thumb Code     0  startup_stm32f407xx.o(.text)
    USART6_IRQHandler                        0x0800027b   Thumb Code     0  startup_stm32f407xx.o(.text)
    WWDG_IRQHandler                          0x0800027b   Thumb Code     0  startup_stm32f407xx.o(.text)
    arm_abs_q15                              0x08000285   Thumb Code   134  arm_abs_q15.o(.text)
    arm_rfft_init_q15                        0x0800030d   Thumb Code   164  arm_rfft_init_q15.o(.text)
    arm_split_rfft_q15                       0x080003d9   Thumb Code   170  arm_rfft_q15.o(.text)
    arm_split_rifft_q15                      0x08000483   Thumb Code    88  arm_rfft_q15.o(.text)
    arm_rfft_q15                             0x080004db   Thumb Code   376  arm_rfft_q15.o(.text)
    arm_max_q15                              0x08000655   Thumb Code   154  arm_max_q15.o(.text)
    arm_cfft_radix4by2_q15                   0x080006f1   Thumb Code   172  arm_cfft_q15.o(.text)
    arm_cfft_radix4by2_inverse_q15           0x0800079d   Thumb Code   172  arm_cfft_q15.o(.text)
    arm_cfft_q15                             0x08000849   Thumb Code   496  arm_cfft_q15.o(.text)
    arm_radix4_butterfly_q15                 0x08000a39   Thumb Code   596  arm_cfft_radix4_q15.o(.text)
    arm_radix4_butterfly_inverse_q15         0x08000c8d   Thumb Code   596  arm_cfft_radix4_q15.o(.text)
    arm_cfft_radix4_q15                      0x08000ee1   Thumb Code    54  arm_cfft_radix4_q15.o(.text)
    arm_bitreversal_f32                      0x08000f17   Thumb Code   178  arm_bitreversal.o(.text)
    arm_bitreversal_q31                      0x08000fc9   Thumb Code   170  arm_bitreversal.o(.text)
    arm_bitreversal_q15                      0x08001073   Thumb Code   122  arm_bitreversal.o(.text)
    __aeabi_f2d                              0x080010ed   Thumb Code    38  f2d.o(.text)
    __aeabi_uidiv                            0x08001113   Thumb Code     0  uidiv.o(.text)
    __aeabi_uidivmod                         0x08001113   Thumb Code    44  uidiv.o(.text)
    __aeabi_uldivmod                         0x0800113f   Thumb Code    98  uldiv.o(.text)
    __I$use$fp                               0x080011a1   Thumb Code     0  iusefp.o(.text)
    __aeabi_dadd                             0x080011a1   Thumb Code   322  dadd.o(.text)
    __aeabi_dsub                             0x080012e3   Thumb Code     6  dadd.o(.text)
    __aeabi_drsub                            0x080012e9   Thumb Code     6  dadd.o(.text)
    __aeabi_dmul                             0x080012ef   Thumb Code   228  dmul.o(.text)
    __aeabi_ddiv                             0x080013d3   Thumb Code   222  ddiv.o(.text)
    __aeabi_d2ulz                            0x080014b1   Thumb Code    48  dfixul.o(.text)
    __aeabi_cdrcmple                         0x080014e1   Thumb Code    48  cdrcmple.o(.text)
    __scatterload                            0x08001511   Thumb Code    28  init.o(.text)
    __scatterload_rt2                        0x08001511   Thumb Code     0  init.o(.text)
    __aeabi_llsl                             0x08001535   Thumb Code    30  llshl.o(.text)
    _ll_shift_l                              0x08001535   Thumb Code     0  llshl.o(.text)
    __aeabi_llsr                             0x08001553   Thumb Code    32  llushr.o(.text)
    _ll_ushift_r                             0x08001553   Thumb Code     0  llushr.o(.text)
    __aeabi_lasr                             0x08001573   Thumb Code    36  llsshr.o(.text)
    _ll_sshift_r                             0x08001573   Thumb Code     0  llsshr.o(.text)
    _double_round                            0x08001597   Thumb Code    30  depilogue.o(.text)
    _double_epilogue                         0x080015b5   Thumb Code   156  depilogue.o(.text)
    ADC1_2_Dual_Init                         0x08001651   Thumb Code   408  cmsis_my.o(i.ADC1_2_Dual_Init)
    ADC3_Init                                0x08001801   Thumb Code   312  cmsis_my.o(i.ADC3_Init)
    ADC_IRQHandler                           0x08001951   Thumb Code    52  interrupt.o(i.ADC_IRQHandler)
    Button_K1_Init                           0x08001991   Thumb Code    98  cmsis_my.o(i.Button_K1_Init)
    DMA2_Stream0_IRQHandler                  0x08001a05   Thumb Code    28  interrupt.o(i.DMA2_Stream0_IRQHandler)
    DMA2_Stream1_IRQHandler                  0x08001a29   Thumb Code    26  interrupt.o(i.DMA2_Stream1_IRQHandler)
    DMA_Init                                 0x08001a4d   Thumb Code    28  cmsis_my.o(i.DMA_Init)
    Delay                                    0x08001a6d   Thumb Code    12  interrupt.o(i.Delay)
    EXTI3_IRQHandler                         0x08001a7d   Thumb Code    56  interrupt.o(i.EXTI3_IRQHandler)
    FSMC_Init                                0x08001abd   Thumb Code   152  cmsis_my.o(i.FSMC_Init)
    GPIOA6_Init                              0x08001b81   Thumb Code    38  cmsis_my.o(i.GPIOA6_Init)
    GPIOA7_Init                              0x08001bb1   Thumb Code    38  cmsis_my.o(i.GPIOA7_Init)
    GPIOB1_Init                              0x08001be1   Thumb Code    40  cmsis_my.o(i.GPIOB1_Init)
    SysTick_Handler                          0x08001c11   Thumb Code    22  interrupt.o(i.SysTick_Handler)
    SysTick_Init                             0x08001c2d   Thumb Code    66  cmsis_my.o(i.SysTick_Init)
    Sys_Clock_168MHz                         0x08001c71   Thumb Code   204  cmsis_my.o(i.Sys_Clock_168MHz)
    SystemInit                               0x08001d45   Thumb Code    12  system_stm32f4xx.o(i.SystemInit)
    TIM2_IRQHandler                          0x08001d55   Thumb Code    46  interrupt.o(i.TIM2_IRQHandler)
    TIM2_Init                                0x08001d8d   Thumb Code    74  cmsis_my.o(i.TIM2_Init)
    TIM3_IRQHandler                          0x08001ddd   Thumb Code    44  interrupt.o(i.TIM3_IRQHandler)
    TIM3_Init                                0x08001e15   Thumb Code    92  cmsis_my.o(i.TIM3_Init)
    TIM4_IRQHandler                          0x08001e79   Thumb Code    24  interrupt.o(i.TIM4_IRQHandler)
    TIM4_Init                                0x08001e99   Thumb Code    94  cmsis_my.o(i.TIM4_Init)
    __0vsprintf                              0x08001f01   Thumb Code    30  printfa.o(i.__0vsprintf)
    __1vsprintf                              0x08001f01   Thumb Code     0  printfa.o(i.__0vsprintf)
    __2vsprintf                              0x08001f01   Thumb Code     0  printfa.o(i.__0vsprintf)
    __c89vsprintf                            0x08001f01   Thumb Code     0  printfa.o(i.__0vsprintf)
    vsprintf                                 0x08001f01   Thumb Code     0  printfa.o(i.__0vsprintf)
    __scatterload_copy                       0x08001f3f   Thumb Code    14  handlers.o(i.__scatterload_copy)
    __scatterload_null                       0x08001f4d   Thumb Code     2  handlers.o(i.__scatterload_null)
    __scatterload_zeroinit                   0x08001f4f   Thumb Code    14  handlers.o(i.__scatterload_zeroinit)
    lcdBacklightOn                           0x080027f1   Thumb Code     8  ili9341.o(i.lcdBacklightOn)
    lcdDrawChar                              0x0800282d   Thumb Code   192  ili9341.o(i.lcdDrawChar)
    lcdDrawHLine                             0x080028f1   Thumb Code    60  ili9341.o(i.lcdDrawHLine)
    lcdDrawLine                              0x08002935   Thumb Code   160  ili9341.o(i.lcdDrawLine)
    lcdDrawPixel                             0x080029d5   Thumb Code    32  ili9341.o(i.lcdDrawPixel)
    lcdDrawVLine                             0x080029fd   Thumb Code    68  ili9341.o(i.lcdDrawVLine)
    lcdFillRGB                               0x08002a49   Thumb Code    44  ili9341.o(i.lcdFillRGB)
    lcdFillRect                              0x08002a7d   Thumb Code    80  ili9341.o(i.lcdFillRect)
    lcdGrid                                  0x08002ad1   Thumb Code   302  ili9341.o(i.lcdGrid)
    lcdGrid_fft                              0x08002bff   Thumb Code   302  ili9341.o(i.lcdGrid_fft)
    lcdHome                                  0x08002d2d   Thumb Code    30  ili9341.o(i.lcdHome)
    lcdInit                                  0x08002d51   Thumb Code   468  ili9341.o(i.lcdInit)
    lcdPlot_center                           0x08002f2d   Thumb Code   130  ili9341.o(i.lcdPlot_center)
    lcdPlot_left                             0x08002fb1   Thumb Code   130  ili9341.o(i.lcdPlot_left)
    lcdPrintf                                0x08003035   Thumb Code   162  ili9341.o(i.lcdPrintf)
    lcdSetCursor                             0x080030e1   Thumb Code    14  ili9341.o(i.lcdSetCursor)
    lcdSetOrientation                        0x080030f5   Thumb Code    88  ili9341.o(i.lcdSetOrientation)
    lcdSetWindow                             0x08003155   Thumb Code    54  ili9341.o(i.lcdSetWindow)
    lcdSquare                                0x08003191   Thumb Code    66  ili9341.o(i.lcdSquare)
    main                                     0x080031d5   Thumb Code   914  main.o(i.main)
    min_max_elems                            0x080035e5   Thumb Code    46  cmsis_my.o(i.min_max_elems)
    Font12_Table                             0x08003612   Data        1140  font12.o(.constdata)
    realCoefAQ15                             0x08003a86   Data       16384  arm_rfft_init_q15.o(.constdata)
    realCoefBQ15                             0x08007a86   Data       16384  arm_rfft_init_q15.o(.constdata)
    arm_cfft_sR_q15_len16                    0x0800ba88   Data          16  arm_const_structs.o(.constdata)
    arm_cfft_sR_q15_len32                    0x0800ba98   Data          16  arm_const_structs.o(.constdata)
    arm_cfft_sR_q15_len64                    0x0800baa8   Data          16  arm_const_structs.o(.constdata)
    arm_cfft_sR_q15_len128                   0x0800bab8   Data          16  arm_const_structs.o(.constdata)
    arm_cfft_sR_q15_len256                   0x0800bac8   Data          16  arm_const_structs.o(.constdata)
    arm_cfft_sR_q15_len512                   0x0800bad8   Data          16  arm_const_structs.o(.constdata)
    arm_cfft_sR_q15_len1024                  0x0800bae8   Data          16  arm_const_structs.o(.constdata)
    arm_cfft_sR_q15_len2048                  0x0800baf8   Data          16  arm_const_structs.o(.constdata)
    arm_cfft_sR_q15_len4096                  0x0800bb08   Data          16  arm_const_structs.o(.constdata)
    twiddleCoef_16_q15                       0x0800bb18   Data          48  arm_common_tables.o(.constdata)
    twiddleCoef_32_q15                       0x0800bb48   Data          96  arm_common_tables.o(.constdata)
    twiddleCoef_64_q15                       0x0800bba8   Data         192  arm_common_tables.o(.constdata)
    twiddleCoef_128_q15                      0x0800bc68   Data         384  arm_common_tables.o(.constdata)
    twiddleCoef_256_q15                      0x0800bde8   Data         768  arm_common_tables.o(.constdata)
    twiddleCoef_512_q15                      0x0800c0e8   Data        1536  arm_common_tables.o(.constdata)
    twiddleCoef_1024_q15                     0x0800c6e8   Data        3072  arm_common_tables.o(.constdata)
    twiddleCoef_2048_q15                     0x0800d2e8   Data        6144  arm_common_tables.o(.constdata)
    twiddleCoef_4096_q15                     0x0800eae8   Data       12288  arm_common_tables.o(.constdata)
    armBitRevIndexTable_fixed_16             0x08011ae8   Data          24  arm_common_tables.o(.constdata)
    armBitRevIndexTable_fixed_32             0x08011b00   Data          48  arm_common_tables.o(.constdata)
    armBitRevIndexTable_fixed_64             0x08011b30   Data         112  arm_common_tables.o(.constdata)
    armBitRevIndexTable_fixed_128            0x08011ba0   Data         224  arm_common_tables.o(.constdata)
    armBitRevIndexTable_fixed_256            0x08011c80   Data         480  arm_common_tables.o(.constdata)
    armBitRevIndexTable_fixed_512            0x08011e60   Data         960  arm_common_tables.o(.constdata)
    armBitRevIndexTable_fixed_1024           0x08012220   Data        1984  arm_common_tables.o(.constdata)
    armBitRevIndexTable_fixed_2048           0x080129e0   Data        3968  arm_common_tables.o(.constdata)
    armBitRevIndexTable_fixed_4096           0x08013960   Data        8064  arm_common_tables.o(.constdata)
    Region$$Table$$Base                      0x080158e0   Number         0  anon$$obj.o(Region$$Table)
    Region$$Table$$Limit                     0x08015900   Number         0  anon$$obj.o(Region$$Table)
    flag_lcd_update_main                     0x20000000   Data           1  main.o(.data)
    status                                   0x20000001   Data           1  main.o(.data)
    j                                        0x20000002   Data           2  main.o(.data)
    maxValue_fft                             0x20000004   Data           2  main.o(.data)
    y_scale                                  0x20000006   Data           2  main.o(.data)
    value_min                                0x20000008   Data           2  main.o(.data)
    value_max                                0x2000000a   Data           2  main.o(.data)
    U_del                                    0x2000000c   Data           4  main.o(.data)
    T                                        0x20000010   Data           4  main.o(.data)
    t_del                                    0x20000014   Data           4  main.o(.data)
    f_del                                    0x20000018   Data           4  main.o(.data)
    Amplitude                                0x2000001c   Data           4  main.o(.data)
    maxIndex_fft                             0x20000020   Data           4  main.o(.data)
    temp_fft                                 0x20000024   Data           4  main.o(.data)
    flag_lcd_update                          0x20000028   Data           1  interrupt.o(.data)
    flag_tim3                                0x20000029   Data           1  interrupt.o(.data)
    flag_tim2                                0x2000002a   Data           1  interrupt.o(.data)
    flag_button                              0x2000002b   Data           1  interrupt.o(.data)
    flag_ADC1                                0x2000002c   Data           1  interrupt.o(.data)
    flag_DMA_ADC1_2                          0x2000002d   Data           1  interrupt.o(.data)
    flag_DMA_ADC3                            0x2000002e   Data           1  interrupt.o(.data)
    ADC1_Counter                             0x2000002f   Data           1  interrupt.o(.data)
    ADC1_data                                0x20000030   Data           2  interrupt.o(.data)
    SysTimer_ms                              0x20000034   Data           4  interrupt.o(.data)
    Delay_ms                                 0x20000038   Data           4  interrupt.o(.data)
    Font12                                   0x2000003c   Data           8  font12.o(.data)
    fft_Dbuff                                0x20000064   Data        4096  main.o(.bss)
    buff_x                                   0x20001064   Data         560  main.o(.bss)
    buff_y                                   0x20001294   Data         560  main.o(.bss)
    S                                        0x200014c4   Data          24  main.o(.bss)
    ADC1_data_avg                            0x200014dc   Data          20  interrupt.o(.bss)
    BUFF_ADC1_2                              0x200014f0   Data         200  interrupt.o(.bss)
    BUFF_ADC3                                0x200015b8   Data        2048  interrupt.o(.bss)
    __initial_sp                             0x200022b8   Data           0  startup_stm32f407xx.o(STACK)



==============================================================================

Memory Map of the image

  Image Entry point : 0x08000249

  Load Region LR_IROM1 (Base: 0x08000000, Size: 0x00015964, Max: 0x00080000, ABSOLUTE)

    Execution Region ER_IROM1 (Exec base: 0x08000000, Load base: 0x08000000, Size: 0x00015900, Max: 0x00080000, ABSOLUTE)

    Exec Addr    Load Addr    Size         Type   Attr      Idx    E Section Name        Object

    0x08000000   0x08000000   0x00000188   Data   RO            3    RESET               startup_stm32f407xx.o
    0x08000188   0x08000188   0x000000c0   Code   RO         1092    . text              arm_cortexM4lf_math.lib(arm_bitreversal2.o)
    0x08000248   0x08000248   0x00000000   Code   RO         1202  * .ARM.Collect$$$$00000000  mc_w.l(entry.o)
    0x08000248   0x08000248   0x00000004   Code   RO         1235    .ARM.Collect$$$$00000001  mc_w.l(entry2.o)
    0x0800024c   0x0800024c   0x00000004   Code   RO         1238    .ARM.Collect$$$$00000004  mc_w.l(entry5.o)
    0x08000250   0x08000250   0x00000000   Code   RO         1240    .ARM.Collect$$$$00000008  mc_w.l(entry7b.o)
    0x08000250   0x08000250   0x00000000   Code   RO         1242    .ARM.Collect$$$$0000000A  mc_w.l(entry8b.o)
    0x08000250   0x08000250   0x00000008   Code   RO         1243    .ARM.Collect$$$$0000000B  mc_w.l(entry9a.o)
    0x08000258   0x08000258   0x00000004   Code   RO         1250    .ARM.Collect$$$$0000000E  mc_w.l(entry12b.o)
    0x0800025c   0x0800025c   0x00000000   Code   RO         1245    .ARM.Collect$$$$0000000F  mc_w.l(entry10a.o)
    0x0800025c   0x0800025c   0x00000000   Code   RO         1247    .ARM.Collect$$$$00000011  mc_w.l(entry11a.o)
    0x0800025c   0x0800025c   0x00000004   Code   RO         1236    .ARM.Collect$$$$00002712  mc_w.l(entry2.o)
    0x08000260   0x08000260   0x00000024   Code   RO            4    .text               startup_stm32f407xx.o
    0x08000284   0x08000284   0x00000086   Code   RO          812    .text               arm_cortexM4lf_math.lib(arm_abs_q15.o)
    0x0800030a   0x0800030a   0x00000002   PAD
    0x0800030c   0x0800030c   0x000000cc   Code   RO          858    .text               arm_cortexM4lf_math.lib(arm_rfft_init_q15.o)
    0x080003d8   0x080003d8   0x0000027a   Code   RO          893    .text               arm_cortexM4lf_math.lib(arm_rfft_q15.o)
    0x08000652   0x08000652   0x00000002   PAD
    0x08000654   0x08000654   0x0000009a   Code   RO          918    .text               arm_cortexM4lf_math.lib(arm_max_q15.o)
    0x080006ee   0x080006ee   0x00000002   PAD
    0x080006f0   0x080006f0   0x00000348   Code   RO          942    .text               arm_cortexM4lf_math.lib(arm_cfft_q15.o)
    0x08000a38   0x08000a38   0x000004de   Code   RO         1044    .text               arm_cortexM4lf_math.lib(arm_cfft_radix4_q15.o)
    0x08000f16   0x08000f16   0x000001d6   Code   RO         1181    .text               arm_cortexM4lf_math.lib(arm_bitreversal.o)
    0x080010ec   0x080010ec   0x00000026   Code   RO         1233    .text               mf_w.l(f2d.o)
    0x08001112   0x08001112   0x0000002c   Code   RO         1254    .text               mc_w.l(uidiv.o)
    0x0800113e   0x0800113e   0x00000062   Code   RO         1256    .text               mc_w.l(uldiv.o)
    0x080011a0   0x080011a0   0x00000000   Code   RO         1258    .text               mc_w.l(iusefp.o)
    0x080011a0   0x080011a0   0x0000014e   Code   RO         1259    .text               mf_w.l(dadd.o)
    0x080012ee   0x080012ee   0x000000e4   Code   RO         1261    .text               mf_w.l(dmul.o)
    0x080013d2   0x080013d2   0x000000de   Code   RO         1263    .text               mf_w.l(ddiv.o)
    0x080014b0   0x080014b0   0x00000030   Code   RO         1265    .text               mf_w.l(dfixul.o)
    0x080014e0   0x080014e0   0x00000030   Code   RO         1267    .text               mf_w.l(cdrcmple.o)
    0x08001510   0x08001510   0x00000024   Code   RO         1269    .text               mc_w.l(init.o)
    0x08001534   0x08001534   0x0000001e   Code   RO         1272    .text               mc_w.l(llshl.o)
    0x08001552   0x08001552   0x00000020   Code   RO         1274    .text               mc_w.l(llushr.o)
    0x08001572   0x08001572   0x00000024   Code   RO         1276    .text               mc_w.l(llsshr.o)
    0x08001596   0x08001596   0x000000ba   Code   RO         1279    .text               mf_w.l(depilogue.o)
    0x08001650   0x08001650   0x000001b0   Code   RO          117    i.ADC1_2_Dual_Init  cmsis_my.o
    0x08001800   0x08001800   0x00000150   Code   RO          119    i.ADC3_Init         cmsis_my.o
    0x08001950   0x08001950   0x00000040   Code   RO          235    i.ADC_IRQHandler    interrupt.o
    0x08001990   0x08001990   0x00000074   Code   RO          120    i.Button_K1_Init    cmsis_my.o
    0x08001a04   0x08001a04   0x00000024   Code   RO          236    i.DMA2_Stream0_IRQHandler  interrupt.o
    0x08001a28   0x08001a28   0x00000024   Code   RO          237    i.DMA2_Stream1_IRQHandler  interrupt.o
    0x08001a4c   0x08001a4c   0x00000020   Code   RO          121    i.DMA_Init          cmsis_my.o
    0x08001a6c   0x08001a6c   0x00000010   Code   RO          238    i.Delay             interrupt.o
    0x08001a7c   0x08001a7c   0x00000040   Code   RO          239    i.EXTI3_IRQHandler  interrupt.o
    0x08001abc   0x08001abc   0x000000c4   Code   RO          122    i.FSMC_Init         cmsis_my.o
    0x08001b80   0x08001b80   0x00000030   Code   RO          123    i.GPIOA6_Init       cmsis_my.o
    0x08001bb0   0x08001bb0   0x00000030   Code   RO          124    i.GPIOA7_Init       cmsis_my.o
    0x08001be0   0x08001be0   0x00000030   Code   RO          125    i.GPIOB1_Init       cmsis_my.o
    0x08001c10   0x08001c10   0x0000001c   Code   RO          241    i.SysTick_Handler   interrupt.o
    0x08001c2c   0x08001c2c   0x00000042   Code   RO          126    i.SysTick_Init      cmsis_my.o
    0x08001c6e   0x08001c6e   0x00000002   PAD
    0x08001c70   0x08001c70   0x000000d4   Code   RO          127    i.Sys_Clock_168MHz  cmsis_my.o
    0x08001d44   0x08001d44   0x00000010   Code   RO          321    i.SystemInit        system_stm32f4xx.o
    0x08001d54   0x08001d54   0x00000038   Code   RO          242    i.TIM2_IRQHandler   interrupt.o
    0x08001d8c   0x08001d8c   0x00000050   Code   RO          128    i.TIM2_Init         cmsis_my.o
    0x08001ddc   0x08001ddc   0x00000038   Code   RO          243    i.TIM3_IRQHandler   interrupt.o
    0x08001e14   0x08001e14   0x00000064   Code   RO          129    i.TIM3_Init         cmsis_my.o
    0x08001e78   0x08001e78   0x00000020   Code   RO          244    i.TIM4_IRQHandler   interrupt.o
    0x08001e98   0x08001e98   0x00000068   Code   RO          130    i.TIM4_Init         cmsis_my.o
    0x08001f00   0x08001f00   0x00000024   Code   RO         1212    i.__0vsprintf       mc_w.l(printfa.o)
    0x08001f24   0x08001f24   0x0000001a   Code   RO          131    i.__NVIC_EnableIRQ  cmsis_my.o
    0x08001f3e   0x08001f3e   0x0000000e   Code   RO         1283    i.__scatterload_copy  mc_w.l(handlers.o)
    0x08001f4c   0x08001f4c   0x00000002   Code   RO         1284    i.__scatterload_null  mc_w.l(handlers.o)
    0x08001f4e   0x08001f4e   0x0000000e   Code   RO         1285    i.__scatterload_zeroinit  mc_w.l(handlers.o)
    0x08001f5c   0x08001f5c   0x00000184   Code   RO         1213    i._fp_digits        mc_w.l(printfa.o)
    0x080020e0   0x080020e0   0x000006b4   Code   RO         1214    i._printf_core      mc_w.l(printfa.o)
    0x08002794   0x08002794   0x00000024   Code   RO         1215    i._printf_post_padding  mc_w.l(printfa.o)
    0x080027b8   0x080027b8   0x0000002e   Code   RO         1216    i._printf_pre_padding  mc_w.l(printfa.o)
    0x080027e6   0x080027e6   0x0000000a   Code   RO         1218    i._sputc            mc_w.l(printfa.o)
    0x080027f0   0x080027f0   0x0000000c   Code   RO          430    i.lcdBacklightOn    ili9341.o
    0x080027fc   0x080027fc   0x00000030   Code   RO          431    i.lcdBuildMemoryAccessControlConfig  ili9341.o
    0x0800282c   0x0800282c   0x000000c4   Code   RO          435    i.lcdDrawChar       ili9341.o
    0x080028f0   0x080028f0   0x00000044   Code   RO          438    i.lcdDrawHLine      ili9341.o
    0x08002934   0x08002934   0x000000a0   Code   RO          440    i.lcdDrawLine       ili9341.o
    0x080029d4   0x080029d4   0x00000028   Code   RO          441    i.lcdDrawPixel      ili9341.o
    0x080029fc   0x080029fc   0x0000004c   Code   RO          445    i.lcdDrawVLine      ili9341.o
    0x08002a48   0x08002a48   0x00000034   Code   RO          448    i.lcdFillRGB        ili9341.o
    0x08002a7c   0x08002a7c   0x00000054   Code   RO          449    i.lcdFillRect       ili9341.o
    0x08002ad0   0x08002ad0   0x0000012e   Code   RO          458    i.lcdGrid           ili9341.o
    0x08002bfe   0x08002bfe   0x0000012e   Code   RO          459    i.lcdGrid_fft       ili9341.o
    0x08002d2c   0x08002d2c   0x00000024   Code   RO          460    i.lcdHome           ili9341.o
    0x08002d50   0x08002d50   0x000001dc   Code   RO          461    i.lcdInit           ili9341.o
    0x08002f2c   0x08002f2c   0x00000082   Code   RO          464    i.lcdPlot_center    ili9341.o
    0x08002fae   0x08002fae   0x00000002   PAD
    0x08002fb0   0x08002fb0   0x00000082   Code   RO          465    i.lcdPlot_left      ili9341.o
    0x08003032   0x08003032   0x00000002   PAD
    0x08003034   0x08003034   0x000000ac   Code   RO          466    i.lcdPrintf         ili9341.o
    0x080030e0   0x080030e0   0x00000014   Code   RO          468    i.lcdSetCursor      ili9341.o
    0x080030f4   0x080030f4   0x00000060   Code   RO          469    i.lcdSetOrientation  ili9341.o
    0x08003154   0x08003154   0x0000003c   Code   RO          473    i.lcdSetWindow      ili9341.o
    0x08003190   0x08003190   0x00000042   Code   RO          474    i.lcdSquare         ili9341.o
    0x080031d2   0x080031d2   0x00000002   PAD
    0x080031d4   0x080031d4   0x00000410   Code   RO           13    i.main              main.o
    0x080035e4   0x080035e4   0x0000002e   Code   RO          132    i.min_max_elems     cmsis_my.o
    0x08003612   0x08003612   0x00000474   Data   RO          369    .constdata          font12.o
    0x08003a86   0x08003a86   0x00008000   Data   RO          859    .constdata          arm_cortexM4lf_math.lib(arm_rfft_init_q15.o)
    0x0800ba86   0x0800ba86   0x00000002   PAD
    0x0800ba88   0x0800ba88   0x00000010   Data   RO          985    .constdata          arm_cortexM4lf_math.lib(arm_const_structs.o)
    0x0800ba98   0x0800ba98   0x00000010   Data   RO          986    .constdata          arm_cortexM4lf_math.lib(arm_const_structs.o)
    0x0800baa8   0x0800baa8   0x00000010   Data   RO          987    .constdata          arm_cortexM4lf_math.lib(arm_const_structs.o)
    0x0800bab8   0x0800bab8   0x00000010   Data   RO          988    .constdata          arm_cortexM4lf_math.lib(arm_const_structs.o)
    0x0800bac8   0x0800bac8   0x00000010   Data   RO          989    .constdata          arm_cortexM4lf_math.lib(arm_const_structs.o)
    0x0800bad8   0x0800bad8   0x00000010   Data   RO          990    .constdata          arm_cortexM4lf_math.lib(arm_const_structs.o)
    0x0800bae8   0x0800bae8   0x00000010   Data   RO          991    .constdata          arm_cortexM4lf_math.lib(arm_const_structs.o)
    0x0800baf8   0x0800baf8   0x00000010   Data   RO          992    .constdata          arm_cortexM4lf_math.lib(arm_const_structs.o)
    0x0800bb08   0x0800bb08   0x00000010   Data   RO          993    .constdata          arm_cortexM4lf_math.lib(arm_const_structs.o)
    0x0800bb18   0x0800bb18   0x00000030   Data   RO         1118    .constdata          arm_cortexM4lf_math.lib(arm_common_tables.o)
    0x0800bb48   0x0800bb48   0x00000060   Data   RO         1119    .constdata          arm_cortexM4lf_math.lib(arm_common_tables.o)
    0x0800bba8   0x0800bba8   0x000000c0   Data   RO         1120    .constdata          arm_cortexM4lf_math.lib(arm_common_tables.o)
    0x0800bc68   0x0800bc68   0x00000180   Data   RO         1121    .constdata          arm_cortexM4lf_math.lib(arm_common_tables.o)
    0x0800bde8   0x0800bde8   0x00000300   Data   RO         1122    .constdata          arm_cortexM4lf_math.lib(arm_common_tables.o)
    0x0800c0e8   0x0800c0e8   0x00000600   Data   RO         1123    .constdata          arm_cortexM4lf_math.lib(arm_common_tables.o)
    0x0800c6e8   0x0800c6e8   0x00000c00   Data   RO         1124    .constdata          arm_cortexM4lf_math.lib(arm_common_tables.o)
    0x0800d2e8   0x0800d2e8   0x00001800   Data   RO         1125    .constdata          arm_cortexM4lf_math.lib(arm_common_tables.o)
    0x0800eae8   0x0800eae8   0x00003000   Data   RO         1126    .constdata          arm_cortexM4lf_math.lib(arm_common_tables.o)
    0x08011ae8   0x08011ae8   0x00000018   Data   RO         1138    .constdata          arm_cortexM4lf_math.lib(arm_common_tables.o)
    0x08011b00   0x08011b00   0x00000030   Data   RO         1139    .constdata          arm_cortexM4lf_math.lib(arm_common_tables.o)
    0x08011b30   0x08011b30   0x00000070   Data   RO         1140    .constdata          arm_cortexM4lf_math.lib(arm_common_tables.o)
    0x08011ba0   0x08011ba0   0x000000e0   Data   RO         1141    .constdata          arm_cortexM4lf_math.lib(arm_common_tables.o)
    0x08011c80   0x08011c80   0x000001e0   Data   RO         1142    .constdata          arm_cortexM4lf_math.lib(arm_common_tables.o)
    0x08011e60   0x08011e60   0x000003c0   Data   RO         1143    .constdata          arm_cortexM4lf_math.lib(arm_common_tables.o)
    0x08012220   0x08012220   0x000007c0   Data   RO         1144    .constdata          arm_cortexM4lf_math.lib(arm_common_tables.o)
    0x080129e0   0x080129e0   0x00000f80   Data   RO         1145    .constdata          arm_cortexM4lf_math.lib(arm_common_tables.o)
    0x08013960   0x08013960   0x00001f80   Data   RO         1146    .constdata          arm_cortexM4lf_math.lib(arm_common_tables.o)
    0x080158e0   0x080158e0   0x00000020   Data   RO         1281    Region$$Table       anon$$obj.o


    Execution Region RW_IRAM1 (Exec base: 0x20000000, Load base: 0x08015900, Size: 0x000022b8, Max: 0x0001c000, ABSOLUTE)

    Exec Addr    Load Addr    Size         Type   Attr      Idx    E Section Name        Object

    0x20000000   0x08015900   0x00000028   Data   RW           20    .data               main.o
    0x20000028   0x08015928   0x00000014   Data   RW          249    .data               interrupt.o
    0x2000003c   0x0801593c   0x00000008   Data   RW          370    .data               font12.o
    0x20000044   0x08015944   0x00000020   Data   RW          479    .data               ili9341.o
    0x20000064        -       0x00001478   Zero   RW           14    .bss                main.o
    0x200014dc        -       0x00000014   Zero   RW          245    .bss                interrupt.o
    0x200014f0        -       0x000000c8   Zero   RW          246    .bss                interrupt.o
    0x200015b8        -       0x00000800   Zero   RW          247    .bss                interrupt.o
    0x20001db8        -       0x00000100   Zero   RW          478    .bss                ili9341.o
    0x20001eb8        -       0x00000400   Zero   RW            1    STACK               startup_stm32f407xx.o


    Execution Region RW_IRAM2 (Exec base: 0x2001c000, Load base: 0x08015964, Size: 0x00000000, Max: 0x00004000, ABSOLUTE)

    **** No section assigned to this execution region ****


==============================================================================

Image component sizes


      Code (inc. data)   RO Data    RW Data    ZI Data      Debug   Object Name

      1890        174          0          0          0      39062   cmsis_my.o
         0          0       1140          8          0       1144   font12.o
         0          0          0          0          0        577   font16.o
      2526         88          0         32        256      24178   ili9341.o
       388         78          0         20       2268       5796   interrupt.o
      1040        126          0         40       5240     580498   main.o
        36          8        392          0       1024        880   startup_stm32f407xx.o
        16          4          0          0          0        513   system_stm32f4xx.o

    ----------------------------------------------------------------------
      5904        478       1564        100       8788     652648   Object Totals
         0          0         32          0          0          0   (incl. Generated)
         8          0          0          0          0          0   (incl. Padding)

    ----------------------------------------------------------------------

      Code (inc. data)   RO Data    RW Data    ZI Data      Debug   Library Member Name

       134          0          0          0          0      17546   arm_abs_q15.o
       470          0          0          0          0       3046   arm_bitreversal.o
       192          0          0          0          0        572   arm_bitreversal2.o
       840          0          0          0          0       4499   arm_cfft_q15.o
      1246          0          0          0          0       3872   arm_cfft_radix4_q15.o
         0          0      40392          0          0       4704   arm_common_tables.o
         0          0        144          0          0       4212   arm_const_structs.o
       154          0          0          0          0       1626   arm_max_q15.o
       204         40      32768          0          0       1660   arm_rfft_init_q15.o
       634          0          0          0          0       3756   arm_rfft_q15.o
         0          0          0          0          0          0   entry.o
         0          0          0          0          0          0   entry10a.o
         0          0          0          0          0          0   entry11a.o
         4          0          0          0          0          0   entry12b.o
         8          4          0          0          0          0   entry2.o
         4          0          0          0          0          0   entry5.o
         0          0          0          0          0          0   entry7b.o
         0          0          0          0          0          0   entry8b.o
         8          4          0          0          0          0   entry9a.o
        30          0          0          0          0          0   handlers.o
        36          8          0          0          0         68   init.o
         0          0          0          0          0          0   iusefp.o
        30          0          0          0          0         68   llshl.o
        36          0          0          0          0         68   llsshr.o
        32          0          0          0          0         68   llushr.o
      2232         86          0          0          0        528   printfa.o
        44          0          0          0          0         80   uidiv.o
        98          0          0          0          0         92   uldiv.o
        48          0          0          0          0         68   cdrcmple.o
       334          0          0          0          0        148   dadd.o
       222          0          0          0          0        100   ddiv.o
       186          0          0          0          0        176   depilogue.o
        48          0          0          0          0         68   dfixul.o
       228          0          0          0          0         96   dmul.o
        38          0          0          0          0         68   f2d.o

    ----------------------------------------------------------------------
      7546        142      73306          0          0      47189   Library Totals
         6          0          2          0          0          0   (incl. Padding)

    ----------------------------------------------------------------------

      Code (inc. data)   RO Data    RW Data    ZI Data      Debug   Library Name

      3874         40      73304          0          0      45493   arm_cortexM4lf_math.lib
      2562        102          0          0          0        972   mc_w.l
      1104          0          0          0          0        724   mf_w.l

    ----------------------------------------------------------------------
      7546        142      73306          0          0      47189   Library Totals

    ----------------------------------------------------------------------

==============================================================================


      Code (inc. data)   RO Data    RW Data    ZI Data      Debug   

     13450        620      74870        100       8788     694109   Grand Totals
     13450        620      74870        100       8788     694109   ELF Image Totals
     13450        620      74870        100          0          0   ROM Totals

==============================================================================

    Total RO  Size (Code + RO Data)                88320 (  86.25kB)
    Total RW  Size (RW Data + ZI Data)              8888 (   8.68kB)
    Total ROM Size (Code + RO Data + RW Data)      88420 (  86.35kB)

==============================================================================

