<html>
<body>
<pre>
<h1>µVision Build Log</h1>
<h2>Tool Versions:</h2>
IDE-Version: µVision V5.36.0.0
Copyright (C) 2021 ARM Ltd and ARM Germany GmbH. All rights reserved.
License Information: asd asfg, asd, LIC=HN0AE-5Y6SL-EVL1R-KDNY1-2EWB2-S9HL9
 
Tool Versions:
Toolchain:       MDK-ARM Plus  Version: 5.36.0.0
Toolchain Path:  C:\Keil_v5\ARM\ARMCC\Bin
C Compiler:      Armcc.exe V5.06 update 7 (build 960)
Assembler:       Armasm.exe V5.06 update 7 (build 960)
Linker/Locator:  ArmLink.exe V5.06 update 7 (build 960)
Library Manager: ArmAr.exe V5.06 update 7 (build 960)
Hex Converter:   FromElf.exe V5.06 update 7 (build 960)
CPU DLL:         SARMCM3.DLL V5.36.0.0
Dialog DLL:      DCM.DLL V1.17.3.0
Target DLL:      STLink\ST-LINKIII-KEIL_SWO.dll V3.0.9.0
Dialog DLL:      TCM.DLL V1.53.0.0
 
<h2>Project:</h2>
C:\Users\retin\Desktop\My_Git\STM32F407_Oscilloscope\CMSIS_Project_stm32F407VET6\MDK-ARM\CMSIS_Project_stm32F407VET6.uvprojx
Project File Date:  08/12/2022

<h2>Output:</h2>
*** Using Compiler 'V5.06 update 7 (build 960)', folder: 'C:\Keil_v5\ARM\ARMCC\Bin'
Rebuild target 'CMSIS_Project_stm32F407VET6'
compiling font8.c...
compiling font16.c...
assembling startup_stm32f407xx.s...
compiling font12.c...
compiling font20.c...
compiling font24.c...
compiling CMSIS_My.c...
CMSIS_My.c(265): warning:  #61-D: integer operation result is out of range
    |(3 << GPIO_OSPEEDR_OSPEED14_Pos)|(3 << GPIO_OSPEEDR_OSPEED15_Pos);
CMSIS_My.c(268): warning:  #61-D: integer operation result is out of range
    |(2 << GPIO_MODER_MODE15_Pos); //AF mode
CMSIS_My.c(275): warning:  #61-D: integer operation result is out of range
    |(3 << GPIO_OSPEEDR_OSPEED11_Pos)|(3 << GPIO_OSPEEDR_OSPEED12_Pos)|(3 << GPIO_OSPEEDR_OSPEED13_Pos)|(3 << GPIO_OSPEEDR_OSPEED14_Pos)|(3 << GPIO_OSPEEDR_OSPEED15_Pos);
CMSIS_My.c(277): warning:  #61-D: integer operation result is out of range
    |(2 << GPIO_MODER_MODE12_Pos)|(2 << GPIO_MODER_MODE13_Pos)|(2 << GPIO_MODER_MODE14_Pos)|(2 << GPIO_MODER_MODE15_Pos);
CMSIS_My.c: 4 warnings, 0 errors
compiling system_stm32f4xx.c...
compiling lcd_ili9341.c...
compiling main.c...
compiling Interrupt.c...
compiling ili9341.c...
ILI9341\ili9341.c(263): warning:  #186-D: pointless comparison of unsigned integer with zero
      if ((x < 0) || (y < 0) || (x >= lcdProperties.width) || (y >= lcdProperties.height))
ILI9341\ili9341.c(263): warning:  #186-D: pointless comparison of unsigned integer with zero
      if ((x < 0) || (y < 0) || (x >= lcdProperties.width) || (y >= lcdProperties.height))
ILI9341\ili9341.c(1131): warning:  #186-D: pointless comparison of unsigned integer with zero
      if ((x < 0) || (y < 0) || (x >= lcdProperties.width) || (y >= lcdProperties.height))
ILI9341\ili9341.c(1131): warning:  #186-D: pointless comparison of unsigned integer with zero
      if ((x < 0) || (y < 0) || (x >= lcdProperties.width) || (y >= lcdProperties.height))
ILI9341\ili9341.c: 4 warnings, 0 errors
linking...
Program Size: Code=3542 RO-data=1566 RW-data=68 ZI-data=2980  
FromELF: creating hex file...
"CMSIS_Project_stm32F407VET6\CMSIS_Project_stm32F407VET6.axf" - 0 Error(s), 8 Warning(s).

<h2>Software Packages used:</h2>

Package Vendor: ARM
                http://www.keil.com/pack/ARM.CMSIS.5.9.0.pack
                ARM.CMSIS.5.9.0
                CMSIS (Common Microcontroller Software Interface Standard)
   * Component: CORE Version: 5.6.0

Package Vendor: Keil
                http://www.keil.com/pack/Keil.STM32F4xx_DFP.2.16.0.pack
                Keil.STM32F4xx_DFP.2.16.0
                STMicroelectronics STM32F4 Series Device Support, Drivers and Examples

<h2>Collection of Component include folders:</h2>
  .\RTE\_CMSIS_Project_stm32F407VET6
  C:\Users\retin\AppData\Local\Arm\Packs\ARM\CMSIS\5.9.0\CMSIS\Core\Include
  C:\Users\retin\AppData\Local\Arm\Packs\Keil\STM32F4xx_DFP\2.16.0\Drivers\CMSIS\Device\ST\STM32F4xx\Include

<h2>Collection of Component Files used:</h2>

   * Component: ARM::CMSIS:CORE:5.6.0
      Include file:  CMSIS\Core\Include\tz_context.h
Build Time Elapsed:  00:00:03
</pre>
</body>
</html>
